#
# There is insufficient memory for the Java Runtime Environment to continue.
# Native memory allocation (mmap) failed to map 8589934592 bytes. Error detail: committing reserved memory.
# Possible reasons:
#   The system is out of physical RAM or swap space
#   This process is running with CompressedOops enabled, and the Java Heap may be blocking the growth of the native heap
# Possible solutions:
#   Reduce memory load on the system
#   Increase physical memory or swap space
#   Check if swap backing store is full
#   Decrease Java heap size (-Xmx/-Xms)
#   Decrease number of Java threads
#   Decrease Java thread stack sizes (-Xss)
#   Set larger code cache with -XX:ReservedCodeCacheSize=
#   JVM is running with Zero Based Compressed Oops mode in which the Java heap is
#     placed in the first 32GB address space. The Java Heap base address is the
#     maximum limit for the native heap growth. Please use -XX:HeapBaseMinAddress
#     to set the Java Heap base and to place the Java Heap above 32GB virtual address.
# This output file may be truncated or incomplete.
#
#  Out of Memory Error (os_linux.cpp:2827), pid=8873, tid=8874
#
# JRE version:  (21.0.8+9) (build )
# Java VM: OpenJDK 64-Bit Server VM (21.0.8+9-Ubuntu-0ubuntu124.04.1, mixed mode, sharing, tiered, compressed oops, compressed class ptrs, g1 gc, linux-amd64)
# Core dump will be written. Default location: Core dumps may be processed with "/usr/share/apport/apport -p%p -s%s -c%c -d%d -P%P -u%u -g%g -F%F -- %E" (or dumping to /home/ubuntu/2025Minecraft/Ally/core.8873)
#

---------------  S U M M A R Y ------------

Command Line: -Xmx8G -Xms8G fabric-server-mc.1.21.8-loader.0.17.2-launcher.1.1.0.jar nogui

Host: Intel(R) Xeon(R) Platinum 8488C, 2 cores, 7G, Ubuntu 24.04.3 LTS
Time: Wed Sep 17 17:34:34 2025 UTC elapsed time: 0.073648 seconds (0d 0h 0m 0s)

---------------  T H R E A D  ---------------

Current thread (0x00007644e0018b60):  JavaThread "Unknown thread" [_thread_in_vm, id=8874, stack(0x00007644e6100000,0x00007644e6200000) (1024K)]

Stack: [0x00007644e6100000,0x00007644e6200000],  sp=0x00007644e61fe500,  free space=1017k
Native frames: (J=compiled Java code, j=interpreted, Vv=VM code, C=native code)
V  [libjvm.so+0x10197ab]  VMError::report_and_die(int, char const*, char const*, __va_list_tag*, Thread*, unsigned char*, void*, void*, char const*, int, unsigned long)+0x27b  (os_linux.cpp:2827)
V  [libjvm.so+0x101a211]
V  [libjvm.so+0x6b28c1]
V  [libjvm.so+0xd0125d]  os::pd_commit_memory_or_exit(char*, unsigned long, unsigned long, bool, char const*)+0xdd
V  [libjvm.so+0xcfac8f]  os::commit_memory_or_exit(char*, unsigned long, unsigned long, bool, char const*)+0x1f
V  [libjvm.so+0x813ecb]  G1PageBasedVirtualSpace::commit(unsigned long, unsigned long)+0x5b
V  [libjvm.so+0x82a53b]  G1RegionsLargerThanCommitSizeMapper::commit_regions(unsigned int, unsigned long, WorkerThreads*)+0xab
V  [libjvm.so+0x8baeaa]  HeapRegionManager::commit_regions(unsigned int, unsigned long, WorkerThreads*)+0x5a
V  [libjvm.so+0x8bcb4f]  HeapRegionManager::expand(unsigned int, unsigned int, WorkerThreads*)+0x2f
V  [libjvm.so+0x8bcd65]  HeapRegionManager::expand_by(unsigned int, WorkerThreads*)+0x75
V  [libjvm.so+0x7c965c]  G1CollectedHeap::expand(unsigned long, WorkerThreads*, double*)+0xfc
V  [libjvm.so+0x7c9bf3]  G1CollectedHeap::initialize()+0x543
V  [libjvm.so+0xfbc269]  universe_init()+0xd9
V  [libjvm.so+0x8db01a]  init_globals()+0x3a
V  [libjvm.so+0xf9b368]  Threads::create_vm(JavaVMInitArgs*, bool*)+0x278
V  [libjvm.so+0x9b5813]  JNI_CreateJavaVM+0x53
C  [libjli.so+0x4673]  JavaMain+0x93
C  [libjli.so+0x846d]  ThreadJavaMain+0xd
C  [libc.so.6+0x9caa4]

---------------  P R O C E S S  ---------------

Threads class SMR info:
_java_thread_list=0x00007644e7b4d000, length=0, elements={
}

Java Threads: ( => current thread )
Total: 0

Other Threads:
  0x00007644e00428a0 WorkerThread "GC Thread#0"                     [id=8875, stack(0x00007644e5c28000,0x00007644e5d28000) (1024K)]
  0x00007644e0053e70 ConcurrentGCThread "G1 Main Marker"            [id=8876, stack(0x00007644e4b00000,0x00007644e4c00000) (1024K)]
  0x00007644e0054e20 WorkerThread "G1 Conc#0"                       [id=8877, stack(0x00007644e49ff000,0x00007644e4aff000) (1024K)]

[error occurred during error reporting (printing all threads), id 0xb, SIGSEGV (0xb) at pc=0x00007644e6de4a24]
VM state: not at safepoint (not fully initialized)

VM Mutex/Monitor currently owned by a thread:  ([mutex/lock_event])
[0x00007644e7b26d10] Heap_lock - owner thread: 0x00007644e0018b60

Heap address: 0x0000000600000000, size: 8192 MB, Compressed Oops mode: Zero based, Oop shift amount: 3

CDS archive(s) mapped at: [0x0000000000000000-0x0000000000000000-0x0000000000000000), size 0, SharedBaseAddress: 0x0000000800000000, ArchiveRelocationMode: 1.
Narrow klass base: 0x0000000000000000, Narrow klass shift: 0, Narrow klass range: 0x0

GC Precious Log:
 CardTable entry size: 512
 Card Set container configuration: InlinePtr #cards 4 size 8 Array Of Cards #cards 32 size 80 Howl #buckets 8 coarsen threshold 7372 Howl Bitmap #cards 1024 size 144 coarsen threshold 921 Card regions per heap region 1 cards per card region 8192

Heap:
 garbage-first heap   total 0K, used 0K [0x0000000600000000, 0x0000000800000000)
  region size 4096K, 0 young (0K), 0 survivors (0K)

[error occurred during error reporting (printing heap information), id 0xb, SIGSEGV (0xb) at pc=0x00007644e73ad7de]
GC Heap History (0 events):
No events

Dll operation events (1 events):
Event: 0.048 Loaded shared library /usr/lib/jvm/java-21-openjdk-amd64/lib/libjava.so

Deoptimization events (0 events):
No events

Classes loaded (0 events):
No events

Classes unloaded (0 events):
No events

Classes redefined (0 events):
No events

Internal exceptions (0 events):
No events

ZGC Phase Switch (0 events):
No events

VM Operations (0 events):
No events

Memory protections (1 events):
Event: 0.037 Protecting memory [0x00007644e6100000,0x00007644e6104000] with protection modes 0

Nmethod flushes (0 events):
No events

Events (0 events):
No events


Dynamic libraries:
600000000-800000000 ---p 00000000 00:00 0 
61a4f8164000-61a4f8165000 r--p 00000000 103:01 278098                    /usr/lib/jvm/java-21-openjdk-amd64/bin/java
61a4f8165000-61a4f8166000 r-xp 00001000 103:01 278098                    /usr/lib/jvm/java-21-openjdk-amd64/bin/java
61a4f8166000-61a4f8167000 r--p 00002000 103:01 278098                    /usr/lib/jvm/java-21-openjdk-amd64/bin/java
61a4f8167000-61a4f8168000 r--p 00002000 103:01 278098                    /usr/lib/jvm/java-21-openjdk-amd64/bin/java
61a4f8168000-61a4f8169000 rw-p 00003000 103:01 278098                    /usr/lib/jvm/java-21-openjdk-amd64/bin/java
61a511aa2000-61a511ae9000 rw-p 00000000 00:00 0                          [heap]
7644b0000000-7644b0021000 rw-p 00000000 00:00 0 
7644b0021000-7644b4000000 ---p 00000000 00:00 0 
7644b4000000-7644b4021000 rw-p 00000000 00:00 0 
7644b4021000-7644b8000000 ---p 00000000 00:00 0 
7644b8000000-7644b8021000 rw-p 00000000 00:00 0 
7644b8021000-7644bc000000 ---p 00000000 00:00 0 
7644bd800000-7644bf800000 rw-p 00000000 00:00 0 
7644bf800000-7644c8800000 ---p 00000000 00:00 0 
7644c8800000-7644c8a70000 rwxp 00000000 00:00 0 
7644c8a70000-7644cfd38000 ---p 00000000 00:00 0 
7644cfd38000-7644cffa8000 rwxp 00000000 00:00 0 
7644cffa8000-7644d02c7000 ---p 00000000 00:00 0 
7644d02c7000-7644d0537000 rwxp 00000000 00:00 0 
7644d0537000-7644d7800000 ---p 00000000 00:00 0 
7644d7800000-7644dfe2a000 r--s 00000000 103:01 278248                    /usr/lib/jvm/java-21-openjdk-amd64/lib/modules
7644e0000000-7644e0087000 rw-p 00000000 00:00 0 
7644e0087000-7644e4000000 ---p 00000000 00:00 0 
7644e4397000-7644e49fe000 rw-p 00000000 00:00 0 
7644e49fe000-7644e49ff000 ---p 00000000 00:00 0 
7644e49ff000-7644e4aff000 rw-p 00000000 00:00 0 
7644e4aff000-7644e4b00000 ---p 00000000 00:00 0 
7644e4b00000-7644e4c00000 rw-p 00000000 00:00 0 
7644e4c00000-7644e5c00000 ---p 00000000 00:00 0 
7644e5c27000-7644e5c28000 ---p 00000000 00:00 0 
7644e5c28000-7644e5d28000 rw-p 00000000 00:00 0 
7644e5d28000-7644e5f2f000 rw-p 00000000 00:00 0 
7644e5f2f000-7644e6015000 ---p 00000000 00:00 0 
7644e6015000-7644e601a000 rw-p 00000000 00:00 0 
7644e601a000-7644e6100000 ---p 00000000 00:00 0 
7644e6100000-7644e6104000 ---p 00000000 00:00 0 
7644e6104000-7644e6200000 rw-p 00000000 00:00 0 
7644e6200000-7644e629d000 r--p 00000000 103:01 6482                      /usr/lib/x86_64-linux-gnu/libstdc++.so.6.0.33
7644e629d000-7644e63e5000 r-xp 0009d000 103:01 6482                      /usr/lib/x86_64-linux-gnu/libstdc++.so.6.0.33
7644e63e5000-7644e646c000 r--p 001e5000 103:01 6482                      /usr/lib/x86_64-linux-gnu/libstdc++.so.6.0.33
7644e646c000-7644e6477000 r--p 0026b000 103:01 6482                      /usr/lib/x86_64-linux-gnu/libstdc++.so.6.0.33
7644e6477000-7644e647a000 rw-p 00276000 103:01 6482                      /usr/lib/x86_64-linux-gnu/libstdc++.so.6.0.33
7644e647a000-7644e647e000 rw-p 00000000 00:00 0 
7644e64d6000-7644e6517000 rw-p 00000000 00:00 0 
7644e6517000-7644e6527000 r--p 00000000 103:01 6491                      /usr/lib/x86_64-linux-gnu/libm.so.6
7644e6527000-7644e65a6000 r-xp 00010000 103:01 6491                      /usr/lib/x86_64-linux-gnu/libm.so.6
7644e65a6000-7644e65fe000 r--p 0008f000 103:01 6491                      /usr/lib/x86_64-linux-gnu/libm.so.6
7644e65fe000-7644e65ff000 r--p 000e7000 103:01 6491                      /usr/lib/x86_64-linux-gnu/libm.so.6
7644e65ff000-7644e6600000 rw-p 000e8000 103:01 6491                      /usr/lib/x86_64-linux-gnu/libm.so.6
7644e6600000-7644e68a2000 r--p 00000000 103:01 524294                    /usr/lib/jvm/java-21-openjdk-amd64/lib/server/libjvm.so
7644e68a2000-7644e7717000 r-xp 002a2000 103:01 524294                    /usr/lib/jvm/java-21-openjdk-amd64/lib/server/libjvm.so
7644e7717000-7644e79f1000 r--p 01117000 103:01 524294                    /usr/lib/jvm/java-21-openjdk-amd64/lib/server/libjvm.so
7644e79f1000-7644e7ac5000 r--p 013f0000 103:01 524294                    /usr/lib/jvm/java-21-openjdk-amd64/lib/server/libjvm.so
7644e7ac5000-7644e7af5000 rw-p 014c4000 103:01 524294                    /usr/lib/jvm/java-21-openjdk-amd64/lib/server/libjvm.so
7644e7af5000-7644e7b5b000 rw-p 00000000 00:00 0 
7644e7b7a000-7644e7c00000 rw-p 00000000 00:00 0 
7644e7c00000-7644e7c28000 r--p 00000000 103:01 6488                      /usr/lib/x86_64-linux-gnu/libc.so.6
7644e7c28000-7644e7db0000 r-xp 00028000 103:01 6488                      /usr/lib/x86_64-linux-gnu/libc.so.6
7644e7db0000-7644e7dff000 r--p 001b0000 103:01 6488                      /usr/lib/x86_64-linux-gnu/libc.so.6
7644e7dff000-7644e7e03000 r--p 001fe000 103:01 6488                      /usr/lib/x86_64-linux-gnu/libc.so.6
7644e7e03000-7644e7e05000 rw-p 00202000 103:01 6488                      /usr/lib/x86_64-linux-gnu/libc.so.6
7644e7e05000-7644e7e12000 rw-p 00000000 00:00 0 
7644e7e25000-7644e7e2a000 rw-p 00000000 00:00 0 
7644e7e2a000-7644e7e31000 ---p 00000000 00:00 0 
7644e7e31000-7644e7e3e000 r--p 00000000 103:01 278225                    /usr/lib/jvm/java-21-openjdk-amd64/lib/libjava.so
7644e7e3e000-7644e7e4d000 r-xp 0000d000 103:01 278225                    /usr/lib/jvm/java-21-openjdk-amd64/lib/libjava.so
7644e7e4d000-7644e7e52000 r--p 0001c000 103:01 278225                    /usr/lib/jvm/java-21-openjdk-amd64/lib/libjava.so
7644e7e52000-7644e7e53000 r--p 00021000 103:01 278225                    /usr/lib/jvm/java-21-openjdk-amd64/lib/libjava.so
7644e7e53000-7644e7e54000 rw-p 00022000 103:01 278225                    /usr/lib/jvm/java-21-openjdk-amd64/lib/libjava.so
7644e7e54000-7644e7e55000 rw-p 00000000 00:00 0 
7644e7e55000-7644e7e5d000 rw-s 00000000 103:01 556865                    /tmp/hsperfdata_ubuntu/8873
7644e7e5d000-7644e7e5f000 r--p 00000000 103:01 278228                    /usr/lib/jvm/java-21-openjdk-amd64/lib/libjimage.so
7644e7e5f000-7644e7e62000 r-xp 00002000 103:01 278228                    /usr/lib/jvm/java-21-openjdk-amd64/lib/libjimage.so
7644e7e62000-7644e7e63000 r--p 00005000 103:01 278228                    /usr/lib/jvm/java-21-openjdk-amd64/lib/libjimage.so
7644e7e63000-7644e7e64000 r--p 00006000 103:01 278228                    /usr/lib/jvm/java-21-openjdk-amd64/lib/libjimage.so
7644e7e64000-7644e7e65000 rw-p 00007000 103:01 278228                    /usr/lib/jvm/java-21-openjdk-amd64/lib/libjimage.so
7644e7e65000-7644e7e69000 r--p 00000000 103:01 6483                      /usr/lib/x86_64-linux-gnu/libgcc_s.so.1
7644e7e69000-7644e7e8d000 r-xp 00004000 103:01 6483                      /usr/lib/x86_64-linux-gnu/libgcc_s.so.1
7644e7e8d000-7644e7e91000 r--p 00028000 103:01 6483                      /usr/lib/x86_64-linux-gnu/libgcc_s.so.1
7644e7e91000-7644e7e92000 r--p 0002b000 103:01 6483                      /usr/lib/x86_64-linux-gnu/libgcc_s.so.1
7644e7e92000-7644e7e93000 rw-p 0002c000 103:01 6483                      /usr/lib/x86_64-linux-gnu/libgcc_s.so.1
7644e7e93000-7644e7e95000 rw-p 00000000 00:00 0 
7644e7e95000-7644e7e97000 r--p 00000000 103:01 278229                    /usr/lib/jvm/java-21-openjdk-amd64/lib/libjli.so
7644e7e97000-7644e7ea1000 r-xp 00002000 103:01 278229                    /usr/lib/jvm/java-21-openjdk-amd64/lib/libjli.so
7644e7ea1000-7644e7ea4000 r--p 0000c000 103:01 278229                    /usr/lib/jvm/java-21-openjdk-amd64/lib/libjli.so
7644e7ea4000-7644e7ea5000 r--p 0000f000 103:01 278229                    /usr/lib/jvm/java-21-openjdk-amd64/lib/libjli.so
7644e7ea5000-7644e7ea6000 rw-p 00010000 103:01 278229                    /usr/lib/jvm/java-21-openjdk-amd64/lib/libjli.so
7644e7ea6000-7644e7ea8000 r--p 00000000 103:01 5152                      /usr/lib/x86_64-linux-gnu/libz.so.1.3
7644e7ea8000-7644e7eba000 r-xp 00002000 103:01 5152                      /usr/lib/x86_64-linux-gnu/libz.so.1.3
7644e7eba000-7644e7ec0000 r--p 00014000 103:01 5152                      /usr/lib/x86_64-linux-gnu/libz.so.1.3
7644e7ec0000-7644e7ec1000 r--p 0001a000 103:01 5152                      /usr/lib/x86_64-linux-gnu/libz.so.1.3
7644e7ec1000-7644e7ec2000 rw-p 0001b000 103:01 5152                      /usr/lib/x86_64-linux-gnu/libz.so.1.3
7644e7ec6000-7644e7ec7000 ---p 00000000 00:00 0 
7644e7ec7000-7644e7ec8000 r--p 00000000 00:00 0 
7644e7ec8000-7644e7ec9000 ---p 00000000 00:00 0 
7644e7ec9000-7644e7ecb000 rw-p 00000000 00:00 0 
7644e7ecb000-7644e7ecd000 r--p 00000000 00:00 0                          [vvar]
7644e7ecd000-7644e7ecf000 r--p 00000000 00:00 0                          [vvar_vclock]
7644e7ecf000-7644e7ed1000 r-xp 00000000 00:00 0                          [vdso]
7644e7ed1000-7644e7ed2000 r--p 00000000 103:01 6485                      /usr/lib/x86_64-linux-gnu/ld-linux-x86-64.so.2
7644e7ed2000-7644e7efd000 r-xp 00001000 103:01 6485                      /usr/lib/x86_64-linux-gnu/ld-linux-x86-64.so.2
7644e7efd000-7644e7f07000 r--p 0002c000 103:01 6485                      /usr/lib/x86_64-linux-gnu/ld-linux-x86-64.so.2
7644e7f07000-7644e7f09000 r--p 00036000 103:01 6485                      /usr/lib/x86_64-linux-gnu/ld-linux-x86-64.so.2
7644e7f09000-7644e7f0b000 rw-p 00038000 103:01 6485                      /usr/lib/x86_64-linux-gnu/ld-linux-x86-64.so.2
7ffcaf476000-7ffcaf497000 rw-p 00000000 00:00 0                          [stack]
ffffffffff600000-ffffffffff601000 --xp 00000000 00:00 0                  [vsyscall]
Total number of mappings: 107

JVMTI agents: none


VM Arguments:
jvm_args: -Xmx8G -Xms8G 
java_command: fabric-server-mc.1.21.8-loader.0.17.2-launcher.1.1.0.jar nogui
java_class_path (initial): fabric-server-mc.1.21.8-loader.0.17.2-launcher.1.1.0.jar
Launcher Type: SUN_STANDARD

[Global flags]
     intx CICompilerCount                          = 2                                         {product} {ergonomic}
     uint ConcGCThreads                            = 1                                         {product} {ergonomic}
     uint G1ConcRefinementThreads                  = 2                                         {product} {ergonomic}
   size_t G1HeapRegionSize                         = 4194304                                   {product} {ergonomic}
    uintx GCDrainStackTargetSize                   = 64                                        {product} {ergonomic}
   size_t InitialHeapSize                          = 8589934592                                {product} {command line}
   size_t MarkStackSize                            = 4194304                                   {product} {ergonomic}
   size_t MaxHeapSize                              = 8589934592                                {product} {command line}
   size_t MinHeapDeltaBytes                        = 4194304                                   {product} {ergonomic}
   size_t MinHeapSize                              = 8589934592                                {product} {command line}
    uintx NonNMethodCodeHeapSize                   = 5826188                                {pd product} {ergonomic}
    uintx NonProfiledCodeHeapSize                  = 122916026                              {pd product} {ergonomic}
    uintx ProfiledCodeHeapSize                     = 122916026                              {pd product} {ergonomic}
    uintx ReservedCodeCacheSize                    = 251658240                              {pd product} {ergonomic}
     bool SegmentedCodeCache                       = true                                      {product} {ergonomic}
   size_t SoftMaxHeapSize                          = 8589934592                             {manageable} {ergonomic}
     bool UseCompressedOops                        = true                           {product lp64_product} {ergonomic}
     bool UseG1GC                                  = true                                      {product} {ergonomic}

Logging:
Log output configuration:
 #0: stdout all=warning uptime,level,tags foldmultilines=false
 #1: stderr all=off uptime,level,tags foldmultilines=false

Environment Variables:
PATH=/usr/local/sbin:/usr/local/bin:/usr/sbin:/usr/bin:/sbin:/bin:/usr/games:/usr/local/games:/snap/bin
SHELL=/bin/bash
LANG=C.UTF-8
TERM=xterm

Active Locale:
LC_ALL=C
LC_COLLATE=C
LC_CTYPE=C
LC_MESSAGES=C
LC_MONETARY=C
LC_NUMERIC=C
LC_TIME=C

Signal Handlers:
   SIGSEGV: crash_handler in libjvm.so, mask=11100100010111111101111111111110, flags=SA_RESTART|SA_SIGINFO, unblocked
    SIGBUS: crash_handler in libjvm.so, mask=11100100010111111101111111111110, flags=SA_RESTART|SA_SIGINFO, unblocked
    SIGFPE: crash_handler in libjvm.so, mask=11100100010111111101111111111110, flags=SA_RESTART|SA_SIGINFO, unblocked
   SIGPIPE: javaSignalHandler in libjvm.so, mask=11100100010111111101111111111110, flags=SA_RESTART|SA_SIGINFO, blocked
   SIGXFSZ: javaSignalHandler in libjvm.so, mask=11100100010111111101111111111110, flags=SA_RESTART|SA_SIGINFO, blocked
    SIGILL: crash_handler in libjvm.so, mask=11100100010111111101111111111110, flags=SA_RESTART|SA_SIGINFO, unblocked
   SIGUSR2: SR_handler in libjvm.so, mask=00000000000000000000000000000000, flags=SA_RESTART|SA_SIGINFO, blocked
    SIGHUP: SIG_DFL, mask=00000000000000000000000000000000, flags=none, blocked
    SIGINT: SIG_DFL, mask=00000000000000000000000000000000, flags=none, blocked
   SIGTERM: SIG_DFL, mask=00000000000000000000000000000000, flags=none, blocked
   SIGQUIT: UserHandler in libjvm.so, mask=11100100010111111101111111111110, flags=SA_RESTART|SA_SIGINFO, blocked
   SIGTRAP: crash_handler in libjvm.so, mask=11100100010111111101111111111110, flags=SA_RESTART|SA_SIGINFO, unblocked


Periodic native trim disabled

---------------  S Y S T E M  ---------------

OS:
DISTRIB_ID=Ubuntu
DISTRIB_RELEASE=24.04
DISTRIB_CODENAME=noble
DISTRIB_DESCRIPTION="Ubuntu 24.04.3 LTS"
uname: Linux 6.14.0-1011-aws #11~24.04.1-Ubuntu SMP Fri Aug  1 02:07:25 UTC 2025 x86_64
OS uptime: 0 days 17:06 hours
libc: glibc 2.39 NPTL 2.39 
rlimit (soft/hard): STACK 8192k/infinity , CORE 0k/infinity , NPROC 30913/30913 , NOFILE 1048576/1048576 , AS infinity/infinity , CPU infinity/infinity , DATA infinity/infinity , FSIZE infinity/infinity , MEMLOCK 995960k/995960k
load average: 0.03 0.02 0.00

/proc/meminfo:
MemTotal:        7967708 kB
MemFree:         5836316 kB
MemAvailable:    7430544 kB
Buffers:           23380 kB
Cached:          1757280 kB
SwapCached:            0 kB
Active:           398188 kB
Inactive:        1442488 kB
Active(anon):      84788 kB
Inactive(anon):        0 kB
Active(file):     313400 kB
Inactive(file):  1442488 kB
Unevictable:       42104 kB
Mlocked:           27264 kB
SwapTotal:             0 kB
SwapFree:              0 kB
Zswap:                 0 kB
Zswapped:              0 kB
Dirty:               152 kB
Writeback:             0 kB
AnonPages:        102236 kB
Mapped:           105912 kB
Shmem:              2960 kB
KReclaimable:     117484 kB
Slab:             178072 kB
SReclaimable:     117484 kB
SUnreclaim:        60588 kB
KernelStack:        2992 kB
PageTables:         3180 kB
SecPageTables:         0 kB
NFS_Unstable:          0 kB
Bounce:                0 kB
WritebackTmp:          0 kB
CommitLimit:     3983852 kB
Committed_AS:     608724 kB
VmallocTotal:   34359738367 kB
VmallocUsed:       11192 kB
VmallocChunk:          0 kB
Percpu:             1256 kB
HardwareCorrupted:     0 kB
AnonHugePages:         0 kB
ShmemHugePages:        0 kB
ShmemPmdMapped:        0 kB
FileHugePages:         0 kB
FilePmdMapped:         0 kB
Unaccepted:            0 kB
HugePages_Total:       0
HugePages_Free:        0
HugePages_Rsvd:        0
HugePages_Surp:        0
Hugepagesize:       2048 kB
Hugetlb:               0 kB
DirectMap4k:       70064 kB
DirectMap2M:     6053888 kB
DirectMap1G:     2097152 kB

/sys/kernel/mm/transparent_hugepage/enabled: always [madvise] never
/sys/kernel/mm/transparent_hugepage/hpage_pmd_size: 2097152
/sys/kernel/mm/transparent_hugepage/defrag (defrag/compaction efforts parameter): always defer defer+madvise [madvise] never

Process Memory:
Virtual Size: 9274712K (peak: 9274712K)
Resident Set Size: 21436K (peak: 21436K) (anon: 7040K, file: 14396K, shmem: 0K)
Swapped out: 0K
C-Heap outstanding allocations: 9776K, retained: 595K
glibc malloc tunables: (default)

/proc/sys/kernel/threads-max (system-wide limit on the number of threads): 61827
/proc/sys/vm/max_map_count (maximum number of memory map areas a process may have): 1048576
/proc/sys/vm/swappiness (control to define how aggressively the kernel swaps out anonymous memory): 60
/proc/sys/kernel/pid_max (system-wide limit on number of process identifiers): 4194304

container information not found.
KVM virtualization detected
Steal ticks since vm start: 0
Steal ticks percentage since vm start:  0.000

CPU: total 2 (initial active 2) (1 cores per cpu, 2 threads per core) family 6 model 143 stepping 8 microcode 0x2b000643, cx8, cmov, fxsr, ht, mmx, 3dnowpref, sse, sse2, sse3, ssse3, sse4.1, sse4.2, popcnt, lzcnt, tsc, tscinvbit, avx, avx2, aes, erms, clmul, bmi1, bmi2, adx, avx512f, avx512dq, avx512cd, avx512bw, avx512vl, sha, fma, vzeroupper, avx512_vpopcntdq, avx512_vpclmulqdq, avx512_vaes, avx512_vnni, clflush, clflushopt, clwb, avx512_vbmi2, avx512_vbmi, hv, serialize, rdtscp, rdpid, gfni, avx512_bitalg, f16c, pku, ospke, avx512_ifma
CPU Model and flags from /proc/cpuinfo:
model name	: Intel(R) Xeon(R) Platinum 8488C
flags		: fpu vme de pse tsc msr pae mce cx8 apic sep mtrr pge mca cmov pat pse36 clflush mmx fxsr sse sse2 ss ht syscall nx pdpe1gb rdtscp lm constant_tsc rep_good nopl xtopology nonstop_tsc cpuid tsc_known_freq pni pclmulqdq ssse3 fma cx16 pdcm pcid sse4_1 sse4_2 x2apic movbe popcnt tsc_deadline_timer aes xsave avx f16c rdrand hypervisor lahf_lm abm 3dnowprefetch cpuid_fault ssbd ibrs ibpb stibp ibrs_enhanced fsgsbase tsc_adjust bmi1 avx2 smep bmi2 erms invpcid avx512f avx512dq rdseed adx smap avx512ifma clflushopt clwb avx512cd sha_ni avx512bw avx512vl xsaveopt xsavec xgetbv1 xsaves avx_vnni avx512_bf16 wbnoinvd ida arat avx512vbmi umip pku ospke waitpkg avx512_vbmi2 gfni vaes vpclmulqdq avx512_vnni avx512_bitalg tme avx512_vpopcntdq rdpid cldemote movdiri movdir64b md_clear serialize amx_bf16 avx512_fp16 amx_tile amx_int8 flush_l1d arch_capabilities

Online cpus: 0-1
Offline cpus: 
BIOS frequency limitation: <Not Available>
Frequency switch latency (ns): <Not Available>
Available cpu frequencies: <Not Available>
Current governor: <Not Available>
Core performance/turbo boost: <Not Available>

Memory: 4k page, physical 7967708k(7430544k free), swap 0k(0k free)
Page Sizes: 4k

vm_info: OpenJDK 64-Bit Server VM (21.0.8+9-Ubuntu-0ubuntu124.04.1) for linux-amd64 JRE (21.0.8+9-Ubuntu-0ubuntu124.04.1), built on 2025-07-16T21:55:59Z by "buildd" with gcc 13.3.0

END.
