[00:31:23] [main/INFO] ========================================
[00:31:23] [main/INFO] Minecraft: 1.21.8
[00:31:23] [main/INFO] Side: server
[00:31:23] [main/INFO] Development: false
[00:31:23] [main/INFO] Version: 20.0.811
[00:31:23] [main/INFO] Loader:
[00:31:23] [main/INFO] - Fabric: 0.17.2
[00:31:23] [main/INFO] - Fabric API: 0.133.4+1.21.8
[00:31:23] [main/INFO] Dependencies:
[00:31:23] [main/INFO] - Cloth Config: 19.0.147
[00:31:23] [main/INFO] - Architectury: 17.0.8
[00:31:23] [main/INFO] Mixin: 0.8.7
[00:31:23] [main/INFO] OS: Linux 6.14.0-1012-aws (amd64)
[00:31:23] [main/INFO] Java: 21.0.8 (Ubuntu)
[00:31:23] [main/INFO] ========================================
[00:31:23] [main/INFO] Mods:
[00:31:23] [main/INFO] - architectury: 17.0.8
[00:31:23] [main/INFO] - balm: 21.8.8
[00:31:23] [main/INFO] - biomesoplenty: 21.8.0.17
[00:31:23] [main/INFO] - biomeswevegone: 4.0.1
[00:31:23] [main/INFO] - blue_endless_jankson: 1.2.3
[00:31:23] [main/INFO] - camerapture: 1.10.7
[00:31:23] [main/INFO] - cardinal-components: 7.0.0-beta.1
[00:31:23] [main/INFO] - cardinal-components-base: 7.0.0-beta.1
[00:31:23] [main/INFO] - cardinal-components-block: 7.0.0-beta.1
[00:31:23] [main/INFO] - cardinal-components-chunk: 7.0.0-beta.1
[00:31:23] [main/INFO] - cardinal-components-entity: 7.0.0-beta.1
[00:31:23] [main/INFO] - cardinal-components-item: 7.0.0-beta.1
[00:31:23] [main/INFO] - cardinal-components-level: 7.0.0-beta.1
[00:31:23] [main/INFO] - cardinal-components-scoreboard: 7.0.0-beta.1
[00:31:23] [main/INFO] - cardinal-components-world: 7.0.0-beta.1
[00:31:23] [main/INFO] - cloth-basic-math: 0.6.1
[00:31:23] [main/INFO] - cloth-config: 19.0.147
[00:31:23] [main/INFO] - cloth-config: 19.0.147
[00:31:23] [main/INFO] - com_electronwill_night-config_core: 3.8.3
[00:31:23] [main/INFO] - com_electronwill_night-config_toml: 3.8.3
[00:31:23] [main/INFO] - com_teamresourceful_bytecodecs: 1.1.3
[00:31:23] [main/INFO] - com_teamresourceful_yabn: 1.0.3
[00:31:23] [main/INFO] - com_twelvemonkeys_common_common-image: 3.12.0
[00:31:23] [main/INFO] - com_twelvemonkeys_common_common-io: 3.12.0
[00:31:23] [main/INFO] - com_twelvemonkeys_common_common-lang: 3.12.0
[00:31:23] [main/INFO] - com_twelvemonkeys_imageio_imageio-core: 3.12.0
[00:31:23] [main/INFO] - com_twelvemonkeys_imageio_imageio-metadata: 3.12.0
[00:31:23] [main/INFO] - com_twelvemonkeys_imageio_imageio-webp: 3.12.0
[00:31:23] [main/INFO] - corgilib: 7.0.0.0
[00:31:23] [main/INFO] - cristellib: 2.0.3
[00:31:23] [main/INFO] - darksleep: 1.0.1
[00:31:23] [main/INFO] - deathfinder: 21.8.0
[00:31:23] [main/INFO] - deimos: 2.4
[00:31:23] [main/INFO] - entityculling: 1.8.2
[00:31:23] [main/INFO] - error_notifier: 1.0.11
[00:31:23] [main/INFO] - fabric-api: 0.133.4+1.21.8
[00:31:23] [main/INFO] - fabric-api: 0.133.4+1.21.8
[00:31:23] [main/INFO] - fabric-api-base: 0.5.0+cd8c0daa2c
[00:31:23] [main/INFO] - fabric-api-lookup-api-v1: 1.6.101+946bf4c32c
[00:31:23] [main/INFO] - fabric-biome-api-v1: 16.0.11+946bf4c32c
[00:31:23] [main/INFO] - fabric-block-api-v1: 1.1.3+946bf4c32c
[00:31:23] [main/INFO] - fabric-block-view-api-v2: 1.0.31+946bf4c32c
[00:31:23] [main/INFO] - fabric-command-api-v2: 2.3.1+52fff9ec2c
[00:31:23] [main/INFO] - fabric-content-registries-v0: 10.1.0+c75de69d2c
[00:31:23] [main/INFO] - fabric-convention-tags-v1: 2.1.41+7f945d5b2c
[00:31:23] [main/INFO] - fabric-convention-tags-v2: 2.15.6+eb5df52f2c
[00:31:23] [main/INFO] - fabric-crash-report-info-v1: 0.3.15+946bf4c32c
[00:31:23] [main/INFO] - fabric-data-attachment-api-v1: 1.8.13+38b5f74e2c
[00:31:23] [main/INFO] - fabric-data-generation-api-v1: 23.2.7+0b1ef9762c
[00:31:23] [main/INFO] - fabric-dimensions-v1: 4.0.20+948fc79a2c
[00:31:23] [main/INFO] - fabric-entity-events-v1: 2.1.2+c9e472732c
[00:31:23] [main/INFO] - fabric-events-interaction-v0: 4.0.25+946bf4c32c
[00:31:23] [main/INFO] - fabric-game-rule-api-v1: 1.0.73+c64c9c5b2c
[00:31:23] [main/INFO] - fabric-item-api-v1: 11.5.0+02ce13f42c
[00:31:23] [main/INFO] - fabric-item-group-api-v1: 4.2.14+c5f9bbc12c
[00:31:23] [main/INFO] - fabric-lifecycle-events-v1: 2.6.4+db4dfd852c
[00:31:23] [main/INFO] - fabric-loot-api-v2: 3.0.56+3f89f5a52c
[00:31:23] [main/INFO] - fabric-loot-api-v3: 2.0.3+946bf4c32c
[00:31:23] [main/INFO] - fabric-message-api-v1: 6.1.2+946bf4c32c
[00:31:23] [main/INFO] - fabric-networking-api-v1: 5.0.3+4ddbf91b2c
[00:31:23] [main/INFO] - fabric-object-builder-api-v1: 21.1.9+946bf4c32c
[00:31:23] [main/INFO] - fabric-particles-v1: 4.1.9+946bf4c32c
[00:31:23] [main/INFO] - fabric-recipe-api-v1: 8.1.16+946bf4c32c
[00:31:23] [main/INFO] - fabric-registry-sync-v0: 6.1.29+946bf4c32c
[00:31:23] [main/INFO] - fabric-rendering-fluids-v1: 3.1.31+fa6cb72b2c
[00:31:23] [main/INFO] - fabric-resource-conditions-api-v1: 5.0.25+98e6d6db2c
[00:31:23] [main/INFO] - fabric-resource-loader-v0: 3.1.12+020423442c
[00:31:23] [main/INFO] - fabric-screen-handler-api-v1: 1.3.138+946bf4c32c
[00:31:23] [main/INFO] - fabric-serialization-api-v1: 1.0.0+fc0e5aba2c
[00:31:23] [main/INFO] - fabric-tag-api-v1: 1.2.2+946bf4c32c
[00:31:23] [main/INFO] - fabric-transfer-api-v1: 6.0.6+946bf4c32c
[00:31:23] [main/INFO] - fabric-transitive-access-wideners-v1: 6.5.0+c847ce762c
[00:31:23] [main/INFO] - fabricloader: 0.17.2
[00:31:23] [main/INFO] - ferritecore: 8.0.0
[00:31:23] [main/INFO] - forgeconfigapiport: 21.8.1
[00:31:23] [main/INFO] - framework: 0.12.3
[00:31:23] [main/INFO] - friendsandfoes: 4.0.10
[00:31:23] [main/INFO] - geckolib: 5.2.2
[00:31:23] [main/INFO] - glitchcore: 21.8.0.0
[00:31:23] [main/INFO] - glow_sticks: 7.1.0
[00:31:23] [main/INFO] - goblintraders: 1.11.2
[00:31:23] [main/INFO] - hangglider: 21.8.0
[00:31:23] [main/INFO] - io_github_darkxanter_webp-imageio: 0.3.2
[00:31:23] [main/INFO] - java: 21
[00:31:23] [main/INFO] - kuma_api: 21.8.3
[00:31:23] [main/INFO] - laserbridges: 5.2
[00:31:23] [main/INFO] - mes: 1.4.6-1.21.8-fabric
[00:31:23] [main/INFO] - minecraft: 1.21.8
[00:31:23] [main/INFO] - mixinextras: 0.5.0
[00:31:23] [main/INFO] - mutantmonsters: 21.8.0
[00:31:23] [main/INFO] - net_jodah_typetools: 0.6.3
[00:31:23] [main/INFO] - notenoughanimations: 1.10.2
[00:31:23] [main/INFO] - ohthetreesyoullgrow: 8.0.1
[00:31:23] [main/INFO] - org_javassist_javassist: 3.29.2-GA
[00:31:23] [main/INFO] - org_quiltmc_parsers_gson: 0.2.1
[00:31:23] [main/INFO] - org_quiltmc_parsers_json: 0.2.1
[00:31:23] [main/INFO] - org_reflections_reflections: 0.10.2
[00:31:23] [main/INFO] - puzzleslib: 21.8.6
[00:31:23] [main/INFO] - refurbished_furniture: 1.0.18
[00:31:23] [main/INFO] - resourcefullib: 3.6.0
[00:31:23] [main/INFO] - roughlyenoughitems: 20.0.811
[00:31:23] [main/INFO] - sound_physics_remastered: 1.21.8-1.4.15
[00:31:23] [main/INFO] - supermartijn642configlib: 1.1.8
[00:31:23] [main/INFO] - supermartijn642corelib: 1.1.18+e
[00:31:23] [main/INFO] - t_and_t: 1.13.5
[00:31:23] [main/INFO] - terrablender: 6.0.0.3
[00:31:23] [main/INFO] - transition: 1.0.4
[00:31:23] [main/INFO] - travelersbackpack: 10.8.2
[00:31:23] [main/INFO] - trender: 1.0.6
[00:31:23] [main/INFO] - variantsandventures: 1.0.18
[00:31:23] [main/INFO] - visualworkbench: 21.8.1
[00:31:23] [main/INFO] - voicechat: 1.21.8-2.6.3
[00:31:23] [main/INFO] - voicechat_api: 2.6.0
[00:31:23] [main/INFO] - wormhole: 1.1.16
[00:31:23] [main/INFO] - xaerominimap: 25.2.12
[00:31:23] [main/INFO] - xaeroworldmap: 1.39.13
[00:31:23] [main/INFO] - yet_another_config_lib_v3: 3.7.1+1.21.6-fabric
[00:31:23] [main/INFO] ========================================
[00:31:23] [main/INFO] [REI] Registered plugin provider DefaultPlugin [roughlyenoughitems] for REICommonPlugin
[00:31:23] [main/INFO] [REI] Registered plugin provider DefaultRuntimePlugin [roughlyenoughitems] for REICommonPlugin
[00:31:23] [main/INFO] [REI] Registered plugin provider FabricFluidAPISupportPlugin for REICommonPlugin
[00:31:24] [main/DEBUG] [REI] Processed 54 tags in 825.6 μs for minecraft:entity_type
[00:31:25] [main/DEBUG] [REI] Processed 435 tags in 4.079 ms for minecraft:block
[00:31:25] [main/DEBUG] [REI] Processed 618 tags in 3.265 ms for minecraft:item
[00:31:25] [main/DEBUG] [REI] Processed 5 tags in 57.20 μs for minecraft:point_of_interest_type
[00:31:25] [main/DEBUG] [REI] Processed 7 tags in 18.49 μs for minecraft:fluid
[00:31:25] [main/DEBUG] [REI] Processed 5 tags in 38.92 μs for minecraft:game_event
[00:31:37] [Server thread/DEBUG] [REI] Starting Reload Plugins of stage null
java.lang.Throwable
	at knot//me.shedaniel.rei.impl.common.plugins.ReloadManagerImpl.reloadPlugins(ReloadManagerImpl.java:110)
	at knot//me.shedaniel.rei.RoughlyEnoughItemsCore.lambda$onInitialize$5(RoughlyEnoughItemsCore.java:157)
	at knot//dev.architectury.event.fabric.EventHandlerImpl.lambda$registerCommon$10(EventHandlerImpl.java:67)
	at knot//net.fabricmc.fabric.api.event.lifecycle.v1.ServerLifecycleEvents.lambda$static$2(ServerLifecycleEvents.java:49)
	at knot//net.minecraft.server.MinecraftServer.handler$zle000$fabric-lifecycle-events-v1$afterSetupServer(MinecraftServer.java:4702)
	at knot//net.minecraft.server.MinecraftServer.method_29741(MinecraftServer.java:676)
	at knot//net.minecraft.server.MinecraftServer.method_29739(MinecraftServer.java:291)
	at java.base/java.lang.Thread.run(Thread.java:1583)
[00:31:37] [Server thread/DEBUG] [REI] ========================================
[00:31:37] [Server thread/DEBUG] [REI] REICommonPlugin starting pre-reload for START.
[00:31:37] [Server thread/DEBUG] [REI] Reloadables (8):
[00:31:37] [Server thread/DEBUG] [REI]  - SlotAccessorRegistryImpl
[00:31:37] [Server thread/DEBUG] [REI]  - EntryTypeRegistryImpl
[00:31:37] [Server thread/DEBUG] [REI]  - EntrySettingsAdapterRegistryImpl
[00:31:37] [Server thread/DEBUG] [REI]  - ItemComparatorRegistryImpl
[00:31:37] [Server thread/DEBUG] [REI]  - FluidComparatorRegistryImpl
[00:31:37] [Server thread/DEBUG] [REI]  - DisplaySerializerRegistryImpl
[00:31:37] [Server thread/DEBUG] [REI]  - ServerDisplayRegistryImpl
[00:31:37] [Server thread/DEBUG] [REI]  - FluidSupportProviderImpl
[00:31:37] [Server thread/DEBUG] [REI] Plugins (3):
[00:31:37] [Server thread/DEBUG] [REI]  - (-100.00) DefaultPlugin of DefaultPlugin [roughlyenoughitems]
[00:31:37] [Server thread/DEBUG] [REI]  - (0.00) FabricFluidAPISupportPlugin
[00:31:37] [Server thread/DEBUG] [REI]  - (0.00) DefaultRuntimePlugin of DefaultRuntimePlugin [roughlyenoughitems]
[00:31:37] [Server thread/DEBUG] [REI] ========================================
[00:31:37] [Server thread/TRACE] [REI] [REICommonPlugin START] Reloading Section: "pre-register/"
[00:31:37] [Server thread/TRACE] [REI] [REICommonPlugin START] Reloading Section: "pre-register/DefaultPlugin of DefaultPlugin [roughlyenoughitems]/"
[00:31:37] [Server thread/TRACE] [REI] [REICommonPlugin START] Reloading Section: "pre-register/DefaultPlugin of DefaultPlugin [roughlyenoughitems]/" done in 925.8 μs
[00:31:37] [Server thread/TRACE] [REI] [REICommonPlugin START] Reloading Section: "pre-register/FabricFluidAPISupportPlugin/"
[00:31:37] [Server thread/TRACE] [REI] [REICommonPlugin START] Reloading Section: "pre-register/FabricFluidAPISupportPlugin/" done in 43.20 μs
[00:31:37] [Server thread/TRACE] [REI] [REICommonPlugin START] Reloading Section: "pre-register/DefaultRuntimePlugin of DefaultRuntimePlugin [roughlyenoughitems]/"
[00:31:37] [Server thread/TRACE] [REI] [REICommonPlugin START] Reloading Section: "pre-register/DefaultRuntimePlugin of DefaultRuntimePlugin [roughlyenoughitems]/" done in 34.94 μs
[00:31:37] [Server thread/TRACE] [REI] [REICommonPlugin START] Reloading Section: "pre-register/" done in 9.396 ms
[00:31:37] [Server thread/TRACE] [REI] [REICommonPlugin START] Reloading Section: "pre-stage/"
[00:31:37] [Server thread/TRACE] [REI] [REICommonPlugin START] Reloading Section: "pre-stage/SlotAccessorRegistryImpl/"
[00:31:37] [Server thread/TRACE] [REI] [REICommonPlugin START] Reloading Section: "pre-stage/SlotAccessorRegistryImpl/" done in 213.6 μs
[00:31:37] [Server thread/TRACE] [REI] [REICommonPlugin START] Reloading Section: "pre-stage/EntryTypeRegistryImpl/"
[00:31:37] [Server thread/TRACE] [REI] [REICommonPlugin START] Reloading Section: "pre-stage/EntryTypeRegistryImpl/" done in 30.62 μs
[00:31:37] [Server thread/TRACE] [REI] [REICommonPlugin START] Reloading Section: "pre-stage/EntrySettingsAdapterRegistryImpl/"
[00:31:37] [Server thread/TRACE] [REI] [REICommonPlugin START] Reloading Section: "pre-stage/EntrySettingsAdapterRegistryImpl/" done in 39.96 μs
[00:31:37] [Server thread/TRACE] [REI] [REICommonPlugin START] Reloading Section: "pre-stage/ItemComparatorRegistryImpl/"
[00:31:37] [Server thread/TRACE] [REI] [REICommonPlugin START] Reloading Section: "pre-stage/ItemComparatorRegistryImpl/" done in 26.89 μs
[00:31:37] [Server thread/TRACE] [REI] [REICommonPlugin START] Reloading Section: "pre-stage/FluidComparatorRegistryImpl/"
[00:31:37] [Server thread/TRACE] [REI] [REICommonPlugin START] Reloading Section: "pre-stage/FluidComparatorRegistryImpl/" done in 1.956 ms
[00:31:37] [Server thread/TRACE] [REI] [REICommonPlugin START] Reloading Section: "pre-stage/DisplaySerializerRegistryImpl/"
[00:31:37] [Server thread/TRACE] [REI] [REICommonPlugin START] Reloading Section: "pre-stage/DisplaySerializerRegistryImpl/" done in 71.50 μs
[00:31:37] [Server thread/TRACE] [REI] [REICommonPlugin START] Reloading Section: "pre-stage/ServerDisplayRegistryImpl/"
[00:31:37] [Server thread/TRACE] [REI] [REICommonPlugin START] Reloading Section: "pre-stage/ServerDisplayRegistryImpl/" done in 42.55 μs
[00:31:37] [Server thread/TRACE] [REI] [REICommonPlugin START] Reloading Section: "pre-stage/FluidSupportProviderImpl/"
[00:31:37] [Server thread/TRACE] [REI] [REICommonPlugin START] Reloading Section: "pre-stage/FluidSupportProviderImpl/" done in 23.90 μs
[00:31:37] [Server thread/TRACE] [REI] [REICommonPlugin START] Reloading Section: "pre-stage/" done in 4.110 ms
[00:31:37] [Server thread/DEBUG] [REI] ========================================
[00:31:37] [Server thread/DEBUG] [REI] REICommonPlugin finished pre-reload for START in 13.92 ms.
[00:31:37] [Server thread/DEBUG] [REI] ========================================
[00:31:37] [Server thread/INFO] [REI] OOOOOOOOOOOOOOOOOOOOOOOOOOOOOOOOOOOOOOOO
[00:31:37] [Server thread/INFO] [REI] REICommonPlugin starting main-reload for START.
[00:31:37] [Server thread/DEBUG] [REI] Reloadables (8):
[00:31:37] [Server thread/DEBUG] [REI]  - SlotAccessorRegistryImpl
[00:31:37] [Server thread/DEBUG] [REI]  - EntryTypeRegistryImpl
[00:31:37] [Server thread/DEBUG] [REI]  - EntrySettingsAdapterRegistryImpl
[00:31:37] [Server thread/DEBUG] [REI]  - ItemComparatorRegistryImpl
[00:31:37] [Server thread/DEBUG] [REI]  - FluidComparatorRegistryImpl
[00:31:37] [Server thread/DEBUG] [REI]  - DisplaySerializerRegistryImpl
[00:31:37] [Server thread/DEBUG] [REI]  - ServerDisplayRegistryImpl
[00:31:37] [Server thread/DEBUG] [REI]  - FluidSupportProviderImpl
[00:31:37] [Server thread/INFO] [REI] Plugins (3):
[00:31:37] [Server thread/INFO] [REI]  - (-100.00) DefaultPlugin of DefaultPlugin [roughlyenoughitems]
[00:31:37] [Server thread/INFO] [REI]  - (0.00) FabricFluidAPISupportPlugin
[00:31:37] [Server thread/INFO] [REI]  - (0.00) DefaultRuntimePlugin of DefaultRuntimePlugin [roughlyenoughitems]
[00:31:37] [Server thread/INFO] [REI] OOOOOOOOOOOOOOOOOOOOOOOOOOOOOOOOOOOOOOOO
[00:31:37] [Server thread/TRACE] [REI] [REICommonPlugin START] Reloading Section: "start-reload/"
[00:31:37] [Server thread/TRACE] [REI] [REICommonPlugin START] Reloading Section: "start-reload/SlotAccessorRegistryImpl/"
[00:31:37] [Server thread/TRACE] [REI] [REICommonPlugin START] Reloading Section: "start-reload/SlotAccessorRegistryImpl/" done in 45.87 μs
[00:31:37] [Server thread/TRACE] [REI] [REICommonPlugin START] Reloading Section: "start-reload/EntryTypeRegistryImpl/"
[00:31:37] [Server thread/TRACE] [REI] [REICommonPlugin START] Reloading Section: "start-reload/EntryTypeRegistryImpl/" done in 40.70 μs
[00:31:37] [Server thread/TRACE] [REI] [REICommonPlugin START] Reloading Section: "start-reload/EntrySettingsAdapterRegistryImpl/"
[00:31:37] [Server thread/TRACE] [REI] [REICommonPlugin START] Reloading Section: "start-reload/EntrySettingsAdapterRegistryImpl/" done in 19.77 μs
[00:31:37] [Server thread/TRACE] [REI] [REICommonPlugin START] Reloading Section: "start-reload/ItemComparatorRegistryImpl/"
[00:31:37] [Server thread/TRACE] [REI] [REICommonPlugin START] Reloading Section: "start-reload/ItemComparatorRegistryImpl/" done in 59.18 μs
[00:31:37] [Server thread/TRACE] [REI] [REICommonPlugin START] Reloading Section: "start-reload/FluidComparatorRegistryImpl/"
[00:31:37] [Server thread/TRACE] [REI] [REICommonPlugin START] Reloading Section: "start-reload/FluidComparatorRegistryImpl/" done in 22.46 μs
[00:31:37] [Server thread/TRACE] [REI] [REICommonPlugin START] Reloading Section: "start-reload/DisplaySerializerRegistryImpl/"
[00:31:37] [Server thread/TRACE] [REI] [REICommonPlugin START] Reloading Section: "start-reload/DisplaySerializerRegistryImpl/" done in 23.44 μs
[00:31:37] [Server thread/TRACE] [REI] [REICommonPlugin START] Reloading Section: "start-reload/ServerDisplayRegistryImpl/"
[00:31:37] [Server thread/TRACE] [REI] [REICommonPlugin START] Reloading Section: "start-reload/ServerDisplayRegistryImpl/" done in 32.51 μs
[00:31:37] [Server thread/TRACE] [REI] [REICommonPlugin START] Reloading Section: "start-reload/FluidSupportProviderImpl/"
[00:31:37] [Server thread/TRACE] [REI] [REICommonPlugin START] Reloading Section: "start-reload/FluidSupportProviderImpl/" done in 30.72 μs
[00:31:37] [Server thread/TRACE] [REI] [REICommonPlugin START] Reloading Section: "start-reload/" done in 2.357 ms
[00:31:37] [Server thread/DEBUG] [REI] ========================================
[00:31:37] [Server thread/DEBUG] [REI] REICommonPlugin started main-reload for START.
[00:31:37] [Server thread/DEBUG] [REI] ========================================
[00:31:37] [Server thread/TRACE] [REI] [REICommonPlugin START] Reloading Section: "reloadable-plugin/SlotAccessorRegistryImpl/"
[00:31:37] [Server thread/TRACE] [REI] [REICommonPlugin START] Reloading Section: "reloadable-plugin/SlotAccessorRegistryImpl/DefaultPlugin of DefaultPlugin [roughlyenoughitems]/"
[00:31:37] [Server thread/TRACE] [REI] [REICommonPlugin START] Reloading Section: "reloadable-plugin/SlotAccessorRegistryImpl/DefaultPlugin of DefaultPlugin [roughlyenoughitems]/" done in 195.0 μs
[00:31:37] [Server thread/TRACE] [REI] [REICommonPlugin START] Reloading Section: "reloadable-plugin/SlotAccessorRegistryImpl/FabricFluidAPISupportPlugin/"
[00:31:37] [Server thread/TRACE] [REI] [REICommonPlugin START] Reloading Section: "reloadable-plugin/SlotAccessorRegistryImpl/FabricFluidAPISupportPlugin/" done in 30.62 μs
[00:31:37] [Server thread/TRACE] [REI] [REICommonPlugin START] Reloading Section: "reloadable-plugin/SlotAccessorRegistryImpl/DefaultRuntimePlugin of DefaultRuntimePlugin [roughlyenoughitems]/"
[00:31:37] [Server thread/TRACE] [REI] [REICommonPlugin START] Reloading Section: "reloadable-plugin/SlotAccessorRegistryImpl/DefaultRuntimePlugin of DefaultRuntimePlugin [roughlyenoughitems]/" done in 28.89 μs
[00:31:37] [Server thread/TRACE] [REI] [REICommonPlugin START] Reloading Section: "reloadable-plugin/SlotAccessorRegistryImpl/" done in 1.035 ms
[00:31:37] [Server thread/TRACE] [REI] [REICommonPlugin START] Reloading Section: "reloadable-plugin/EntryTypeRegistryImpl/"
[00:31:37] [Server thread/TRACE] [REI] [REICommonPlugin START] Reloading Section: "reloadable-plugin/EntryTypeRegistryImpl/DefaultPlugin of DefaultPlugin [roughlyenoughitems]/"
[00:31:37] [Server thread/TRACE] [REI] [REICommonPlugin START] Reloading Section: "reloadable-plugin/EntryTypeRegistryImpl/DefaultPlugin of DefaultPlugin [roughlyenoughitems]/" done in 31.55 μs
[00:31:37] [Server thread/TRACE] [REI] [REICommonPlugin START] Reloading Section: "reloadable-plugin/EntryTypeRegistryImpl/FabricFluidAPISupportPlugin/"
[00:31:37] [Server thread/TRACE] [REI] [REICommonPlugin START] Reloading Section: "reloadable-plugin/EntryTypeRegistryImpl/FabricFluidAPISupportPlugin/" done in 41.02 μs
[00:31:37] [Server thread/TRACE] [REI] [REICommonPlugin START] Reloading Section: "reloadable-plugin/EntryTypeRegistryImpl/DefaultRuntimePlugin of DefaultRuntimePlugin [roughlyenoughitems]/"
[00:31:37] [Server thread/TRACE] [REI] [REICommonPlugin START] Reloading Section: "reloadable-plugin/EntryTypeRegistryImpl/DefaultRuntimePlugin of DefaultRuntimePlugin [roughlyenoughitems]/" done in 5.107 ms
[00:31:37] [Server thread/TRACE] [REI] [REICommonPlugin START] Reloading Section: "reloadable-plugin/EntryTypeRegistryImpl/" done in 5.840 ms
[00:31:37] [Server thread/TRACE] [REI] [REICommonPlugin START] Reloading Section: "reloadable-plugin/EntrySettingsAdapterRegistryImpl/"
[00:31:37] [Server thread/TRACE] [REI] [REICommonPlugin START] Reloading Section: "reloadable-plugin/EntrySettingsAdapterRegistryImpl/DefaultPlugin of DefaultPlugin [roughlyenoughitems]/"
[00:31:37] [Server thread/TRACE] [REI] [REICommonPlugin START] Reloading Section: "reloadable-plugin/EntrySettingsAdapterRegistryImpl/DefaultPlugin of DefaultPlugin [roughlyenoughitems]/" done in 71.92 μs
[00:31:37] [Server thread/TRACE] [REI] [REICommonPlugin START] Reloading Section: "reloadable-plugin/EntrySettingsAdapterRegistryImpl/FabricFluidAPISupportPlugin/"
[00:31:37] [Server thread/TRACE] [REI] [REICommonPlugin START] Reloading Section: "reloadable-plugin/EntrySettingsAdapterRegistryImpl/FabricFluidAPISupportPlugin/" done in 21.66 μs
[00:31:37] [Server thread/TRACE] [REI] [REICommonPlugin START] Reloading Section: "reloadable-plugin/EntrySettingsAdapterRegistryImpl/DefaultRuntimePlugin of DefaultRuntimePlugin [roughlyenoughitems]/"
[00:31:37] [Server thread/TRACE] [REI] [REICommonPlugin START] Reloading Section: "reloadable-plugin/EntrySettingsAdapterRegistryImpl/DefaultRuntimePlugin of DefaultRuntimePlugin [roughlyenoughitems]/" done in 32.10 μs
[00:31:37] [Server thread/TRACE] [REI] [REICommonPlugin START] Reloading Section: "reloadable-plugin/EntrySettingsAdapterRegistryImpl/" done in 1.185 ms
[00:31:37] [Server thread/TRACE] [REI] [REICommonPlugin START] Reloading Section: "reloadable-plugin/ItemComparatorRegistryImpl/"
[00:31:37] [Server thread/TRACE] [REI] [REICommonPlugin START] Reloading Section: "reloadable-plugin/ItemComparatorRegistryImpl/DefaultPlugin of DefaultPlugin [roughlyenoughitems]/"
[00:31:37] [Server thread/TRACE] [REI] [REICommonPlugin START] Reloading Section: "reloadable-plugin/ItemComparatorRegistryImpl/DefaultPlugin of DefaultPlugin [roughlyenoughitems]/" done in 638.2 μs
[00:31:37] [Server thread/TRACE] [REI] [REICommonPlugin START] Reloading Section: "reloadable-plugin/ItemComparatorRegistryImpl/FabricFluidAPISupportPlugin/"
[00:31:37] [Server thread/TRACE] [REI] [REICommonPlugin START] Reloading Section: "reloadable-plugin/ItemComparatorRegistryImpl/FabricFluidAPISupportPlugin/" done in 217.1 μs
[00:31:37] [Server thread/TRACE] [REI] [REICommonPlugin START] Reloading Section: "reloadable-plugin/ItemComparatorRegistryImpl/DefaultRuntimePlugin of DefaultRuntimePlugin [roughlyenoughitems]/"
[00:31:37] [Server thread/TRACE] [REI] [REICommonPlugin START] Reloading Section: "reloadable-plugin/ItemComparatorRegistryImpl/DefaultRuntimePlugin of DefaultRuntimePlugin [roughlyenoughitems]/" done in 24.78 μs
[00:31:37] [Server thread/TRACE] [REI] [REICommonPlugin START] Reloading Section: "reloadable-plugin/ItemComparatorRegistryImpl/" done in 1.203 ms
[00:31:37] [Server thread/TRACE] [REI] [REICommonPlugin START] Reloading Section: "reloadable-plugin/FluidComparatorRegistryImpl/"
[00:31:37] [Server thread/TRACE] [REI] [REICommonPlugin START] Reloading Section: "reloadable-plugin/FluidComparatorRegistryImpl/DefaultPlugin of DefaultPlugin [roughlyenoughitems]/"
[00:31:37] [Server thread/TRACE] [REI] [REICommonPlugin START] Reloading Section: "reloadable-plugin/FluidComparatorRegistryImpl/DefaultPlugin of DefaultPlugin [roughlyenoughitems]/" done in 26.38 μs
[00:31:37] [Server thread/TRACE] [REI] [REICommonPlugin START] Reloading Section: "reloadable-plugin/FluidComparatorRegistryImpl/FabricFluidAPISupportPlugin/"
[00:31:37] [Server thread/TRACE] [REI] [REICommonPlugin START] Reloading Section: "reloadable-plugin/FluidComparatorRegistryImpl/FabricFluidAPISupportPlugin/" done in 22.53 μs
[00:31:37] [Server thread/TRACE] [REI] [REICommonPlugin START] Reloading Section: "reloadable-plugin/FluidComparatorRegistryImpl/DefaultRuntimePlugin of DefaultRuntimePlugin [roughlyenoughitems]/"
[00:31:37] [Server thread/TRACE] [REI] [REICommonPlugin START] Reloading Section: "reloadable-plugin/FluidComparatorRegistryImpl/DefaultRuntimePlugin of DefaultRuntimePlugin [roughlyenoughitems]/" done in 52.15 μs
[00:31:37] [Server thread/TRACE] [REI] [REICommonPlugin START] Reloading Section: "reloadable-plugin/FluidComparatorRegistryImpl/" done in 272.8 μs
[00:31:37] [Server thread/TRACE] [REI] [REICommonPlugin START] Reloading Section: "reloadable-plugin/DisplaySerializerRegistryImpl/"
[00:31:37] [Server thread/TRACE] [REI] [REICommonPlugin START] Reloading Section: "reloadable-plugin/DisplaySerializerRegistryImpl/DefaultPlugin of DefaultPlugin [roughlyenoughitems]/"
[00:31:37] [Server thread/DEBUG] [REI] Added display serializer [minecraft:client/crafting/shaped] me.shedaniel.rei.api.common.display.DisplaySerializer$1@49dba9bb
[00:31:37] [Server thread/DEBUG] [REI] Added display serializer [minecraft:client/crafting/shapeless] me.shedaniel.rei.api.common.display.DisplaySerializer$1@1c5be0c8
[00:31:37] [Server thread/DEBUG] [REI] Added display serializer [minecraft:client/smelting] me.shedaniel.rei.api.common.display.DisplaySerializer$1@1b843c3
[00:31:37] [Server thread/DEBUG] [REI] Added display serializer [minecraft:client/smoking] me.shedaniel.rei.api.common.display.DisplaySerializer$1@5ce5d4d0
[00:31:37] [Server thread/DEBUG] [REI] Added display serializer [minecraft:client/blasting] me.shedaniel.rei.api.common.display.DisplaySerializer$1@77856069
[00:31:37] [Server thread/DEBUG] [REI] Added display serializer [minecraft:default/crafting/shaped] me.shedaniel.rei.api.common.display.DisplaySerializer$1@7e85bf75
[00:31:37] [Server thread/DEBUG] [REI] Added display serializer [minecraft:default/crafting/shapeless] me.shedaniel.rei.api.common.display.DisplaySerializer$1@6f0150e2
[00:31:37] [Server thread/DEBUG] [REI] Added display serializer [minecraft:default/crafting/custom] me.shedaniel.rei.api.common.display.DisplaySerializer$1@fe4fa7f
[00:31:37] [Server thread/DEBUG] [REI] Added display serializer [minecraft:default/crafting/custom_shaped] me.shedaniel.rei.api.common.display.DisplaySerializer$1@5afee07
[00:31:37] [Server thread/DEBUG] [REI] Added display serializer [minecraft:default/crafting/custom_shapeless] me.shedaniel.rei.api.common.display.DisplaySerializer$1@31f862a0
[00:31:37] [Server thread/DEBUG] [REI] Added display serializer [minecraft:extension/crafting/map_extending] me.shedaniel.rei.api.common.display.DisplaySerializer$1@73c14ed9
[00:31:37] [Server thread/DEBUG] [REI] Added display serializer [minecraft:default/smelting] me.shedaniel.rei.api.common.display.DisplaySerializer$1@d58a00c
[00:31:37] [Server thread/DEBUG] [REI] Added display serializer [minecraft:default/smoking] me.shedaniel.rei.api.common.display.DisplaySerializer$1@52d3e354
[00:31:37] [Server thread/DEBUG] [REI] Added display serializer [minecraft:default/blasting] me.shedaniel.rei.api.common.display.DisplaySerializer$1@785236e2
[00:31:37] [Server thread/DEBUG] [REI] Added display serializer [minecraft:default/campfire] me.shedaniel.rei.api.common.display.DisplaySerializer$1@694d289e
[00:31:37] [Server thread/DEBUG] [REI] Added display serializer [minecraft:default/stone_cutting] me.shedaniel.rei.api.common.display.DisplaySerializer$1@788430c1
[00:31:37] [Server thread/DEBUG] [REI] Added display serializer [minecraft:default/stripping] me.shedaniel.rei.api.common.display.DisplaySerializer$1@4e608632
[00:31:37] [Server thread/DEBUG] [REI] Added display serializer [minecraft:default/brewing] me.shedaniel.rei.api.common.display.DisplaySerializer$1@13c3dee5
[00:31:37] [Server thread/DEBUG] [REI] Added display serializer [minecraft:default/composting] me.shedaniel.rei.api.common.display.DisplaySerializer$1@6b5da629
[00:31:37] [Server thread/DEBUG] [REI] Added display serializer [minecraft:default/fuel] me.shedaniel.rei.api.common.display.DisplaySerializer$1@4d0a4ff3
[00:31:37] [Server thread/DEBUG] [REI] Added display serializer [minecraft:default/smithing] me.shedaniel.rei.api.common.display.DisplaySerializer$1@7a3d9c31
[00:31:37] [Server thread/DEBUG] [REI] Added display serializer [minecraft:default/smithing/trimming] me.shedaniel.rei.api.common.display.DisplaySerializer$1@146cf6a
[00:31:37] [Server thread/DEBUG] [REI] Added display serializer [minecraft:default/anvil] me.shedaniel.rei.api.common.display.DisplaySerializer$1@10c0aba0
[00:31:37] [Server thread/DEBUG] [REI] Added display serializer [minecraft:default/beacon_base] me.shedaniel.rei.api.common.display.DisplaySerializer$1@86a306c
[00:31:37] [Server thread/DEBUG] [REI] Added display serializer [minecraft:default/beacon_payment] me.shedaniel.rei.api.common.display.DisplaySerializer$1@779ca9
[00:31:37] [Server thread/DEBUG] [REI] Added display serializer [minecraft:default/tilling] me.shedaniel.rei.api.common.display.DisplaySerializer$1@8a17bd7
[00:31:37] [Server thread/DEBUG] [REI] Added display serializer [minecraft:default/pathing] me.shedaniel.rei.api.common.display.DisplaySerializer$1@6df48413
[00:31:37] [Server thread/DEBUG] [REI] Added display serializer [minecraft:default/waxing] me.shedaniel.rei.api.common.display.DisplaySerializer$1@1b4d4eba
[00:31:37] [Server thread/DEBUG] [REI] Added display serializer [minecraft:default/waxing_scraping] me.shedaniel.rei.api.common.display.DisplaySerializer$1@70318a24
[00:31:37] [Server thread/DEBUG] [REI] Added display serializer [minecraft:default/oxidizing] me.shedaniel.rei.api.common.display.DisplaySerializer$1@28168af2
[00:31:37] [Server thread/DEBUG] [REI] Added display serializer [minecraft:default/oxidizing_scraping] me.shedaniel.rei.api.common.display.DisplaySerializer$1@13226413
[00:31:37] [Server thread/DEBUG] [REI] Added display serializer [roughlyenoughitems:default/information] me.shedaniel.rei.api.common.display.DisplaySerializer$1@46f83ad
[00:31:37] [Server thread/TRACE] [REI] [REICommonPlugin START] Reloading Section: "reloadable-plugin/DisplaySerializerRegistryImpl/DefaultPlugin of DefaultPlugin [roughlyenoughitems]/" done in 47.31 ms
[00:31:37] [Server thread/TRACE] [REI] [REICommonPlugin START] Reloading Section: "reloadable-plugin/DisplaySerializerRegistryImpl/FabricFluidAPISupportPlugin/"
[00:31:37] [Server thread/TRACE] [REI] [REICommonPlugin START] Reloading Section: "reloadable-plugin/DisplaySerializerRegistryImpl/FabricFluidAPISupportPlugin/" done in 31.49 μs
[00:31:37] [Server thread/TRACE] [REI] [REICommonPlugin START] Reloading Section: "reloadable-plugin/DisplaySerializerRegistryImpl/DefaultRuntimePlugin of DefaultRuntimePlugin [roughlyenoughitems]/"
[00:31:37] [Server thread/TRACE] [REI] [REICommonPlugin START] Reloading Section: "reloadable-plugin/DisplaySerializerRegistryImpl/DefaultRuntimePlugin of DefaultRuntimePlugin [roughlyenoughitems]/" done in 15.02 μs
[00:31:37] [Server thread/TRACE] [REI] [REICommonPlugin START] Reloading Section: "reloadable-plugin/DisplaySerializerRegistryImpl/" done in 47.60 ms
[00:31:37] [Server thread/TRACE] [REI] [REICommonPlugin START] Reloading Section: "reloadable-plugin/ServerDisplayRegistryImpl/"
[00:31:37] [Server thread/TRACE] [REI] [REICommonPlugin START] Reloading Section: "reloadable-plugin/ServerDisplayRegistryImpl/DefaultPlugin of DefaultPlugin [roughlyenoughitems]/"
[00:31:37] [Server thread/TRACE] [REI] [REICommonPlugin START] Reloading Section: "reloadable-plugin/ServerDisplayRegistryImpl/DefaultPlugin of DefaultPlugin [roughlyenoughitems]/" done in 13.72 μs
[00:31:37] [Server thread/TRACE] [REI] [REICommonPlugin START] Reloading Section: "reloadable-plugin/ServerDisplayRegistryImpl/FabricFluidAPISupportPlugin/"
[00:31:37] [Server thread/TRACE] [REI] [REICommonPlugin START] Reloading Section: "reloadable-plugin/ServerDisplayRegistryImpl/FabricFluidAPISupportPlugin/" done in 12.93 μs
[00:31:37] [Server thread/TRACE] [REI] [REICommonPlugin START] Reloading Section: "reloadable-plugin/ServerDisplayRegistryImpl/DefaultRuntimePlugin of DefaultRuntimePlugin [roughlyenoughitems]/"
[00:31:37] [Server thread/TRACE] [REI] [REICommonPlugin START] Reloading Section: "reloadable-plugin/ServerDisplayRegistryImpl/DefaultRuntimePlugin of DefaultRuntimePlugin [roughlyenoughitems]/" done in 12.79 μs
[00:31:37] [Server thread/TRACE] [REI] [REICommonPlugin START] Reloading Section: "reloadable-plugin/ServerDisplayRegistryImpl/" done in 237.6 μs
[00:31:37] [Server thread/TRACE] [REI] [REICommonPlugin START] Reloading Section: "reloadable-plugin/FluidSupportProviderImpl/"
[00:31:37] [Server thread/TRACE] [REI] [REICommonPlugin START] Reloading Section: "reloadable-plugin/FluidSupportProviderImpl/DefaultPlugin of DefaultPlugin [roughlyenoughitems]/"
[00:31:37] [Server thread/TRACE] [REI] [REICommonPlugin START] Reloading Section: "reloadable-plugin/FluidSupportProviderImpl/DefaultPlugin of DefaultPlugin [roughlyenoughitems]/" done in 382.4 μs
[00:31:37] [Server thread/TRACE] [REI] [REICommonPlugin START] Reloading Section: "reloadable-plugin/FluidSupportProviderImpl/FabricFluidAPISupportPlugin/"
[00:31:37] [Server thread/TRACE] [REI] [REICommonPlugin START] Reloading Section: "reloadable-plugin/FluidSupportProviderImpl/FabricFluidAPISupportPlugin/" done in 143.1 μs
[00:31:37] [Server thread/TRACE] [REI] [REICommonPlugin START] Reloading Section: "reloadable-plugin/FluidSupportProviderImpl/DefaultRuntimePlugin of DefaultRuntimePlugin [roughlyenoughitems]/"
[00:31:37] [Server thread/TRACE] [REI] [REICommonPlugin START] Reloading Section: "reloadable-plugin/FluidSupportProviderImpl/DefaultRuntimePlugin of DefaultRuntimePlugin [roughlyenoughitems]/" done in 61.14 μs
[00:31:37] [Server thread/TRACE] [REI] [REICommonPlugin START] Reloading Section: "reloadable-plugin/FluidSupportProviderImpl/" done in 891.8 μs
[00:31:37] [Server thread/DEBUG] [REI] ========================================
[00:31:37] [Server thread/DEBUG] [REI] REICommonPlugin ending main-reload for START.
[00:31:37] [Server thread/DEBUG] [REI] ========================================
[00:31:37] [Server thread/TRACE] [REI] [REICommonPlugin START] Reloading Section: "end-reload/"
[00:31:37] [Server thread/TRACE] [REI] [REICommonPlugin START] Reloading Section: "end-reload/SlotAccessorRegistryImpl/"
[00:31:37] [Server thread/TRACE] [REI] [REICommonPlugin START] Reloading Section: "end-reload/SlotAccessorRegistryImpl/" done in 34.50 μs
[00:31:37] [Server thread/TRACE] [REI] [REICommonPlugin START] Reloading Section: "end-reload/EntryTypeRegistryImpl/"
[00:31:37] [Server thread/TRACE] [REI] [REICommonPlugin START] Reloading Section: "end-reload/EntryTypeRegistryImpl/" done in 21.09 μs
[00:31:37] [Server thread/TRACE] [REI] [REICommonPlugin START] Reloading Section: "end-reload/EntrySettingsAdapterRegistryImpl/"
[00:31:37] [Server thread/TRACE] [REI] [REICommonPlugin START] Reloading Section: "end-reload/EntrySettingsAdapterRegistryImpl/" done in 17.56 μs
[00:31:37] [Server thread/TRACE] [REI] [REICommonPlugin START] Reloading Section: "end-reload/ItemComparatorRegistryImpl/"
[00:31:37] [Server thread/TRACE] [REI] [REICommonPlugin START] Reloading Section: "end-reload/ItemComparatorRegistryImpl/" done in 17.21 μs
[00:31:37] [Server thread/TRACE] [REI] [REICommonPlugin START] Reloading Section: "end-reload/FluidComparatorRegistryImpl/"
[00:31:37] [Server thread/TRACE] [REI] [REICommonPlugin START] Reloading Section: "end-reload/FluidComparatorRegistryImpl/" done in 16.83 μs
[00:31:37] [Server thread/TRACE] [REI] [REICommonPlugin START] Reloading Section: "end-reload/DisplaySerializerRegistryImpl/"
[00:31:37] [Server thread/TRACE] [REI] [REICommonPlugin START] Reloading Section: "end-reload/DisplaySerializerRegistryImpl/" done in 15.84 μs
[00:31:37] [Server thread/TRACE] [REI] [REICommonPlugin START] Reloading Section: "end-reload/ServerDisplayRegistryImpl/"
[00:31:37] [Server thread/TRACE] [REI] [REICommonPlugin START] Reloading Section: "end-reload/ServerDisplayRegistryImpl/" done in 15.81 μs
[00:31:37] [Server thread/TRACE] [REI] [REICommonPlugin START] Reloading Section: "end-reload/FluidSupportProviderImpl/"
[00:31:37] [Server thread/TRACE] [REI] [REICommonPlugin START] Reloading Section: "end-reload/FluidSupportProviderImpl/" done in 15.63 μs
[00:31:37] [Server thread/TRACE] [REI] [REICommonPlugin START] Reloading Section: "end-reload/" done in 634.3 μs
[00:31:37] [Server thread/DEBUG] [REI] ========================================
[00:31:37] [Server thread/DEBUG] [REI] REICommonPlugin ended main-reload for START in 66.55 ms.
[00:31:37] [Server thread/DEBUG] [REI] ========================================
[00:31:37] [Server thread/DEBUG] [REI] ========================================
[00:31:37] [Server thread/DEBUG] [REI] REICommonPlugin starting post-reload for START.
[00:31:37] [Server thread/DEBUG] [REI] Reloadables (8):
[00:31:37] [Server thread/DEBUG] [REI]  - SlotAccessorRegistryImpl
[00:31:37] [Server thread/DEBUG] [REI]  - EntryTypeRegistryImpl
[00:31:37] [Server thread/DEBUG] [REI]  - EntrySettingsAdapterRegistryImpl
[00:31:37] [Server thread/DEBUG] [REI]  - ItemComparatorRegistryImpl
[00:31:37] [Server thread/DEBUG] [REI]  - FluidComparatorRegistryImpl
[00:31:37] [Server thread/DEBUG] [REI]  - DisplaySerializerRegistryImpl
[00:31:37] [Server thread/DEBUG] [REI]  - ServerDisplayRegistryImpl
[00:31:37] [Server thread/DEBUG] [REI]  - FluidSupportProviderImpl
[00:31:37] [Server thread/DEBUG] [REI] Plugins (3):
[00:31:37] [Server thread/DEBUG] [REI]  - (-100.00) DefaultPlugin of DefaultPlugin [roughlyenoughitems]
[00:31:37] [Server thread/DEBUG] [REI]  - (0.00) FabricFluidAPISupportPlugin
[00:31:37] [Server thread/DEBUG] [REI]  - (0.00) DefaultRuntimePlugin of DefaultRuntimePlugin [roughlyenoughitems]
[00:31:37] [Server thread/DEBUG] [REI] ========================================
[00:31:37] [Server thread/TRACE] [REI] [REICommonPlugin START] Reloading Section: "post-register/"
[00:31:37] [Server thread/TRACE] [REI] [REICommonPlugin START] Reloading Section: "post-register/DefaultPlugin of DefaultPlugin [roughlyenoughitems]/"
[00:31:37] [Server thread/TRACE] [REI] [REICommonPlugin START] Reloading Section: "post-register/DefaultPlugin of DefaultPlugin [roughlyenoughitems]/" done in 147.1 μs
[00:31:37] [Server thread/TRACE] [REI] [REICommonPlugin START] Reloading Section: "post-register/FabricFluidAPISupportPlugin/"
[00:31:37] [Server thread/TRACE] [REI] [REICommonPlugin START] Reloading Section: "post-register/FabricFluidAPISupportPlugin/" done in 23.59 μs
[00:31:37] [Server thread/TRACE] [REI] [REICommonPlugin START] Reloading Section: "post-register/DefaultRuntimePlugin of DefaultRuntimePlugin [roughlyenoughitems]/"
[00:31:37] [Server thread/TRACE] [REI] [REICommonPlugin START] Reloading Section: "post-register/DefaultRuntimePlugin of DefaultRuntimePlugin [roughlyenoughitems]/" done in 17.66 μs
[00:31:37] [Server thread/TRACE] [REI] [REICommonPlugin START] Reloading Section: "post-register/" done in 622.3 μs
[00:31:37] [Server thread/TRACE] [REI] [REICommonPlugin START] Reloading Section: "post-stage/"
[00:31:37] [Server thread/TRACE] [REI] [REICommonPlugin START] Reloading Section: "post-stage/SlotAccessorRegistryImpl/"
[00:31:37] [Server thread/TRACE] [REI] [REICommonPlugin START] Reloading Section: "post-stage/SlotAccessorRegistryImpl/" done in 27.72 μs
[00:31:37] [Server thread/TRACE] [REI] [REICommonPlugin START] Reloading Section: "post-stage/EntryTypeRegistryImpl/"
[00:31:37] [Server thread/TRACE] [REI] [REICommonPlugin START] Reloading Section: "post-stage/EntryTypeRegistryImpl/" done in 15.03 μs
[00:31:37] [Server thread/TRACE] [REI] [REICommonPlugin START] Reloading Section: "post-stage/EntrySettingsAdapterRegistryImpl/"
[00:31:37] [Server thread/TRACE] [REI] [REICommonPlugin START] Reloading Section: "post-stage/EntrySettingsAdapterRegistryImpl/" done in 12.63 μs
[00:31:37] [Server thread/TRACE] [REI] [REICommonPlugin START] Reloading Section: "post-stage/ItemComparatorRegistryImpl/"
[00:31:37] [Server thread/TRACE] [REI] [REICommonPlugin START] Reloading Section: "post-stage/ItemComparatorRegistryImpl/" done in 16.37 μs
[00:31:37] [Server thread/TRACE] [REI] [REICommonPlugin START] Reloading Section: "post-stage/FluidComparatorRegistryImpl/"
[00:31:37] [Server thread/TRACE] [REI] [REICommonPlugin START] Reloading Section: "post-stage/FluidComparatorRegistryImpl/" done in 12.77 μs
[00:31:37] [Server thread/TRACE] [REI] [REICommonPlugin START] Reloading Section: "post-stage/DisplaySerializerRegistryImpl/"
[00:31:37] [Server thread/TRACE] [REI] [REICommonPlugin START] Reloading Section: "post-stage/DisplaySerializerRegistryImpl/" done in 21.27 μs
[00:31:37] [Server thread/TRACE] [REI] [REICommonPlugin START] Reloading Section: "post-stage/ServerDisplayRegistryImpl/"
[00:31:37] [Server thread/TRACE] [REI] [REICommonPlugin START] Reloading Section: "post-stage/ServerDisplayRegistryImpl/" done in 14.82 μs
[00:31:37] [Server thread/TRACE] [REI] [REICommonPlugin START] Reloading Section: "post-stage/FluidSupportProviderImpl/"
[00:31:37] [Server thread/TRACE] [REI] [REICommonPlugin START] Reloading Section: "post-stage/FluidSupportProviderImpl/" done in 11.74 μs
[00:31:37] [Server thread/TRACE] [REI] [REICommonPlugin START] Reloading Section: "post-stage/" done in 556.4 μs
[00:31:37] [Server thread/DEBUG] [REI] ========================================
[00:31:37] [Server thread/INFO] [REI] REICommonPlugin finished post-reload for START in 1.609 ms, totaling 81.82 ms.
[00:31:37] [Server thread/DEBUG] [REI] ========================================
[00:31:37] [Server thread/DEBUG] [REI] ========================================
[00:31:37] [Server thread/DEBUG] [REI] REICommonPlugin starting pre-reload for END.
[00:31:37] [Server thread/DEBUG] [REI] Reloadables (8):
[00:31:37] [Server thread/DEBUG] [REI]  - SlotAccessorRegistryImpl
[00:31:37] [Server thread/DEBUG] [REI]  - EntryTypeRegistryImpl
[00:31:37] [Server thread/DEBUG] [REI]  - EntrySettingsAdapterRegistryImpl
[00:31:37] [Server thread/DEBUG] [REI]  - ItemComparatorRegistryImpl
[00:31:37] [Server thread/DEBUG] [REI]  - FluidComparatorRegistryImpl
[00:31:37] [Server thread/DEBUG] [REI]  - DisplaySerializerRegistryImpl
[00:31:37] [Server thread/DEBUG] [REI]  - ServerDisplayRegistryImpl
[00:31:37] [Server thread/DEBUG] [REI]  - FluidSupportProviderImpl
[00:31:37] [Server thread/DEBUG] [REI] Plugins (3):
[00:31:37] [Server thread/DEBUG] [REI]  - (-100.00) DefaultPlugin of DefaultPlugin [roughlyenoughitems]
[00:31:37] [Server thread/DEBUG] [REI]  - (0.00) FabricFluidAPISupportPlugin
[00:31:37] [Server thread/DEBUG] [REI]  - (0.00) DefaultRuntimePlugin of DefaultRuntimePlugin [roughlyenoughitems]
[00:31:37] [Server thread/DEBUG] [REI] ========================================
[00:31:37] [Server thread/TRACE] [REI] [REICommonPlugin END] Reloading Section: "pre-register/"
[00:31:37] [Server thread/TRACE] [REI] [REICommonPlugin END] Reloading Section: "pre-register/DefaultPlugin of DefaultPlugin [roughlyenoughitems]/"
[00:31:37] [Server thread/TRACE] [REI] [REICommonPlugin END] Reloading Section: "pre-register/DefaultPlugin of DefaultPlugin [roughlyenoughitems]/" done in 21.09 μs
[00:31:37] [Server thread/TRACE] [REI] [REICommonPlugin END] Reloading Section: "pre-register/FabricFluidAPISupportPlugin/"
[00:31:37] [Server thread/TRACE] [REI] [REICommonPlugin END] Reloading Section: "pre-register/FabricFluidAPISupportPlugin/" done in 16.39 μs
[00:31:37] [Server thread/TRACE] [REI] [REICommonPlugin END] Reloading Section: "pre-register/DefaultRuntimePlugin of DefaultRuntimePlugin [roughlyenoughitems]/"
[00:31:37] [Server thread/TRACE] [REI] [REICommonPlugin END] Reloading Section: "pre-register/DefaultRuntimePlugin of DefaultRuntimePlugin [roughlyenoughitems]/" done in 15.11 μs
[00:31:37] [Server thread/TRACE] [REI] [REICommonPlugin END] Reloading Section: "pre-register/" done in 217.1 μs
[00:31:37] [Server thread/TRACE] [REI] [REICommonPlugin END] Reloading Section: "pre-stage/"
[00:31:37] [Server thread/TRACE] [REI] [REICommonPlugin END] Reloading Section: "pre-stage/SlotAccessorRegistryImpl/"
[00:31:37] [Server thread/TRACE] [REI] [REICommonPlugin END] Reloading Section: "pre-stage/SlotAccessorRegistryImpl/" done in 13.19 μs
[00:31:37] [Server thread/TRACE] [REI] [REICommonPlugin END] Reloading Section: "pre-stage/EntryTypeRegistryImpl/"
[00:31:37] [Server thread/TRACE] [REI] [REICommonPlugin END] Reloading Section: "pre-stage/EntryTypeRegistryImpl/" done in 13.34 μs
[00:31:37] [Server thread/TRACE] [REI] [REICommonPlugin END] Reloading Section: "pre-stage/EntrySettingsAdapterRegistryImpl/"
[00:31:37] [Server thread/TRACE] [REI] [REICommonPlugin END] Reloading Section: "pre-stage/EntrySettingsAdapterRegistryImpl/" done in 101.8 μs
[00:31:37] [Server thread/TRACE] [REI] [REICommonPlugin END] Reloading Section: "pre-stage/ItemComparatorRegistryImpl/"
[00:31:37] [Server thread/TRACE] [REI] [REICommonPlugin END] Reloading Section: "pre-stage/ItemComparatorRegistryImpl/" done in 16.12 μs
[00:31:37] [Server thread/TRACE] [REI] [REICommonPlugin END] Reloading Section: "pre-stage/FluidComparatorRegistryImpl/"
[00:31:37] [Server thread/TRACE] [REI] [REICommonPlugin END] Reloading Section: "pre-stage/FluidComparatorRegistryImpl/" done in 14.22 μs
[00:31:37] [Server thread/TRACE] [REI] [REICommonPlugin END] Reloading Section: "pre-stage/DisplaySerializerRegistryImpl/"
[00:31:37] [Server thread/TRACE] [REI] [REICommonPlugin END] Reloading Section: "pre-stage/DisplaySerializerRegistryImpl/" done in 12.51 μs
[00:31:37] [Server thread/TRACE] [REI] [REICommonPlugin END] Reloading Section: "pre-stage/ServerDisplayRegistryImpl/"
[00:31:37] [Server thread/TRACE] [REI] [REICommonPlugin END] Reloading Section: "pre-stage/ServerDisplayRegistryImpl/" done in 11.10 μs
[00:31:37] [Server thread/TRACE] [REI] [REICommonPlugin END] Reloading Section: "pre-stage/FluidSupportProviderImpl/"
[00:31:37] [Server thread/TRACE] [REI] [REICommonPlugin END] Reloading Section: "pre-stage/FluidSupportProviderImpl/" done in 22.65 μs
[00:31:37] [Server thread/TRACE] [REI] [REICommonPlugin END] Reloading Section: "pre-stage/" done in 2.866 ms
[00:31:37] [Server thread/DEBUG] [REI] ========================================
[00:31:37] [Server thread/DEBUG] [REI] REICommonPlugin finished pre-reload for END in 3.163 ms.
[00:31:37] [Server thread/DEBUG] [REI] ========================================
[00:31:37] [Server thread/INFO] [REI] @@@@@@@@@@@@@@@@@@@@@@@@@@@@@@@@@@@@@@@@
[00:31:37] [Server thread/INFO] [REI] REICommonPlugin starting main-reload for END.
[00:31:37] [Server thread/DEBUG] [REI] Reloadables (8):
[00:31:37] [Server thread/DEBUG] [REI]  - SlotAccessorRegistryImpl
[00:31:37] [Server thread/DEBUG] [REI]  - EntryTypeRegistryImpl
[00:31:37] [Server thread/DEBUG] [REI]  - EntrySettingsAdapterRegistryImpl
[00:31:37] [Server thread/DEBUG] [REI]  - ItemComparatorRegistryImpl
[00:31:37] [Server thread/DEBUG] [REI]  - FluidComparatorRegistryImpl
[00:31:37] [Server thread/DEBUG] [REI]  - DisplaySerializerRegistryImpl
[00:31:37] [Server thread/DEBUG] [REI]  - ServerDisplayRegistryImpl
[00:31:37] [Server thread/DEBUG] [REI]  - FluidSupportProviderImpl
[00:31:37] [Server thread/INFO] [REI] Plugins (3):
[00:31:37] [Server thread/INFO] [REI]  - (-100.00) DefaultPlugin of DefaultPlugin [roughlyenoughitems]
[00:31:37] [Server thread/INFO] [REI]  - (0.00) FabricFluidAPISupportPlugin
[00:31:37] [Server thread/INFO] [REI]  - (0.00) DefaultRuntimePlugin of DefaultRuntimePlugin [roughlyenoughitems]
[00:31:37] [Server thread/INFO] [REI] @@@@@@@@@@@@@@@@@@@@@@@@@@@@@@@@@@@@@@@@
[00:31:37] [Server thread/TRACE] [REI] [REICommonPlugin END] Reloading Section: "start-reload/"
[00:31:37] [Server thread/TRACE] [REI] [REICommonPlugin END] Reloading Section: "start-reload/SlotAccessorRegistryImpl/"
[00:31:37] [Server thread/TRACE] [REI] [REICommonPlugin END] Reloading Section: "start-reload/SlotAccessorRegistryImpl/" done in 29.45 μs
[00:31:37] [Server thread/TRACE] [REI] [REICommonPlugin END] Reloading Section: "start-reload/EntryTypeRegistryImpl/"
[00:31:37] [Server thread/TRACE] [REI] [REICommonPlugin END] Reloading Section: "start-reload/EntryTypeRegistryImpl/" done in 27.71 μs
[00:31:37] [Server thread/TRACE] [REI] [REICommonPlugin END] Reloading Section: "start-reload/EntrySettingsAdapterRegistryImpl/"
[00:31:37] [Server thread/TRACE] [REI] [REICommonPlugin END] Reloading Section: "start-reload/EntrySettingsAdapterRegistryImpl/" done in 25.01 μs
[00:31:37] [Server thread/TRACE] [REI] [REICommonPlugin END] Reloading Section: "start-reload/ItemComparatorRegistryImpl/"
[00:31:37] [Server thread/TRACE] [REI] [REICommonPlugin END] Reloading Section: "start-reload/ItemComparatorRegistryImpl/" done in 25.69 μs
[00:31:37] [Server thread/TRACE] [REI] [REICommonPlugin END] Reloading Section: "start-reload/FluidComparatorRegistryImpl/"
[00:31:37] [Server thread/TRACE] [REI] [REICommonPlugin END] Reloading Section: "start-reload/FluidComparatorRegistryImpl/" done in 13.74 μs
[00:31:37] [Server thread/TRACE] [REI] [REICommonPlugin END] Reloading Section: "start-reload/DisplaySerializerRegistryImpl/"
[00:31:37] [Server thread/TRACE] [REI] [REICommonPlugin END] Reloading Section: "start-reload/DisplaySerializerRegistryImpl/" done in 12.19 μs
[00:31:37] [Server thread/TRACE] [REI] [REICommonPlugin END] Reloading Section: "start-reload/ServerDisplayRegistryImpl/"
[00:31:37] [Server thread/TRACE] [REI] [REICommonPlugin END] Reloading Section: "start-reload/ServerDisplayRegistryImpl/" done in 97.53 μs
[00:31:37] [Server thread/TRACE] [REI] [REICommonPlugin END] Reloading Section: "start-reload/FluidSupportProviderImpl/"
[00:31:37] [Server thread/TRACE] [REI] [REICommonPlugin END] Reloading Section: "start-reload/FluidSupportProviderImpl/" done in 12.85 μs
[00:31:37] [Server thread/TRACE] [REI] [REICommonPlugin END] Reloading Section: "start-reload/" done in 1.430 ms
[00:31:37] [Server thread/DEBUG] [REI] ========================================
[00:31:37] [Server thread/DEBUG] [REI] REICommonPlugin started main-reload for END.
[00:31:37] [Server thread/DEBUG] [REI] ========================================
[00:31:37] [Server thread/TRACE] [REI] [REICommonPlugin END] Reloading Section: "reloadable-plugin/SlotAccessorRegistryImpl/"
[00:31:37] [Server thread/TRACE] [REI] [REICommonPlugin END] Reloading Section: "reloadable-plugin/SlotAccessorRegistryImpl/DefaultPlugin of DefaultPlugin [roughlyenoughitems]/"
[00:31:37] [Server thread/TRACE] [REI] [REICommonPlugin END] Reloading Section: "reloadable-plugin/SlotAccessorRegistryImpl/DefaultPlugin of DefaultPlugin [roughlyenoughitems]/" done in 28.97 μs
[00:31:37] [Server thread/TRACE] [REI] [REICommonPlugin END] Reloading Section: "reloadable-plugin/SlotAccessorRegistryImpl/FabricFluidAPISupportPlugin/"
[00:31:37] [Server thread/TRACE] [REI] [REICommonPlugin END] Reloading Section: "reloadable-plugin/SlotAccessorRegistryImpl/FabricFluidAPISupportPlugin/" done in 334.7 μs
[00:31:37] [Server thread/TRACE] [REI] [REICommonPlugin END] Reloading Section: "reloadable-plugin/SlotAccessorRegistryImpl/DefaultRuntimePlugin of DefaultRuntimePlugin [roughlyenoughitems]/"
[00:31:37] [Server thread/DEBUG] [REI] Added slot accessor serializer: me.shedaniel.rei.plugin.common.runtime.DefaultRuntimePlugin$1@7c5aca90 [roughlyenoughitems:vanilla]
[00:31:37] [Server thread/DEBUG] [REI] Added slot accessor serializer: me.shedaniel.rei.plugin.common.runtime.DefaultRuntimePlugin$2@5f6e4406 [roughlyenoughitems:player]
[00:31:37] [Server thread/TRACE] [REI] [REICommonPlugin END] Reloading Section: "reloadable-plugin/SlotAccessorRegistryImpl/DefaultRuntimePlugin of DefaultRuntimePlugin [roughlyenoughitems]/" done in 1.916 ms
[00:31:37] [Server thread/TRACE] [REI] [REICommonPlugin END] Reloading Section: "reloadable-plugin/SlotAccessorRegistryImpl/" done in 2.931 ms
[00:31:37] [Server thread/TRACE] [REI] [REICommonPlugin END] Reloading Section: "reloadable-plugin/EntryTypeRegistryImpl/"
[00:31:37] [Server thread/TRACE] [REI] [REICommonPlugin END] Reloading Section: "reloadable-plugin/EntryTypeRegistryImpl/DefaultPlugin of DefaultPlugin [roughlyenoughitems]/"
[00:31:37] [Server thread/TRACE] [REI] [REICommonPlugin END] Reloading Section: "reloadable-plugin/EntryTypeRegistryImpl/DefaultPlugin of DefaultPlugin [roughlyenoughitems]/" done in 17.71 μs
[00:31:37] [Server thread/TRACE] [REI] [REICommonPlugin END] Reloading Section: "reloadable-plugin/EntryTypeRegistryImpl/FabricFluidAPISupportPlugin/"
[00:31:37] [Server thread/TRACE] [REI] [REICommonPlugin END] Reloading Section: "reloadable-plugin/EntryTypeRegistryImpl/FabricFluidAPISupportPlugin/" done in 13.43 μs
[00:31:37] [Server thread/TRACE] [REI] [REICommonPlugin END] Reloading Section: "reloadable-plugin/EntryTypeRegistryImpl/DefaultRuntimePlugin of DefaultRuntimePlugin [roughlyenoughitems]/"
[00:31:37] [Server thread/TRACE] [REI] [REICommonPlugin END] Reloading Section: "reloadable-plugin/EntryTypeRegistryImpl/DefaultRuntimePlugin of DefaultRuntimePlugin [roughlyenoughitems]/" done in 13.31 μs
[00:31:37] [Server thread/TRACE] [REI] [REICommonPlugin END] Reloading Section: "reloadable-plugin/EntryTypeRegistryImpl/" done in 597.9 μs
[00:31:37] [Server thread/TRACE] [REI] [REICommonPlugin END] Reloading Section: "reloadable-plugin/EntrySettingsAdapterRegistryImpl/"
[00:31:37] [Server thread/TRACE] [REI] [REICommonPlugin END] Reloading Section: "reloadable-plugin/EntrySettingsAdapterRegistryImpl/DefaultPlugin of DefaultPlugin [roughlyenoughitems]/"
[00:31:37] [Server thread/TRACE] [REI] [REICommonPlugin END] Reloading Section: "reloadable-plugin/EntrySettingsAdapterRegistryImpl/DefaultPlugin of DefaultPlugin [roughlyenoughitems]/" done in 31.69 μs
[00:31:37] [Server thread/TRACE] [REI] [REICommonPlugin END] Reloading Section: "reloadable-plugin/EntrySettingsAdapterRegistryImpl/FabricFluidAPISupportPlugin/"
[00:31:37] [Server thread/TRACE] [REI] [REICommonPlugin END] Reloading Section: "reloadable-plugin/EntrySettingsAdapterRegistryImpl/FabricFluidAPISupportPlugin/" done in 25.44 μs
[00:31:37] [Server thread/TRACE] [REI] [REICommonPlugin END] Reloading Section: "reloadable-plugin/EntrySettingsAdapterRegistryImpl/DefaultRuntimePlugin of DefaultRuntimePlugin [roughlyenoughitems]/"
[00:31:37] [Server thread/TRACE] [REI] [REICommonPlugin END] Reloading Section: "reloadable-plugin/EntrySettingsAdapterRegistryImpl/DefaultRuntimePlugin of DefaultRuntimePlugin [roughlyenoughitems]/" done in 16.78 μs
[00:31:37] [Server thread/TRACE] [REI] [REICommonPlugin END] Reloading Section: "reloadable-plugin/EntrySettingsAdapterRegistryImpl/" done in 286.6 μs
[00:31:37] [Server thread/TRACE] [REI] [REICommonPlugin END] Reloading Section: "reloadable-plugin/ItemComparatorRegistryImpl/"
[00:31:37] [Server thread/TRACE] [REI] [REICommonPlugin END] Reloading Section: "reloadable-plugin/ItemComparatorRegistryImpl/DefaultPlugin of DefaultPlugin [roughlyenoughitems]/"
[00:31:37] [Server thread/TRACE] [REI] [REICommonPlugin END] Reloading Section: "reloadable-plugin/ItemComparatorRegistryImpl/DefaultPlugin of DefaultPlugin [roughlyenoughitems]/" done in 16.69 μs
[00:31:37] [Server thread/TRACE] [REI] [REICommonPlugin END] Reloading Section: "reloadable-plugin/ItemComparatorRegistryImpl/FabricFluidAPISupportPlugin/"
[00:31:37] [Server thread/TRACE] [REI] [REICommonPlugin END] Reloading Section: "reloadable-plugin/ItemComparatorRegistryImpl/FabricFluidAPISupportPlugin/" done in 14.24 μs
[00:31:37] [Server thread/TRACE] [REI] [REICommonPlugin END] Reloading Section: "reloadable-plugin/ItemComparatorRegistryImpl/DefaultRuntimePlugin of DefaultRuntimePlugin [roughlyenoughitems]/"
[00:31:37] [Server thread/TRACE] [REI] [REICommonPlugin END] Reloading Section: "reloadable-plugin/ItemComparatorRegistryImpl/DefaultRuntimePlugin of DefaultRuntimePlugin [roughlyenoughitems]/" done in 13.29 μs
[00:31:37] [Server thread/TRACE] [REI] [REICommonPlugin END] Reloading Section: "reloadable-plugin/ItemComparatorRegistryImpl/" done in 163.1 μs
[00:31:37] [Server thread/TRACE] [REI] [REICommonPlugin END] Reloading Section: "reloadable-plugin/FluidComparatorRegistryImpl/"
[00:31:37] [Server thread/TRACE] [REI] [REICommonPlugin END] Reloading Section: "reloadable-plugin/FluidComparatorRegistryImpl/DefaultPlugin of DefaultPlugin [roughlyenoughitems]/"
[00:31:37] [Server thread/TRACE] [REI] [REICommonPlugin END] Reloading Section: "reloadable-plugin/FluidComparatorRegistryImpl/DefaultPlugin of DefaultPlugin [roughlyenoughitems]/" done in 14.70 μs
[00:31:37] [Server thread/TRACE] [REI] [REICommonPlugin END] Reloading Section: "reloadable-plugin/FluidComparatorRegistryImpl/FabricFluidAPISupportPlugin/"
[00:31:37] [Server thread/TRACE] [REI] [REICommonPlugin END] Reloading Section: "reloadable-plugin/FluidComparatorRegistryImpl/FabricFluidAPISupportPlugin/" done in 62.12 μs
[00:31:37] [Server thread/TRACE] [REI] [REICommonPlugin END] Reloading Section: "reloadable-plugin/FluidComparatorRegistryImpl/DefaultRuntimePlugin of DefaultRuntimePlugin [roughlyenoughitems]/"
[00:31:37] [Server thread/TRACE] [REI] [REICommonPlugin END] Reloading Section: "reloadable-plugin/FluidComparatorRegistryImpl/DefaultRuntimePlugin of DefaultRuntimePlugin [roughlyenoughitems]/" done in 17.11 μs
[00:31:37] [Server thread/TRACE] [REI] [REICommonPlugin END] Reloading Section: "reloadable-plugin/FluidComparatorRegistryImpl/" done in 233.3 μs
[00:31:37] [Server thread/TRACE] [REI] [REICommonPlugin END] Reloading Section: "reloadable-plugin/DisplaySerializerRegistryImpl/"
[00:31:37] [Server thread/TRACE] [REI] [REICommonPlugin END] Reloading Section: "reloadable-plugin/DisplaySerializerRegistryImpl/DefaultPlugin of DefaultPlugin [roughlyenoughitems]/"
[00:31:37] [Server thread/TRACE] [REI] [REICommonPlugin END] Reloading Section: "reloadable-plugin/DisplaySerializerRegistryImpl/DefaultPlugin of DefaultPlugin [roughlyenoughitems]/" done in 15.49 μs
[00:31:37] [Server thread/TRACE] [REI] [REICommonPlugin END] Reloading Section: "reloadable-plugin/DisplaySerializerRegistryImpl/FabricFluidAPISupportPlugin/"
[00:31:37] [Server thread/TRACE] [REI] [REICommonPlugin END] Reloading Section: "reloadable-plugin/DisplaySerializerRegistryImpl/FabricFluidAPISupportPlugin/" done in 15.68 μs
[00:31:37] [Server thread/TRACE] [REI] [REICommonPlugin END] Reloading Section: "reloadable-plugin/DisplaySerializerRegistryImpl/DefaultRuntimePlugin of DefaultRuntimePlugin [roughlyenoughitems]/"
[00:31:37] [Server thread/TRACE] [REI] [REICommonPlugin END] Reloading Section: "reloadable-plugin/DisplaySerializerRegistryImpl/DefaultRuntimePlugin of DefaultRuntimePlugin [roughlyenoughitems]/" done in 13.38 μs
[00:31:37] [Server thread/TRACE] [REI] [REICommonPlugin END] Reloading Section: "reloadable-plugin/DisplaySerializerRegistryImpl/" done in 2.276 ms
[00:31:37] [Server thread/TRACE] [REI] [REICommonPlugin END] Reloading Section: "reloadable-plugin/ServerDisplayRegistryImpl/"
[00:31:37] [Server thread/TRACE] [REI] [REICommonPlugin END] Reloading Section: "reloadable-plugin/ServerDisplayRegistryImpl/DefaultPlugin of DefaultPlugin [roughlyenoughitems]/"
[00:31:37] [Server thread/DEBUG] [REI] Added display filter: me.shedaniel.rei.api.common.registry.display.DisplayConsumer$RecipeManagerConsumer$RecipeFillerBuilder$$Lambda/0x0000747325768000@8e46846
[00:31:37] [Server thread/DEBUG] [REI] Added display filter: me.shedaniel.rei.api.common.registry.display.DisplayConsumer$RecipeManagerConsumer$RecipeFillerBuilder$$Lambda/0x0000747325768000@149ea987
[00:31:37] [Server thread/DEBUG] [REI] Added display filter: me.shedaniel.rei.api.common.registry.display.DisplayConsumer$RecipeManagerConsumer$RecipeFillerBuilder$$Lambda/0x0000747325768000@3e67284d
[00:31:37] [Server thread/DEBUG] [REI] Added display filter: me.shedaniel.rei.api.common.registry.display.DisplayConsumer$RecipeManagerConsumer$RecipeFillerBuilder$$Lambda/0x0000747325768000@37e54b7a
[00:31:37] [Server thread/DEBUG] [REI] Added display filter: me.shedaniel.rei.api.common.registry.display.DisplayConsumer$RecipeManagerConsumer$RecipeFillerBuilder$$Lambda/0x0000747325768000@73494fcc
[00:31:37] [Server thread/DEBUG] [REI] Added display filter: me.shedaniel.rei.api.common.registry.display.DisplayConsumer$RecipeManagerConsumer$RecipeFillerBuilder$$Lambda/0x0000747325768000@8cf877d
[00:31:37] [Server thread/DEBUG] [REI] Added display filter: me.shedaniel.rei.api.common.registry.display.DisplayConsumer$RecipeManagerConsumer$RecipeFillerBuilder$$Lambda/0x0000747325768000@1ca5973a
[00:31:37] [Server thread/DEBUG] [REI] Added display filter: me.shedaniel.rei.api.common.registry.display.DisplayConsumer$RecipeManagerConsumer$RecipeFillerBuilder$$Lambda/0x0000747325769898@511d8869
[00:31:37] [Server thread/DEBUG] [REI] Added display filter: me.shedaniel.rei.api.common.registry.display.DisplayConsumer$RecipeManagerConsumer$RecipeFillerBuilder$$Lambda/0x0000747325769898@7b064a94
[00:31:37] [Server thread/DEBUG] [REI] Added display filter: me.shedaniel.rei.api.common.registry.display.DisplayConsumer$RecipeManagerConsumer$RecipeFillerBuilder$$Lambda/0x0000747325769898@21d99791
[00:31:37] [Server thread/DEBUG] [REI] Added display filter: me.shedaniel.rei.api.common.registry.display.DisplayConsumer$RecipeManagerConsumer$RecipeFillerBuilder$$Lambda/0x0000747325769898@4e7e9457
[00:31:37] [Server thread/DEBUG] [REI] Added display filter: me.shedaniel.rei.api.common.registry.display.DisplayConsumer$RecipeManagerConsumer$RecipeFillerBuilder$$Lambda/0x0000747325769898@739d1331
[00:31:37] [Server thread/DEBUG] [REI] Added display filter: me.shedaniel.rei.api.common.registry.display.DisplayConsumer$RecipeManagerConsumer$RecipeFillerBuilder$$Lambda/0x0000747325769898@3a86a53c
[00:31:37] [Server thread/DEBUG] [REI] Added display filter: me.shedaniel.rei.api.common.registry.display.DisplayConsumer$RecipeManagerConsumer$RecipeFillerBuilder$$Lambda/0x0000747325769898@578ed8e2
[00:31:37] [Server thread/DEBUG] [REI] Added display filter: me.shedaniel.rei.api.common.registry.display.DisplayConsumer$RecipeManagerConsumer$RecipeFillerBuilder$$Lambda/0x0000747325769898@6d682268
[00:31:37] [Server thread/DEBUG] [REI] Added display filter: me.shedaniel.rei.api.common.registry.display.DisplayConsumer$RecipeManagerConsumer$RecipeFillerBuilder$$Lambda/0x0000747325769898@76f7b06f
[00:31:37] [Server thread/TRACE] [REI] [REICommonPlugin END] Reloading Section: "reloadable-plugin/ServerDisplayRegistryImpl/DefaultPlugin of DefaultPlugin [roughlyenoughitems]/" done in 5.628 ms
[00:31:37] [Server thread/TRACE] [REI] [REICommonPlugin END] Reloading Section: "reloadable-plugin/ServerDisplayRegistryImpl/FabricFluidAPISupportPlugin/"
[00:31:37] [Server thread/TRACE] [REI] [REICommonPlugin END] Reloading Section: "reloadable-plugin/ServerDisplayRegistryImpl/FabricFluidAPISupportPlugin/" done in 21.88 μs
[00:31:37] [Server thread/TRACE] [REI] [REICommonPlugin END] Reloading Section: "reloadable-plugin/ServerDisplayRegistryImpl/DefaultRuntimePlugin of DefaultRuntimePlugin [roughlyenoughitems]/"
[00:31:37] [Server thread/TRACE] [REI] [REICommonPlugin END] Reloading Section: "reloadable-plugin/ServerDisplayRegistryImpl/DefaultRuntimePlugin of DefaultRuntimePlugin [roughlyenoughitems]/" done in 20.54 μs
[00:31:37] [Server thread/TRACE] [REI] [REICommonPlugin END] Reloading Section: "reloadable-plugin/ServerDisplayRegistryImpl/" done in 5.892 ms
[00:31:37] [Server thread/TRACE] [REI] [REICommonPlugin END] Reloading Section: "reloadable-plugin/FluidSupportProviderImpl/"
[00:31:37] [Server thread/TRACE] [REI] [REICommonPlugin END] Reloading Section: "reloadable-plugin/FluidSupportProviderImpl/DefaultPlugin of DefaultPlugin [roughlyenoughitems]/"
[00:31:37] [Server thread/TRACE] [REI] [REICommonPlugin END] Reloading Section: "reloadable-plugin/FluidSupportProviderImpl/DefaultPlugin of DefaultPlugin [roughlyenoughitems]/" done in 13.27 μs
[00:31:37] [Server thread/TRACE] [REI] [REICommonPlugin END] Reloading Section: "reloadable-plugin/FluidSupportProviderImpl/FabricFluidAPISupportPlugin/"
[00:31:37] [Server thread/TRACE] [REI] [REICommonPlugin END] Reloading Section: "reloadable-plugin/FluidSupportProviderImpl/FabricFluidAPISupportPlugin/" done in 25.30 μs
[00:31:37] [Server thread/TRACE] [REI] [REICommonPlugin END] Reloading Section: "reloadable-plugin/FluidSupportProviderImpl/DefaultRuntimePlugin of DefaultRuntimePlugin [roughlyenoughitems]/"
[00:31:37] [Server thread/TRACE] [REI] [REICommonPlugin END] Reloading Section: "reloadable-plugin/FluidSupportProviderImpl/DefaultRuntimePlugin of DefaultRuntimePlugin [roughlyenoughitems]/" done in 14.08 μs
[00:31:37] [Server thread/TRACE] [REI] [REICommonPlugin END] Reloading Section: "reloadable-plugin/FluidSupportProviderImpl/" done in 168.4 μs
[00:31:37] [Server thread/DEBUG] [REI] ========================================
[00:31:37] [Server thread/DEBUG] [REI] REICommonPlugin ending main-reload for END.
[00:31:37] [Server thread/DEBUG] [REI] ========================================
[00:31:37] [Server thread/TRACE] [REI] [REICommonPlugin END] Reloading Section: "end-reload/"
[00:31:37] [Server thread/TRACE] [REI] [REICommonPlugin END] Reloading Section: "end-reload/SlotAccessorRegistryImpl/"
[00:31:37] [Server thread/DEBUG] [REI] Registered 2 slot accessor serializers
[00:31:37] [Server thread/TRACE] [REI] [REICommonPlugin END] Reloading Section: "end-reload/SlotAccessorRegistryImpl/" done in 49.77 μs
[00:31:37] [Server thread/TRACE] [REI] [REICommonPlugin END] Reloading Section: "end-reload/EntryTypeRegistryImpl/"
[00:31:37] [Server thread/TRACE] [REI] [REICommonPlugin END] Reloading Section: "end-reload/EntryTypeRegistryImpl/" done in 9.331 μs
[00:31:37] [Server thread/TRACE] [REI] [REICommonPlugin END] Reloading Section: "end-reload/EntrySettingsAdapterRegistryImpl/"
[00:31:37] [Server thread/TRACE] [REI] [REICommonPlugin END] Reloading Section: "end-reload/EntrySettingsAdapterRegistryImpl/" done in 8.648 μs
[00:31:37] [Server thread/TRACE] [REI] [REICommonPlugin END] Reloading Section: "end-reload/ItemComparatorRegistryImpl/"
[00:31:37] [Server thread/TRACE] [REI] [REICommonPlugin END] Reloading Section: "end-reload/ItemComparatorRegistryImpl/" done in 8.307 μs
[00:31:37] [Server thread/TRACE] [REI] [REICommonPlugin END] Reloading Section: "end-reload/FluidComparatorRegistryImpl/"
[00:31:37] [Server thread/TRACE] [REI] [REICommonPlugin END] Reloading Section: "end-reload/FluidComparatorRegistryImpl/" done in 7.925 μs
[00:31:37] [Server thread/TRACE] [REI] [REICommonPlugin END] Reloading Section: "end-reload/DisplaySerializerRegistryImpl/"
[00:31:37] [Server thread/TRACE] [REI] [REICommonPlugin END] Reloading Section: "end-reload/DisplaySerializerRegistryImpl/" done in 8.634 μs
[00:31:37] [Server thread/TRACE] [REI] [REICommonPlugin END] Reloading Section: "end-reload/ServerDisplayRegistryImpl/"
[00:31:37] [Server thread/DEBUG] [REI] Found preliminary 0 displays
[00:31:37] [Server thread/DEBUG] [REI] Filled 3256 displays from recipe manager in 109.4 ms
[00:31:37] [Server thread/TRACE] [REI] [REICommonPlugin END] Reloading Section: "end-reload/ServerDisplayRegistryImpl/" done in 109.7 ms
[00:31:37] [Server thread/TRACE] [REI] [REICommonPlugin END] Reloading Section: "end-reload/FluidSupportProviderImpl/"
[00:31:37] [Server thread/TRACE] [REI] [REICommonPlugin END] Reloading Section: "end-reload/FluidSupportProviderImpl/" done in 20.26 μs
[00:31:37] [Server thread/TRACE] [REI] [REICommonPlugin END] Reloading Section: "end-reload/" done in 110.9 ms
[00:31:37] [Server thread/DEBUG] [REI] ========================================
[00:31:37] [Server thread/DEBUG] [REI] REICommonPlugin ended main-reload for END in 126.4 ms.
[00:31:37] [Server thread/DEBUG] [REI] ========================================
[00:31:37] [Server thread/DEBUG] [REI] ========================================
[00:31:37] [Server thread/DEBUG] [REI] REICommonPlugin starting post-reload for END.
[00:31:37] [Server thread/DEBUG] [REI] Reloadables (8):
[00:31:37] [Server thread/DEBUG] [REI]  - SlotAccessorRegistryImpl
[00:31:37] [Server thread/DEBUG] [REI]  - EntryTypeRegistryImpl
[00:31:37] [Server thread/DEBUG] [REI]  - EntrySettingsAdapterRegistryImpl
[00:31:37] [Server thread/DEBUG] [REI]  - ItemComparatorRegistryImpl
[00:31:37] [Server thread/DEBUG] [REI]  - FluidComparatorRegistryImpl
[00:31:37] [Server thread/DEBUG] [REI]  - DisplaySerializerRegistryImpl
[00:31:37] [Server thread/DEBUG] [REI]  - ServerDisplayRegistryImpl
[00:31:37] [Server thread/DEBUG] [REI]  - FluidSupportProviderImpl
[00:31:37] [Server thread/DEBUG] [REI] Plugins (3):
[00:31:37] [Server thread/DEBUG] [REI]  - (-100.00) DefaultPlugin of DefaultPlugin [roughlyenoughitems]
[00:31:37] [Server thread/DEBUG] [REI]  - (0.00) FabricFluidAPISupportPlugin
[00:31:37] [Server thread/DEBUG] [REI]  - (0.00) DefaultRuntimePlugin of DefaultRuntimePlugin [roughlyenoughitems]
[00:31:37] [Server thread/DEBUG] [REI] ========================================
[00:31:37] [Server thread/TRACE] [REI] [REICommonPlugin END] Reloading Section: "post-register/"
[00:31:37] [Server thread/TRACE] [REI] [REICommonPlugin END] Reloading Section: "post-register/DefaultPlugin of DefaultPlugin [roughlyenoughitems]/"
[00:31:37] [Server thread/TRACE] [REI] [REICommonPlugin END] Reloading Section: "post-register/DefaultPlugin of DefaultPlugin [roughlyenoughitems]/" done in 26.24 μs
[00:31:37] [Server thread/TRACE] [REI] [REICommonPlugin END] Reloading Section: "post-register/FabricFluidAPISupportPlugin/"
[00:31:37] [Server thread/TRACE] [REI] [REICommonPlugin END] Reloading Section: "post-register/FabricFluidAPISupportPlugin/" done in 11.52 μs
[00:31:37] [Server thread/TRACE] [REI] [REICommonPlugin END] Reloading Section: "post-register/DefaultRuntimePlugin of DefaultRuntimePlugin [roughlyenoughitems]/"
[00:31:37] [Server thread/TRACE] [REI] [REICommonPlugin END] Reloading Section: "post-register/DefaultRuntimePlugin of DefaultRuntimePlugin [roughlyenoughitems]/" done in 10.74 μs
[00:31:37] [Server thread/TRACE] [REI] [REICommonPlugin END] Reloading Section: "post-register/" done in 186.6 μs
[00:31:37] [Server thread/TRACE] [REI] [REICommonPlugin END] Reloading Section: "post-stage/"
[00:31:37] [Server thread/TRACE] [REI] [REICommonPlugin END] Reloading Section: "post-stage/SlotAccessorRegistryImpl/"
[00:31:37] [Server thread/TRACE] [REI] [REICommonPlugin END] Reloading Section: "post-stage/SlotAccessorRegistryImpl/" done in 10.73 μs
[00:31:37] [Server thread/TRACE] [REI] [REICommonPlugin END] Reloading Section: "post-stage/EntryTypeRegistryImpl/"
[00:31:37] [Server thread/TRACE] [REI] [REICommonPlugin END] Reloading Section: "post-stage/EntryTypeRegistryImpl/" done in 9.563 μs
[00:31:37] [Server thread/TRACE] [REI] [REICommonPlugin END] Reloading Section: "post-stage/EntrySettingsAdapterRegistryImpl/"
[00:31:37] [Server thread/TRACE] [REI] [REICommonPlugin END] Reloading Section: "post-stage/EntrySettingsAdapterRegistryImpl/" done in 10.30 μs
[00:31:37] [Server thread/TRACE] [REI] [REICommonPlugin END] Reloading Section: "post-stage/ItemComparatorRegistryImpl/"
[00:31:37] [Server thread/TRACE] [REI] [REICommonPlugin END] Reloading Section: "post-stage/ItemComparatorRegistryImpl/" done in 10.94 μs
[00:31:37] [Server thread/TRACE] [REI] [REICommonPlugin END] Reloading Section: "post-stage/FluidComparatorRegistryImpl/"
[00:31:37] [Server thread/TRACE] [REI] [REICommonPlugin END] Reloading Section: "post-stage/FluidComparatorRegistryImpl/" done in 8.540 μs
[00:31:37] [Server thread/TRACE] [REI] [REICommonPlugin END] Reloading Section: "post-stage/DisplaySerializerRegistryImpl/"
[00:31:37] [Server thread/TRACE] [REI] [REICommonPlugin END] Reloading Section: "post-stage/DisplaySerializerRegistryImpl/" done in 9.043 μs
[00:31:37] [Server thread/TRACE] [REI] [REICommonPlugin END] Reloading Section: "post-stage/ServerDisplayRegistryImpl/"
[00:31:37] [Server thread/TRACE] [REI] [REICommonPlugin END] Reloading Section: "post-stage/ServerDisplayRegistryImpl/" done in 9.631 μs
[00:31:37] [Server thread/TRACE] [REI] [REICommonPlugin END] Reloading Section: "post-stage/FluidSupportProviderImpl/"
[00:31:37] [Server thread/TRACE] [REI] [REICommonPlugin END] Reloading Section: "post-stage/FluidSupportProviderImpl/" done in 8.704 μs
[00:31:37] [Server thread/TRACE] [REI] [REICommonPlugin END] Reloading Section: "post-stage/" done in 285.8 μs
[00:31:37] [Server thread/DEBUG] [REI] ========================================
[00:31:37] [Server thread/INFO] [REI] REICommonPlugin finished post-reload for END in 511.0 μs, totaling 130.1 ms.
[00:31:37] [Server thread/DEBUG] [REI] ========================================
[00:31:38] [Server thread/DEBUG] [REI] Updating players with new displays version 9AEFCE6200000001 [from 9AEFCE6200000000]
[00:33:26] [Server thread/DEBUG] [REI] Player MooseOppai has outdated displays version 0 [latest version: 9AEFCE6200000001]
[00:33:26] [Server thread/DEBUG] [REI] Player MooseOppai has outdated displays version 0 [latest version: 9AEFCE6200000001], sending reset packet request.
[00:39:34] [Server thread/DEBUG] [REI] Player HeySlamDunk has outdated displays version 0 [latest version: 9AEFCE6200000001]
[00:39:34] [Server thread/DEBUG] [REI] Player HeySlamDunk has outdated displays version 0 [latest version: 9AEFCE6200000001], sending reset packet request.
[14:35:59] [Server thread/DEBUG] [REI] Player HeySlamDunk has outdated displays version 0 [latest version: 9AEFCE6200000001]
[14:35:59] [Server thread/DEBUG] [REI] Player HeySlamDunk has outdated displays version 0 [latest version: 9AEFCE6200000001], sending reset packet request.
[18:50:53] [Server thread/DEBUG] [REI] Player MooseOppai has outdated displays version 0 [latest version: 9AEFCE6200000001]
[18:50:53] [Server thread/DEBUG] [REI] Player MooseOppai has outdated displays version 0 [latest version: 9AEFCE6200000001], sending reset packet request.
[19:10:17] [Server thread/DEBUG] [REI] Player HeySlamDunk has outdated displays version 0 [latest version: 9AEFCE6200000001]
[19:10:17] [Server thread/DEBUG] [REI] Player HeySlamDunk has outdated displays version 0 [latest version: 9AEFCE6200000001], sending reset packet request.
[01:17:27] [Server thread/DEBUG] [REI] Player MooseOppai has outdated displays version 0 [latest version: 9AEFCE6200000001]
[01:17:27] [Server thread/DEBUG] [REI] Player MooseOppai has outdated displays version 0 [latest version: 9AEFCE6200000001], sending reset packet request.
[02:07:41] [Server thread/DEBUG] [REI] Player yeriin has outdated displays version 0 [latest version: 9AEFCE6200000001]
[02:07:41] [Server thread/DEBUG] [REI] Player yeriin has outdated displays version 0 [latest version: 9AEFCE6200000001], sending reset packet request.
[03:47:03] [Server thread/DEBUG] [REI] Player yeriin has outdated displays version 0 [latest version: 9AEFCE6200000001]
[03:47:03] [Server thread/DEBUG] [REI] Player yeriin has outdated displays version 0 [latest version: 9AEFCE6200000001], sending reset packet request.
[15:03:47] [Server thread/DEBUG] [REI] Player HeySlamDunk has outdated displays version 0 [latest version: 9AEFCE6200000001]
[15:03:47] [Server thread/DEBUG] [REI] Player HeySlamDunk has outdated displays version 0 [latest version: 9AEFCE6200000001], sending reset packet request.
[15:18:28] [Server thread/DEBUG] [REI] Player HeySlamDunk has outdated displays version 0 [latest version: 9AEFCE6200000001]
[15:18:28] [Server thread/DEBUG] [REI] Player HeySlamDunk has outdated displays version 0 [latest version: 9AEFCE6200000001], sending reset packet request.
[16:30:42] [Server thread/DEBUG] [REI] Player HeySlamDunk has outdated displays version 0 [latest version: 9AEFCE6200000001]
[16:30:42] [Server thread/DEBUG] [REI] Player HeySlamDunk has outdated displays version 0 [latest version: 9AEFCE6200000001], sending reset packet request.
[23:56:33] [Server thread/DEBUG] [REI] Player MooseOppai has outdated displays version 0 [latest version: 9AEFCE6200000001]
[23:56:33] [Server thread/DEBUG] [REI] Player MooseOppai has outdated displays version 0 [latest version: 9AEFCE6200000001], sending reset packet request.
[00:21:44] [Server thread/DEBUG] [REI] Player HeySlamDunk has outdated displays version 0 [latest version: 9AEFCE6200000001]
[00:21:44] [Server thread/DEBUG] [REI] Player HeySlamDunk has outdated displays version 0 [latest version: 9AEFCE6200000001], sending reset packet request.
[00:48:51] [Server thread/DEBUG] [REI] Player yeriin has outdated displays version 0 [latest version: 9AEFCE6200000001]
[00:48:51] [Server thread/DEBUG] [REI] Player yeriin has outdated displays version 0 [latest version: 9AEFCE6200000001], sending reset packet request.
[16:14:25] [Server thread/DEBUG] [REI] Player HeySlamDunk has outdated displays version 0 [latest version: 9AEFCE6200000001]
[16:14:25] [Server thread/DEBUG] [REI] Player HeySlamDunk has outdated displays version 0 [latest version: 9AEFCE6200000001], sending reset packet request.
[16:14:35] [Server thread/DEBUG] [REI] Player HeySlamDunk has outdated displays version 0 [latest version: 9AEFCE6200000001]
[16:14:35] [Server thread/DEBUG] [REI] Player HeySlamDunk has outdated displays version 0 [latest version: 9AEFCE6200000001], sending reset packet request.
[18:24:45] [Server thread/DEBUG] [REI] Player yeriin has outdated displays version 0 [latest version: 9AEFCE6200000001]
[18:24:45] [Server thread/DEBUG] [REI] Player yeriin has outdated displays version 0 [latest version: 9AEFCE6200000001], sending reset packet request.
[18:33:31] [Server thread/DEBUG] [REI] Player yeriin has outdated displays version 0 [latest version: 9AEFCE6200000001]
[18:33:31] [Server thread/DEBUG] [REI] Player yeriin has outdated displays version 0 [latest version: 9AEFCE6200000001], sending reset packet request.
[20:08:14] [Server thread/DEBUG] [REI] Player HeySlamDunk has outdated displays version 0 [latest version: 9AEFCE6200000001]
[20:08:14] [Server thread/DEBUG] [REI] Player HeySlamDunk has outdated displays version 0 [latest version: 9AEFCE6200000001], sending reset packet request.
[11:15:14] [Server thread/DEBUG] [REI] Player MooseOppai has outdated displays version 0 [latest version: 9AEFCE6200000001]
[11:15:14] [Server thread/DEBUG] [REI] Player MooseOppai has outdated displays version 0 [latest version: 9AEFCE6200000001], sending reset packet request.
[12:39:06] [Server thread/DEBUG] [REI] Player MooseOppai has outdated displays version 0 [latest version: 9AEFCE6200000001]
[12:39:06] [Server thread/DEBUG] [REI] Player MooseOppai has outdated displays version 0 [latest version: 9AEFCE6200000001], sending reset packet request.
[12:57:44] [Server thread/DEBUG] [REI] Player MooseOppai has outdated displays version 0 [latest version: 9AEFCE6200000001]
[12:57:44] [Server thread/DEBUG] [REI] Player MooseOppai has outdated displays version 0 [latest version: 9AEFCE6200000001], sending reset packet request.
[13:34:55] [Server thread/DEBUG] [REI] Player MooseOppai has outdated displays version 0 [latest version: 9AEFCE6200000001]
[13:34:55] [Server thread/DEBUG] [REI] Player MooseOppai has outdated displays version 0 [latest version: 9AEFCE6200000001], sending reset packet request.
[18:13:36] [Server thread/DEBUG] [REI] Player HeySlamDunk has outdated displays version 0 [latest version: 9AEFCE6200000001]
[18:13:36] [Server thread/DEBUG] [REI] Player HeySlamDunk has outdated displays version 0 [latest version: 9AEFCE6200000001], sending reset packet request.
[21:48:29] [Server thread/DEBUG] [REI] Player HeySlamDunk has outdated displays version 0 [latest version: 9AEFCE6200000001]
[21:48:29] [Server thread/DEBUG] [REI] Player HeySlamDunk has outdated displays version 0 [latest version: 9AEFCE6200000001], sending reset packet request.
[01:44:33] [Server thread/DEBUG] [REI] Player HeySlamDunk has outdated displays version 0 [latest version: 9AEFCE6200000001]
[01:44:33] [Server thread/DEBUG] [REI] Player HeySlamDunk has outdated displays version 0 [latest version: 9AEFCE6200000001], sending reset packet request.
[01:59:44] [Server thread/DEBUG] [REI] Player HeySlamDunk has outdated displays version 0 [latest version: 9AEFCE6200000001]
[01:59:44] [Server thread/DEBUG] [REI] Player HeySlamDunk has outdated displays version 0 [latest version: 9AEFCE6200000001], sending reset packet request.
