[20:15:39] [main/INFO] ========================================
[20:15:39] [main/INFO] Minecraft: 1.21.8
[20:15:39] [main/INFO] Side: server
[20:15:39] [main/INFO] Development: false
[20:15:39] [main/INFO] Version: 20.0.811
[20:15:39] [main/INFO] Loader:
[20:15:39] [main/INFO] - Fabric: 0.17.2
[20:15:39] [main/INFO] - Fabric API: 0.133.4+1.21.8
[20:15:39] [main/INFO] Dependencies:
[20:15:39] [main/INFO] - Cloth Config: 19.0.147
[20:15:39] [main/INFO] - Architectury: 17.0.8
[20:15:39] [main/INFO] Mixin: 0.8.7
[20:15:39] [main/INFO] OS: Windows 11 10.0 (amd64)
[20:15:39] [main/INFO] Java: 21.0.8 (Oracle Corporation)
[20:15:39] [main/INFO] ========================================
[20:15:39] [main/INFO] Mods:
[20:15:39] [main/INFO] - architectury: 17.0.8
[20:15:39] [main/INFO] - balm: 21.8.8
[20:15:39] [main/INFO] - biomesoplenty: 21.8.0.17
[20:15:39] [main/INFO] - biomeswevegone: 4.0.1
[20:15:39] [main/INFO] - blue_endless_jankson: 1.2.3
[20:15:39] [main/INFO] - camerapture: 1.10.7
[20:15:39] [main/INFO] - cardinal-components: 7.0.0-beta.1
[20:15:39] [main/INFO] - cardinal-components-base: 7.0.0-beta.1
[20:15:39] [main/INFO] - cardinal-components-block: 7.0.0-beta.1
[20:15:39] [main/INFO] - cardinal-components-chunk: 7.0.0-beta.1
[20:15:39] [main/INFO] - cardinal-components-entity: 7.0.0-beta.1
[20:15:39] [main/INFO] - cardinal-components-item: 7.0.0-beta.1
[20:15:39] [main/INFO] - cardinal-components-level: 7.0.0-beta.1
[20:15:39] [main/INFO] - cardinal-components-scoreboard: 7.0.0-beta.1
[20:15:39] [main/INFO] - cardinal-components-world: 7.0.0-beta.1
[20:15:39] [main/INFO] - cloth-basic-math: 0.6.1
[20:15:39] [main/INFO] - cloth-config: 19.0.147
[20:15:39] [main/INFO] - cloth-config: 19.0.147
[20:15:39] [main/INFO] - com_electronwill_night-config_core: 3.8.3
[20:15:39] [main/INFO] - com_electronwill_night-config_toml: 3.8.3
[20:15:39] [main/INFO] - com_teamresourceful_bytecodecs: 1.1.3
[20:15:39] [main/INFO] - com_teamresourceful_yabn: 1.0.3
[20:15:39] [main/INFO] - com_twelvemonkeys_common_common-image: 3.12.0
[20:15:39] [main/INFO] - com_twelvemonkeys_common_common-io: 3.12.0
[20:15:39] [main/INFO] - com_twelvemonkeys_common_common-lang: 3.12.0
[20:15:39] [main/INFO] - com_twelvemonkeys_imageio_imageio-core: 3.12.0
[20:15:39] [main/INFO] - com_twelvemonkeys_imageio_imageio-metadata: 3.12.0
[20:15:39] [main/INFO] - com_twelvemonkeys_imageio_imageio-webp: 3.12.0
[20:15:39] [main/INFO] - corgilib: 7.0.0.0
[20:15:39] [main/INFO] - cristellib: 2.0.3
[20:15:39] [main/INFO] - darksleep: 1.0.1
[20:15:39] [main/INFO] - deathfinder: 21.8.0
[20:15:39] [main/INFO] - deimos: 2.4
[20:15:39] [main/INFO] - error_notifier: 1.0.11
[20:15:39] [main/INFO] - fabric-api: 0.133.4+1.21.8
[20:15:39] [main/INFO] - fabric-api: 0.133.4+1.21.8
[20:15:39] [main/INFO] - fabric-api-base: 0.5.0+cd8c0daa2c
[20:15:39] [main/INFO] - fabric-api-lookup-api-v1: 1.6.101+946bf4c32c
[20:15:39] [main/INFO] - fabric-biome-api-v1: 16.0.11+946bf4c32c
[20:15:39] [main/INFO] - fabric-block-api-v1: 1.1.3+946bf4c32c
[20:15:39] [main/INFO] - fabric-block-view-api-v2: 1.0.31+946bf4c32c
[20:15:39] [main/INFO] - fabric-command-api-v2: 2.3.1+52fff9ec2c
[20:15:39] [main/INFO] - fabric-content-registries-v0: 10.1.0+c75de69d2c
[20:15:39] [main/INFO] - fabric-convention-tags-v1: 2.1.41+7f945d5b2c
[20:15:39] [main/INFO] - fabric-convention-tags-v2: 2.15.6+eb5df52f2c
[20:15:39] [main/INFO] - fabric-crash-report-info-v1: 0.3.15+946bf4c32c
[20:15:39] [main/INFO] - fabric-data-attachment-api-v1: 1.8.13+38b5f74e2c
[20:15:39] [main/INFO] - fabric-data-generation-api-v1: 23.2.7+0b1ef9762c
[20:15:39] [main/INFO] - fabric-dimensions-v1: 4.0.20+948fc79a2c
[20:15:39] [main/INFO] - fabric-entity-events-v1: 2.1.2+c9e472732c
[20:15:39] [main/INFO] - fabric-events-interaction-v0: 4.0.25+946bf4c32c
[20:15:39] [main/INFO] - fabric-game-rule-api-v1: 1.0.73+c64c9c5b2c
[20:15:39] [main/INFO] - fabric-item-api-v1: 11.5.0+02ce13f42c
[20:15:39] [main/INFO] - fabric-item-group-api-v1: 4.2.14+c5f9bbc12c
[20:15:39] [main/INFO] - fabric-lifecycle-events-v1: 2.6.4+db4dfd852c
[20:15:39] [main/INFO] - fabric-loot-api-v2: 3.0.56+3f89f5a52c
[20:15:39] [main/INFO] - fabric-loot-api-v3: 2.0.3+946bf4c32c
[20:15:39] [main/INFO] - fabric-message-api-v1: 6.1.2+946bf4c32c
[20:15:39] [main/INFO] - fabric-networking-api-v1: 5.0.3+4ddbf91b2c
[20:15:39] [main/INFO] - fabric-object-builder-api-v1: 21.1.9+946bf4c32c
[20:15:39] [main/INFO] - fabric-particles-v1: 4.1.9+946bf4c32c
[20:15:39] [main/INFO] - fabric-recipe-api-v1: 8.1.16+946bf4c32c
[20:15:39] [main/INFO] - fabric-registry-sync-v0: 6.1.29+946bf4c32c
[20:15:39] [main/INFO] - fabric-rendering-fluids-v1: 3.1.31+fa6cb72b2c
[20:15:39] [main/INFO] - fabric-resource-conditions-api-v1: 5.0.25+98e6d6db2c
[20:15:39] [main/INFO] - fabric-resource-loader-v0: 3.1.12+020423442c
[20:15:39] [main/INFO] - fabric-screen-handler-api-v1: 1.3.138+946bf4c32c
[20:15:39] [main/INFO] - fabric-serialization-api-v1: 1.0.0+fc0e5aba2c
[20:15:39] [main/INFO] - fabric-tag-api-v1: 1.2.2+946bf4c32c
[20:15:39] [main/INFO] - fabric-transfer-api-v1: 6.0.6+946bf4c32c
[20:15:39] [main/INFO] - fabric-transitive-access-wideners-v1: 6.5.0+c847ce762c
[20:15:39] [main/INFO] - fabricloader: 0.17.2
[20:15:39] [main/INFO] - forgeconfigapiport: 21.8.1
[20:15:39] [main/INFO] - framework: 0.12.3
[20:15:39] [main/INFO] - friendsandfoes: 4.0.10
[20:15:39] [main/INFO] - geckolib: 5.2.2
[20:15:39] [main/INFO] - glitchcore: 21.8.0.0
[20:15:39] [main/INFO] - glow_sticks: 7.1.0
[20:15:39] [main/INFO] - goblintraders: 1.11.2
[20:15:39] [main/INFO] - hangglider: 21.8.0
[20:15:39] [main/INFO] - io_github_darkxanter_webp-imageio: 0.3.2
[20:15:39] [main/INFO] - java: 21
[20:15:39] [main/INFO] - kuma_api: 21.8.3
[20:15:39] [main/INFO] - laserbridges: 5.2
[20:15:39] [main/INFO] - mes: 1.4.6-1.21.8-fabric
[20:15:39] [main/INFO] - minecraft: 1.21.8
[20:15:39] [main/INFO] - mixinextras: 0.5.0
[20:15:39] [main/INFO] - mutantmonsters: 21.8.0
[20:15:39] [main/INFO] - net_jodah_typetools: 0.6.3
[20:15:39] [main/INFO] - notenoughanimations: 1.10.2
[20:15:39] [main/INFO] - ohthetreesyoullgrow: 8.0.1
[20:15:39] [main/INFO] - org_javassist_javassist: 3.29.2-GA
[20:15:39] [main/INFO] - org_quiltmc_parsers_gson: 0.2.1
[20:15:39] [main/INFO] - org_quiltmc_parsers_json: 0.2.1
[20:15:39] [main/INFO] - org_reflections_reflections: 0.10.2
[20:15:39] [main/INFO] - puzzleslib: 21.8.6
[20:15:39] [main/INFO] - refurbished_furniture: 1.0.18
[20:15:39] [main/INFO] - resourcefullib: 3.6.0
[20:15:39] [main/INFO] - roughlyenoughitems: 20.0.811
[20:15:39] [main/INFO] - sound_physics_remastered: 1.21.8-1.4.15
[20:15:39] [main/INFO] - spookydoors: 21.8.2
[20:15:39] [main/INFO] - supermartijn642configlib: 1.1.8
[20:15:39] [main/INFO] - supermartijn642corelib: 1.1.18+e
[20:15:39] [main/INFO] - t_and_t: 1.13.5
[20:15:39] [main/INFO] - terrablender: 6.0.0.3
[20:15:39] [main/INFO] - transition: 1.0.4
[20:15:39] [main/INFO] - travelersbackpack: 10.8.2
[20:15:39] [main/INFO] - trender: 1.0.6
[20:15:39] [main/INFO] - variantsandventures: 1.0.18
[20:15:39] [main/INFO] - visualworkbench: 21.8.1
[20:15:39] [main/INFO] - voicechat: 1.21.8-2.6.3
[20:15:39] [main/INFO] - voicechat_api: 2.6.0
[20:15:39] [main/INFO] - wormhole: 1.1.16
[20:15:39] [main/INFO] - xaerominimap: 25.2.12
[20:15:39] [main/INFO] - xaeroworldmap: 1.39.13
[20:15:39] [main/INFO] - yet_another_config_lib_v3: 3.7.1+1.21.6-fabric
[20:15:39] [main/INFO] ========================================
[20:15:39] [main/INFO] [REI] Registered plugin provider DefaultPlugin [roughlyenoughitems] for REICommonPlugin
[20:15:39] [main/INFO] [REI] Registered plugin provider DefaultRuntimePlugin [roughlyenoughitems] for REICommonPlugin
[20:15:39] [main/INFO] [REI] Registered plugin provider FabricFluidAPISupportPlugin for REICommonPlugin
[20:15:41] [main/DEBUG] [REI] Processed 435 tags in 4.622 ms for minecraft:block
[20:15:41] [main/DEBUG] [REI] Processed 618 tags in 2.074 ms for minecraft:item
[20:15:41] [main/DEBUG] [REI] Processed 54 tags in 105.8 μs for minecraft:entity_type
[20:15:41] [main/DEBUG] [REI] Processed 7 tags in 15.30 μs for minecraft:fluid
[20:15:41] [main/DEBUG] [REI] Processed 5 tags in 44.80 μs for minecraft:point_of_interest_type
[20:15:41] [main/DEBUG] [REI] Processed 5 tags in 37.00 μs for minecraft:game_event
[20:15:50] [Server thread/DEBUG] [REI] Starting Reload Plugins of stage null
java.lang.Throwable
	at knot//me.shedaniel.rei.impl.common.plugins.ReloadManagerImpl.reloadPlugins(ReloadManagerImpl.java:110)
	at knot//me.shedaniel.rei.RoughlyEnoughItemsCore.lambda$onInitialize$5(RoughlyEnoughItemsCore.java:157)
	at knot//dev.architectury.event.fabric.EventHandlerImpl.lambda$registerCommon$10(EventHandlerImpl.java:67)
	at knot//net.fabricmc.fabric.api.event.lifecycle.v1.ServerLifecycleEvents.lambda$static$2(ServerLifecycleEvents.java:49)
	at knot//net.minecraft.server.MinecraftServer.handler$zle000$fabric-lifecycle-events-v1$afterSetupServer(MinecraftServer.java:4702)
	at knot//net.minecraft.server.MinecraftServer.method_29741(MinecraftServer.java:676)
	at knot//net.minecraft.server.MinecraftServer.method_29739(MinecraftServer.java:291)
	at java.base/java.lang.Thread.run(Thread.java:1583)
[20:15:50] [Server thread/DEBUG] [REI] ========================================
[20:15:50] [Server thread/DEBUG] [REI] REICommonPlugin starting pre-reload for START.
[20:15:50] [Server thread/DEBUG] [REI] Reloadables (8):
[20:15:50] [Server thread/DEBUG] [REI]  - SlotAccessorRegistryImpl
[20:15:50] [Server thread/DEBUG] [REI]  - EntryTypeRegistryImpl
[20:15:50] [Server thread/DEBUG] [REI]  - EntrySettingsAdapterRegistryImpl
[20:15:50] [Server thread/DEBUG] [REI]  - ItemComparatorRegistryImpl
[20:15:50] [Server thread/DEBUG] [REI]  - FluidComparatorRegistryImpl
[20:15:50] [Server thread/DEBUG] [REI]  - DisplaySerializerRegistryImpl
[20:15:50] [Server thread/DEBUG] [REI]  - ServerDisplayRegistryImpl
[20:15:50] [Server thread/DEBUG] [REI]  - FluidSupportProviderImpl
[20:15:50] [Server thread/DEBUG] [REI] Plugins (3):
[20:15:50] [Server thread/DEBUG] [REI]  - (-100.00) DefaultPlugin of DefaultPlugin [roughlyenoughitems]
[20:15:50] [Server thread/DEBUG] [REI]  - (0.00) FabricFluidAPISupportPlugin
[20:15:50] [Server thread/DEBUG] [REI]  - (0.00) DefaultRuntimePlugin of DefaultRuntimePlugin [roughlyenoughitems]
[20:15:50] [Server thread/DEBUG] [REI] ========================================
[20:15:50] [Server thread/TRACE] [REI] [REICommonPlugin START] Reloading Section: "pre-register/"
[20:15:50] [Server thread/TRACE] [REI] [REICommonPlugin START] Reloading Section: "pre-register/DefaultPlugin of DefaultPlugin [roughlyenoughitems]/"
[20:15:50] [Server thread/TRACE] [REI] [REICommonPlugin START] Reloading Section: "pre-register/DefaultPlugin of DefaultPlugin [roughlyenoughitems]/" done in 1.202 ms
[20:15:50] [Server thread/TRACE] [REI] [REICommonPlugin START] Reloading Section: "pre-register/FabricFluidAPISupportPlugin/"
[20:15:50] [Server thread/TRACE] [REI] [REICommonPlugin START] Reloading Section: "pre-register/FabricFluidAPISupportPlugin/" done in 73.40 μs
[20:15:50] [Server thread/TRACE] [REI] [REICommonPlugin START] Reloading Section: "pre-register/DefaultRuntimePlugin of DefaultRuntimePlugin [roughlyenoughitems]/"
[20:15:50] [Server thread/TRACE] [REI] [REICommonPlugin START] Reloading Section: "pre-register/DefaultRuntimePlugin of DefaultRuntimePlugin [roughlyenoughitems]/" done in 39.10 μs
[20:15:50] [Server thread/TRACE] [REI] [REICommonPlugin START] Reloading Section: "pre-register/" done in 11.96 ms
[20:15:50] [Server thread/TRACE] [REI] [REICommonPlugin START] Reloading Section: "pre-stage/"
[20:15:50] [Server thread/TRACE] [REI] [REICommonPlugin START] Reloading Section: "pre-stage/SlotAccessorRegistryImpl/"
[20:15:50] [Server thread/TRACE] [REI] [REICommonPlugin START] Reloading Section: "pre-stage/SlotAccessorRegistryImpl/" done in 265.8 μs
[20:15:50] [Server thread/TRACE] [REI] [REICommonPlugin START] Reloading Section: "pre-stage/EntryTypeRegistryImpl/"
[20:15:50] [Server thread/TRACE] [REI] [REICommonPlugin START] Reloading Section: "pre-stage/EntryTypeRegistryImpl/" done in 34.00 μs
[20:15:50] [Server thread/TRACE] [REI] [REICommonPlugin START] Reloading Section: "pre-stage/EntrySettingsAdapterRegistryImpl/"
[20:15:50] [Server thread/TRACE] [REI] [REICommonPlugin START] Reloading Section: "pre-stage/EntrySettingsAdapterRegistryImpl/" done in 30.90 μs
[20:15:50] [Server thread/TRACE] [REI] [REICommonPlugin START] Reloading Section: "pre-stage/ItemComparatorRegistryImpl/"
[20:15:50] [Server thread/TRACE] [REI] [REICommonPlugin START] Reloading Section: "pre-stage/ItemComparatorRegistryImpl/" done in 33.30 μs
[20:15:50] [Server thread/TRACE] [REI] [REICommonPlugin START] Reloading Section: "pre-stage/FluidComparatorRegistryImpl/"
[20:15:50] [Server thread/TRACE] [REI] [REICommonPlugin START] Reloading Section: "pre-stage/FluidComparatorRegistryImpl/" done in 31.00 μs
[20:15:50] [Server thread/TRACE] [REI] [REICommonPlugin START] Reloading Section: "pre-stage/DisplaySerializerRegistryImpl/"
[20:15:50] [Server thread/TRACE] [REI] [REICommonPlugin START] Reloading Section: "pre-stage/DisplaySerializerRegistryImpl/" done in 29.00 μs
[20:15:50] [Server thread/TRACE] [REI] [REICommonPlugin START] Reloading Section: "pre-stage/ServerDisplayRegistryImpl/"
[20:15:50] [Server thread/TRACE] [REI] [REICommonPlugin START] Reloading Section: "pre-stage/ServerDisplayRegistryImpl/" done in 28.10 μs
[20:15:50] [Server thread/TRACE] [REI] [REICommonPlugin START] Reloading Section: "pre-stage/FluidSupportProviderImpl/"
[20:15:50] [Server thread/TRACE] [REI] [REICommonPlugin START] Reloading Section: "pre-stage/FluidSupportProviderImpl/" done in 27.60 μs
[20:15:50] [Server thread/TRACE] [REI] [REICommonPlugin START] Reloading Section: "pre-stage/" done in 1.176 ms
[20:15:50] [Server thread/DEBUG] [REI] ========================================
[20:15:50] [Server thread/DEBUG] [REI] REICommonPlugin finished pre-reload for START in 13.73 ms.
[20:15:50] [Server thread/DEBUG] [REI] ========================================
[20:15:50] [Server thread/INFO] [REI] ++++++++++++++++++++++++++++++++++++++++
[20:15:50] [Server thread/INFO] [REI] REICommonPlugin starting main-reload for START.
[20:15:50] [Server thread/DEBUG] [REI] Reloadables (8):
[20:15:50] [Server thread/DEBUG] [REI]  - SlotAccessorRegistryImpl
[20:15:50] [Server thread/DEBUG] [REI]  - EntryTypeRegistryImpl
[20:15:50] [Server thread/DEBUG] [REI]  - EntrySettingsAdapterRegistryImpl
[20:15:50] [Server thread/DEBUG] [REI]  - ItemComparatorRegistryImpl
[20:15:50] [Server thread/DEBUG] [REI]  - FluidComparatorRegistryImpl
[20:15:50] [Server thread/DEBUG] [REI]  - DisplaySerializerRegistryImpl
[20:15:50] [Server thread/DEBUG] [REI]  - ServerDisplayRegistryImpl
[20:15:50] [Server thread/DEBUG] [REI]  - FluidSupportProviderImpl
[20:15:50] [Server thread/INFO] [REI] Plugins (3):
[20:15:50] [Server thread/INFO] [REI]  - (-100.00) DefaultPlugin of DefaultPlugin [roughlyenoughitems]
[20:15:50] [Server thread/INFO] [REI]  - (0.00) FabricFluidAPISupportPlugin
[20:15:50] [Server thread/INFO] [REI]  - (0.00) DefaultRuntimePlugin of DefaultRuntimePlugin [roughlyenoughitems]
[20:15:50] [Server thread/INFO] [REI] ++++++++++++++++++++++++++++++++++++++++
[20:15:50] [Server thread/TRACE] [REI] [REICommonPlugin START] Reloading Section: "start-reload/"
[20:15:50] [Server thread/TRACE] [REI] [REICommonPlugin START] Reloading Section: "start-reload/SlotAccessorRegistryImpl/"
[20:15:50] [Server thread/TRACE] [REI] [REICommonPlugin START] Reloading Section: "start-reload/SlotAccessorRegistryImpl/" done in 70.20 μs
[20:15:50] [Server thread/TRACE] [REI] [REICommonPlugin START] Reloading Section: "start-reload/EntryTypeRegistryImpl/"
[20:15:50] [Server thread/TRACE] [REI] [REICommonPlugin START] Reloading Section: "start-reload/EntryTypeRegistryImpl/" done in 43.50 μs
[20:15:50] [Server thread/TRACE] [REI] [REICommonPlugin START] Reloading Section: "start-reload/EntrySettingsAdapterRegistryImpl/"
[20:15:50] [Server thread/TRACE] [REI] [REICommonPlugin START] Reloading Section: "start-reload/EntrySettingsAdapterRegistryImpl/" done in 27.70 μs
[20:15:50] [Server thread/TRACE] [REI] [REICommonPlugin START] Reloading Section: "start-reload/ItemComparatorRegistryImpl/"
[20:15:50] [Server thread/TRACE] [REI] [REICommonPlugin START] Reloading Section: "start-reload/ItemComparatorRegistryImpl/" done in 38.30 μs
[20:15:50] [Server thread/TRACE] [REI] [REICommonPlugin START] Reloading Section: "start-reload/FluidComparatorRegistryImpl/"
[20:15:50] [Server thread/TRACE] [REI] [REICommonPlugin START] Reloading Section: "start-reload/FluidComparatorRegistryImpl/" done in 82.30 μs
[20:15:50] [Server thread/TRACE] [REI] [REICommonPlugin START] Reloading Section: "start-reload/DisplaySerializerRegistryImpl/"
[20:15:50] [Server thread/TRACE] [REI] [REICommonPlugin START] Reloading Section: "start-reload/DisplaySerializerRegistryImpl/" done in 195.5 μs
[20:15:50] [Server thread/TRACE] [REI] [REICommonPlugin START] Reloading Section: "start-reload/ServerDisplayRegistryImpl/"
[20:15:50] [Server thread/TRACE] [REI] [REICommonPlugin START] Reloading Section: "start-reload/ServerDisplayRegistryImpl/" done in 32.20 μs
[20:15:50] [Server thread/TRACE] [REI] [REICommonPlugin START] Reloading Section: "start-reload/FluidSupportProviderImpl/"
[20:15:50] [Server thread/TRACE] [REI] [REICommonPlugin START] Reloading Section: "start-reload/FluidSupportProviderImpl/" done in 42.60 μs
[20:15:50] [Server thread/TRACE] [REI] [REICommonPlugin START] Reloading Section: "start-reload/" done in 2.687 ms
[20:15:50] [Server thread/DEBUG] [REI] ========================================
[20:15:50] [Server thread/DEBUG] [REI] REICommonPlugin started main-reload for START.
[20:15:50] [Server thread/DEBUG] [REI] ========================================
[20:15:50] [Server thread/TRACE] [REI] [REICommonPlugin START] Reloading Section: "reloadable-plugin/SlotAccessorRegistryImpl/"
[20:15:50] [Server thread/TRACE] [REI] [REICommonPlugin START] Reloading Section: "reloadable-plugin/SlotAccessorRegistryImpl/DefaultPlugin of DefaultPlugin [roughlyenoughitems]/"
[20:15:50] [Server thread/TRACE] [REI] [REICommonPlugin START] Reloading Section: "reloadable-plugin/SlotAccessorRegistryImpl/DefaultPlugin of DefaultPlugin [roughlyenoughitems]/" done in 309.9 μs
[20:15:50] [Server thread/TRACE] [REI] [REICommonPlugin START] Reloading Section: "reloadable-plugin/SlotAccessorRegistryImpl/FabricFluidAPISupportPlugin/"
[20:15:50] [Server thread/TRACE] [REI] [REICommonPlugin START] Reloading Section: "reloadable-plugin/SlotAccessorRegistryImpl/FabricFluidAPISupportPlugin/" done in 47.70 μs
[20:15:50] [Server thread/TRACE] [REI] [REICommonPlugin START] Reloading Section: "reloadable-plugin/SlotAccessorRegistryImpl/DefaultRuntimePlugin of DefaultRuntimePlugin [roughlyenoughitems]/"
[20:15:50] [Server thread/TRACE] [REI] [REICommonPlugin START] Reloading Section: "reloadable-plugin/SlotAccessorRegistryImpl/DefaultRuntimePlugin of DefaultRuntimePlugin [roughlyenoughitems]/" done in 42.20 μs
[20:15:50] [Server thread/TRACE] [REI] [REICommonPlugin START] Reloading Section: "reloadable-plugin/SlotAccessorRegistryImpl/" done in 1.293 ms
[20:15:50] [Server thread/TRACE] [REI] [REICommonPlugin START] Reloading Section: "reloadable-plugin/EntryTypeRegistryImpl/"
[20:15:50] [Server thread/TRACE] [REI] [REICommonPlugin START] Reloading Section: "reloadable-plugin/EntryTypeRegistryImpl/DefaultPlugin of DefaultPlugin [roughlyenoughitems]/"
[20:15:50] [Server thread/TRACE] [REI] [REICommonPlugin START] Reloading Section: "reloadable-plugin/EntryTypeRegistryImpl/DefaultPlugin of DefaultPlugin [roughlyenoughitems]/" done in 40.60 μs
[20:15:50] [Server thread/TRACE] [REI] [REICommonPlugin START] Reloading Section: "reloadable-plugin/EntryTypeRegistryImpl/FabricFluidAPISupportPlugin/"
[20:15:50] [Server thread/TRACE] [REI] [REICommonPlugin START] Reloading Section: "reloadable-plugin/EntryTypeRegistryImpl/FabricFluidAPISupportPlugin/" done in 30.70 μs
[20:15:50] [Server thread/TRACE] [REI] [REICommonPlugin START] Reloading Section: "reloadable-plugin/EntryTypeRegistryImpl/DefaultRuntimePlugin of DefaultRuntimePlugin [roughlyenoughitems]/"
[20:15:50] [Server thread/TRACE] [REI] [REICommonPlugin START] Reloading Section: "reloadable-plugin/EntryTypeRegistryImpl/DefaultRuntimePlugin of DefaultRuntimePlugin [roughlyenoughitems]/" done in 5.581 ms
[20:15:50] [Server thread/TRACE] [REI] [REICommonPlugin START] Reloading Section: "reloadable-plugin/EntryTypeRegistryImpl/" done in 5.989 ms
[20:15:50] [Server thread/TRACE] [REI] [REICommonPlugin START] Reloading Section: "reloadable-plugin/EntrySettingsAdapterRegistryImpl/"
[20:15:50] [Server thread/TRACE] [REI] [REICommonPlugin START] Reloading Section: "reloadable-plugin/EntrySettingsAdapterRegistryImpl/DefaultPlugin of DefaultPlugin [roughlyenoughitems]/"
[20:15:50] [Server thread/TRACE] [REI] [REICommonPlugin START] Reloading Section: "reloadable-plugin/EntrySettingsAdapterRegistryImpl/DefaultPlugin of DefaultPlugin [roughlyenoughitems]/" done in 45.70 μs
[20:15:50] [Server thread/TRACE] [REI] [REICommonPlugin START] Reloading Section: "reloadable-plugin/EntrySettingsAdapterRegistryImpl/FabricFluidAPISupportPlugin/"
[20:15:50] [Server thread/TRACE] [REI] [REICommonPlugin START] Reloading Section: "reloadable-plugin/EntrySettingsAdapterRegistryImpl/FabricFluidAPISupportPlugin/" done in 48.50 μs
[20:15:50] [Server thread/TRACE] [REI] [REICommonPlugin START] Reloading Section: "reloadable-plugin/EntrySettingsAdapterRegistryImpl/DefaultRuntimePlugin of DefaultRuntimePlugin [roughlyenoughitems]/"
[20:15:50] [Server thread/TRACE] [REI] [REICommonPlugin START] Reloading Section: "reloadable-plugin/EntrySettingsAdapterRegistryImpl/DefaultRuntimePlugin of DefaultRuntimePlugin [roughlyenoughitems]/" done in 28.10 μs
[20:15:50] [Server thread/TRACE] [REI] [REICommonPlugin START] Reloading Section: "reloadable-plugin/EntrySettingsAdapterRegistryImpl/" done in 372.2 μs
[20:15:50] [Server thread/TRACE] [REI] [REICommonPlugin START] Reloading Section: "reloadable-plugin/ItemComparatorRegistryImpl/"
[20:15:50] [Server thread/TRACE] [REI] [REICommonPlugin START] Reloading Section: "reloadable-plugin/ItemComparatorRegistryImpl/DefaultPlugin of DefaultPlugin [roughlyenoughitems]/"
[20:15:50] [Server thread/TRACE] [REI] [REICommonPlugin START] Reloading Section: "reloadable-plugin/ItemComparatorRegistryImpl/DefaultPlugin of DefaultPlugin [roughlyenoughitems]/" done in 795.4 μs
[20:15:50] [Server thread/TRACE] [REI] [REICommonPlugin START] Reloading Section: "reloadable-plugin/ItemComparatorRegistryImpl/FabricFluidAPISupportPlugin/"
[20:15:50] [Server thread/TRACE] [REI] [REICommonPlugin START] Reloading Section: "reloadable-plugin/ItemComparatorRegistryImpl/FabricFluidAPISupportPlugin/" done in 42.40 μs
[20:15:50] [Server thread/TRACE] [REI] [REICommonPlugin START] Reloading Section: "reloadable-plugin/ItemComparatorRegistryImpl/DefaultRuntimePlugin of DefaultRuntimePlugin [roughlyenoughitems]/"
[20:15:50] [Server thread/TRACE] [REI] [REICommonPlugin START] Reloading Section: "reloadable-plugin/ItemComparatorRegistryImpl/DefaultRuntimePlugin of DefaultRuntimePlugin [roughlyenoughitems]/" done in 32.40 μs
[20:15:50] [Server thread/TRACE] [REI] [REICommonPlugin START] Reloading Section: "reloadable-plugin/ItemComparatorRegistryImpl/" done in 1.219 ms
[20:15:50] [Server thread/TRACE] [REI] [REICommonPlugin START] Reloading Section: "reloadable-plugin/FluidComparatorRegistryImpl/"
[20:15:50] [Server thread/TRACE] [REI] [REICommonPlugin START] Reloading Section: "reloadable-plugin/FluidComparatorRegistryImpl/DefaultPlugin of DefaultPlugin [roughlyenoughitems]/"
[20:15:50] [Server thread/TRACE] [REI] [REICommonPlugin START] Reloading Section: "reloadable-plugin/FluidComparatorRegistryImpl/DefaultPlugin of DefaultPlugin [roughlyenoughitems]/" done in 33.80 μs
[20:15:50] [Server thread/TRACE] [REI] [REICommonPlugin START] Reloading Section: "reloadable-plugin/FluidComparatorRegistryImpl/FabricFluidAPISupportPlugin/"
[20:15:50] [Server thread/TRACE] [REI] [REICommonPlugin START] Reloading Section: "reloadable-plugin/FluidComparatorRegistryImpl/FabricFluidAPISupportPlugin/" done in 97.40 μs
[20:15:50] [Server thread/TRACE] [REI] [REICommonPlugin START] Reloading Section: "reloadable-plugin/FluidComparatorRegistryImpl/DefaultRuntimePlugin of DefaultRuntimePlugin [roughlyenoughitems]/"
[20:15:50] [Server thread/TRACE] [REI] [REICommonPlugin START] Reloading Section: "reloadable-plugin/FluidComparatorRegistryImpl/DefaultRuntimePlugin of DefaultRuntimePlugin [roughlyenoughitems]/" done in 33.50 μs
[20:15:50] [Server thread/TRACE] [REI] [REICommonPlugin START] Reloading Section: "reloadable-plugin/FluidComparatorRegistryImpl/" done in 2.267 ms
[20:15:50] [Server thread/TRACE] [REI] [REICommonPlugin START] Reloading Section: "reloadable-plugin/DisplaySerializerRegistryImpl/"
[20:15:50] [Server thread/TRACE] [REI] [REICommonPlugin START] Reloading Section: "reloadable-plugin/DisplaySerializerRegistryImpl/DefaultPlugin of DefaultPlugin [roughlyenoughitems]/"
[20:15:50] [Server thread/DEBUG] [REI] Added display serializer [minecraft:client/crafting/shaped] me.shedaniel.rei.api.common.display.DisplaySerializer$1@4811f281
[20:15:50] [Server thread/DEBUG] [REI] Added display serializer [minecraft:client/crafting/shapeless] me.shedaniel.rei.api.common.display.DisplaySerializer$1@5446fe99
[20:15:50] [Server thread/DEBUG] [REI] Added display serializer [minecraft:client/smelting] me.shedaniel.rei.api.common.display.DisplaySerializer$1@6dccc4c0
[20:15:50] [Server thread/DEBUG] [REI] Added display serializer [minecraft:client/smoking] me.shedaniel.rei.api.common.display.DisplaySerializer$1@4e2cbc3c
[20:15:50] [Server thread/DEBUG] [REI] Added display serializer [minecraft:client/blasting] me.shedaniel.rei.api.common.display.DisplaySerializer$1@57a147c9
[20:15:50] [Server thread/DEBUG] [REI] Added display serializer [minecraft:default/crafting/shaped] me.shedaniel.rei.api.common.display.DisplaySerializer$1@12cdc7cd
[20:15:50] [Server thread/DEBUG] [REI] Added display serializer [minecraft:default/crafting/shapeless] me.shedaniel.rei.api.common.display.DisplaySerializer$1@25d79621
[20:15:50] [Server thread/DEBUG] [REI] Added display serializer [minecraft:default/crafting/custom] me.shedaniel.rei.api.common.display.DisplaySerializer$1@5a833134
[20:15:50] [Server thread/DEBUG] [REI] Added display serializer [minecraft:default/crafting/custom_shaped] me.shedaniel.rei.api.common.display.DisplaySerializer$1@5458e779
[20:15:50] [Server thread/DEBUG] [REI] Added display serializer [minecraft:default/crafting/custom_shapeless] me.shedaniel.rei.api.common.display.DisplaySerializer$1@32cf2ea0
[20:15:50] [Server thread/DEBUG] [REI] Added display serializer [minecraft:extension/crafting/map_extending] me.shedaniel.rei.api.common.display.DisplaySerializer$1@78d50e7c
[20:15:50] [Server thread/DEBUG] [REI] Added display serializer [minecraft:default/smelting] me.shedaniel.rei.api.common.display.DisplaySerializer$1@15c4dc0f
[20:15:50] [Server thread/DEBUG] [REI] Added display serializer [minecraft:default/smoking] me.shedaniel.rei.api.common.display.DisplaySerializer$1@772bc0f8
[20:15:50] [Server thread/DEBUG] [REI] Added display serializer [minecraft:default/blasting] me.shedaniel.rei.api.common.display.DisplaySerializer$1@2add321b
[20:15:50] [Server thread/DEBUG] [REI] Added display serializer [minecraft:default/campfire] me.shedaniel.rei.api.common.display.DisplaySerializer$1@25a377d7
[20:15:50] [Server thread/DEBUG] [REI] Added display serializer [minecraft:default/stone_cutting] me.shedaniel.rei.api.common.display.DisplaySerializer$1@236a7b8a
[20:15:50] [Server thread/DEBUG] [REI] Added display serializer [minecraft:default/stripping] me.shedaniel.rei.api.common.display.DisplaySerializer$1@2be20e00
[20:15:50] [Server thread/DEBUG] [REI] Added display serializer [minecraft:default/brewing] me.shedaniel.rei.api.common.display.DisplaySerializer$1@76eba372
[20:15:50] [Server thread/DEBUG] [REI] Added display serializer [minecraft:default/composting] me.shedaniel.rei.api.common.display.DisplaySerializer$1@ce996b9
[20:15:50] [Server thread/DEBUG] [REI] Added display serializer [minecraft:default/fuel] me.shedaniel.rei.api.common.display.DisplaySerializer$1@1613dcb8
[20:15:50] [Server thread/DEBUG] [REI] Added display serializer [minecraft:default/smithing] me.shedaniel.rei.api.common.display.DisplaySerializer$1@73dcc3c
[20:15:50] [Server thread/DEBUG] [REI] Added display serializer [minecraft:default/smithing/trimming] me.shedaniel.rei.api.common.display.DisplaySerializer$1@a0ca414
[20:15:50] [Server thread/DEBUG] [REI] Added display serializer [minecraft:default/anvil] me.shedaniel.rei.api.common.display.DisplaySerializer$1@3f152480
[20:15:50] [Server thread/DEBUG] [REI] Added display serializer [minecraft:default/beacon_base] me.shedaniel.rei.api.common.display.DisplaySerializer$1@2a647857
[20:15:50] [Server thread/DEBUG] [REI] Added display serializer [minecraft:default/beacon_payment] me.shedaniel.rei.api.common.display.DisplaySerializer$1@730e539c
[20:15:50] [Server thread/DEBUG] [REI] Added display serializer [minecraft:default/tilling] me.shedaniel.rei.api.common.display.DisplaySerializer$1@35065735
[20:15:50] [Server thread/DEBUG] [REI] Added display serializer [minecraft:default/pathing] me.shedaniel.rei.api.common.display.DisplaySerializer$1@29e3cd9a
[20:15:50] [Server thread/DEBUG] [REI] Added display serializer [minecraft:default/waxing] me.shedaniel.rei.api.common.display.DisplaySerializer$1@1331b95
[20:15:50] [Server thread/DEBUG] [REI] Added display serializer [minecraft:default/waxing_scraping] me.shedaniel.rei.api.common.display.DisplaySerializer$1@24cb21bc
[20:15:50] [Server thread/DEBUG] [REI] Added display serializer [minecraft:default/oxidizing] me.shedaniel.rei.api.common.display.DisplaySerializer$1@157c1af2
[20:15:50] [Server thread/DEBUG] [REI] Added display serializer [minecraft:default/oxidizing_scraping] me.shedaniel.rei.api.common.display.DisplaySerializer$1@290d5ea1
[20:15:50] [Server thread/DEBUG] [REI] Added display serializer [roughlyenoughitems:default/information] me.shedaniel.rei.api.common.display.DisplaySerializer$1@1109e33b
[20:15:50] [Server thread/TRACE] [REI] [REICommonPlugin START] Reloading Section: "reloadable-plugin/DisplaySerializerRegistryImpl/DefaultPlugin of DefaultPlugin [roughlyenoughitems]/" done in 58.15 ms
[20:15:50] [Server thread/TRACE] [REI] [REICommonPlugin START] Reloading Section: "reloadable-plugin/DisplaySerializerRegistryImpl/FabricFluidAPISupportPlugin/"
[20:15:50] [Server thread/TRACE] [REI] [REICommonPlugin START] Reloading Section: "reloadable-plugin/DisplaySerializerRegistryImpl/FabricFluidAPISupportPlugin/" done in 38.70 μs
[20:15:50] [Server thread/TRACE] [REI] [REICommonPlugin START] Reloading Section: "reloadable-plugin/DisplaySerializerRegistryImpl/DefaultRuntimePlugin of DefaultRuntimePlugin [roughlyenoughitems]/"
[20:15:50] [Server thread/TRACE] [REI] [REICommonPlugin START] Reloading Section: "reloadable-plugin/DisplaySerializerRegistryImpl/DefaultRuntimePlugin of DefaultRuntimePlugin [roughlyenoughitems]/" done in 26.50 μs
[20:15:50] [Server thread/TRACE] [REI] [REICommonPlugin START] Reloading Section: "reloadable-plugin/DisplaySerializerRegistryImpl/" done in 58.51 ms
[20:15:50] [Server thread/TRACE] [REI] [REICommonPlugin START] Reloading Section: "reloadable-plugin/ServerDisplayRegistryImpl/"
[20:15:50] [Server thread/TRACE] [REI] [REICommonPlugin START] Reloading Section: "reloadable-plugin/ServerDisplayRegistryImpl/DefaultPlugin of DefaultPlugin [roughlyenoughitems]/"
[20:15:50] [Server thread/TRACE] [REI] [REICommonPlugin START] Reloading Section: "reloadable-plugin/ServerDisplayRegistryImpl/DefaultPlugin of DefaultPlugin [roughlyenoughitems]/" done in 24.70 μs
[20:15:50] [Server thread/TRACE] [REI] [REICommonPlugin START] Reloading Section: "reloadable-plugin/ServerDisplayRegistryImpl/FabricFluidAPISupportPlugin/"
[20:15:50] [Server thread/TRACE] [REI] [REICommonPlugin START] Reloading Section: "reloadable-plugin/ServerDisplayRegistryImpl/FabricFluidAPISupportPlugin/" done in 23.70 μs
[20:15:50] [Server thread/TRACE] [REI] [REICommonPlugin START] Reloading Section: "reloadable-plugin/ServerDisplayRegistryImpl/DefaultRuntimePlugin of DefaultRuntimePlugin [roughlyenoughitems]/"
[20:15:50] [Server thread/TRACE] [REI] [REICommonPlugin START] Reloading Section: "reloadable-plugin/ServerDisplayRegistryImpl/DefaultRuntimePlugin of DefaultRuntimePlugin [roughlyenoughitems]/" done in 23.80 μs
[20:15:50] [Server thread/TRACE] [REI] [REICommonPlugin START] Reloading Section: "reloadable-plugin/ServerDisplayRegistryImpl/" done in 11.75 ms
[20:15:50] [Server thread/TRACE] [REI] [REICommonPlugin START] Reloading Section: "reloadable-plugin/FluidSupportProviderImpl/"
[20:15:50] [Server thread/TRACE] [REI] [REICommonPlugin START] Reloading Section: "reloadable-plugin/FluidSupportProviderImpl/DefaultPlugin of DefaultPlugin [roughlyenoughitems]/"
[20:15:50] [Server thread/TRACE] [REI] [REICommonPlugin START] Reloading Section: "reloadable-plugin/FluidSupportProviderImpl/DefaultPlugin of DefaultPlugin [roughlyenoughitems]/" done in 402.0 μs
[20:15:50] [Server thread/TRACE] [REI] [REICommonPlugin START] Reloading Section: "reloadable-plugin/FluidSupportProviderImpl/FabricFluidAPISupportPlugin/"
[20:15:50] [Server thread/TRACE] [REI] [REICommonPlugin START] Reloading Section: "reloadable-plugin/FluidSupportProviderImpl/FabricFluidAPISupportPlugin/" done in 143.2 μs
[20:15:50] [Server thread/TRACE] [REI] [REICommonPlugin START] Reloading Section: "reloadable-plugin/FluidSupportProviderImpl/DefaultRuntimePlugin of DefaultRuntimePlugin [roughlyenoughitems]/"
[20:15:50] [Server thread/TRACE] [REI] [REICommonPlugin START] Reloading Section: "reloadable-plugin/FluidSupportProviderImpl/DefaultRuntimePlugin of DefaultRuntimePlugin [roughlyenoughitems]/" done in 27.90 μs
[20:15:50] [Server thread/TRACE] [REI] [REICommonPlugin START] Reloading Section: "reloadable-plugin/FluidSupportProviderImpl/" done in 829.1 μs
[20:15:50] [Server thread/DEBUG] [REI] ========================================
[20:15:50] [Server thread/DEBUG] [REI] REICommonPlugin ending main-reload for START.
[20:15:50] [Server thread/DEBUG] [REI] ========================================
[20:15:50] [Server thread/TRACE] [REI] [REICommonPlugin START] Reloading Section: "end-reload/"
[20:15:50] [Server thread/TRACE] [REI] [REICommonPlugin START] Reloading Section: "end-reload/SlotAccessorRegistryImpl/"
[20:15:50] [Server thread/TRACE] [REI] [REICommonPlugin START] Reloading Section: "end-reload/SlotAccessorRegistryImpl/" done in 27.70 μs
[20:15:50] [Server thread/TRACE] [REI] [REICommonPlugin START] Reloading Section: "end-reload/EntryTypeRegistryImpl/"
[20:15:50] [Server thread/TRACE] [REI] [REICommonPlugin START] Reloading Section: "end-reload/EntryTypeRegistryImpl/" done in 24.70 μs
[20:15:50] [Server thread/TRACE] [REI] [REICommonPlugin START] Reloading Section: "end-reload/EntrySettingsAdapterRegistryImpl/"
[20:15:50] [Server thread/TRACE] [REI] [REICommonPlugin START] Reloading Section: "end-reload/EntrySettingsAdapterRegistryImpl/" done in 20.00 μs
[20:15:50] [Server thread/TRACE] [REI] [REICommonPlugin START] Reloading Section: "end-reload/ItemComparatorRegistryImpl/"
[20:15:50] [Server thread/TRACE] [REI] [REICommonPlugin START] Reloading Section: "end-reload/ItemComparatorRegistryImpl/" done in 19.80 μs
[20:15:50] [Server thread/TRACE] [REI] [REICommonPlugin START] Reloading Section: "end-reload/FluidComparatorRegistryImpl/"
[20:15:50] [Server thread/TRACE] [REI] [REICommonPlugin START] Reloading Section: "end-reload/FluidComparatorRegistryImpl/" done in 20.30 μs
[20:15:50] [Server thread/TRACE] [REI] [REICommonPlugin START] Reloading Section: "end-reload/DisplaySerializerRegistryImpl/"
[20:15:50] [Server thread/TRACE] [REI] [REICommonPlugin START] Reloading Section: "end-reload/DisplaySerializerRegistryImpl/" done in 25.50 μs
[20:15:50] [Server thread/TRACE] [REI] [REICommonPlugin START] Reloading Section: "end-reload/ServerDisplayRegistryImpl/"
[20:15:50] [Server thread/TRACE] [REI] [REICommonPlugin START] Reloading Section: "end-reload/ServerDisplayRegistryImpl/" done in 19.90 μs
[20:15:50] [Server thread/TRACE] [REI] [REICommonPlugin START] Reloading Section: "end-reload/FluidSupportProviderImpl/"
[20:15:50] [Server thread/TRACE] [REI] [REICommonPlugin START] Reloading Section: "end-reload/FluidSupportProviderImpl/" done in 20.00 μs
[20:15:50] [Server thread/TRACE] [REI] [REICommonPlugin START] Reloading Section: "end-reload/" done in 596.7 μs
[20:15:50] [Server thread/DEBUG] [REI] ========================================
[20:15:50] [Server thread/DEBUG] [REI] REICommonPlugin ended main-reload for START in 90.63 ms.
[20:15:50] [Server thread/DEBUG] [REI] ========================================
[20:15:50] [Server thread/DEBUG] [REI] ========================================
[20:15:50] [Server thread/DEBUG] [REI] REICommonPlugin starting post-reload for START.
[20:15:50] [Server thread/DEBUG] [REI] Reloadables (8):
[20:15:50] [Server thread/DEBUG] [REI]  - SlotAccessorRegistryImpl
[20:15:50] [Server thread/DEBUG] [REI]  - EntryTypeRegistryImpl
[20:15:50] [Server thread/DEBUG] [REI]  - EntrySettingsAdapterRegistryImpl
[20:15:50] [Server thread/DEBUG] [REI]  - ItemComparatorRegistryImpl
[20:15:50] [Server thread/DEBUG] [REI]  - FluidComparatorRegistryImpl
[20:15:50] [Server thread/DEBUG] [REI]  - DisplaySerializerRegistryImpl
[20:15:50] [Server thread/DEBUG] [REI]  - ServerDisplayRegistryImpl
[20:15:50] [Server thread/DEBUG] [REI]  - FluidSupportProviderImpl
[20:15:50] [Server thread/DEBUG] [REI] Plugins (3):
[20:15:50] [Server thread/DEBUG] [REI]  - (-100.00) DefaultPlugin of DefaultPlugin [roughlyenoughitems]
[20:15:50] [Server thread/DEBUG] [REI]  - (0.00) FabricFluidAPISupportPlugin
[20:15:50] [Server thread/DEBUG] [REI]  - (0.00) DefaultRuntimePlugin of DefaultRuntimePlugin [roughlyenoughitems]
[20:15:50] [Server thread/DEBUG] [REI] ========================================
[20:15:50] [Server thread/TRACE] [REI] [REICommonPlugin START] Reloading Section: "post-register/"
[20:15:50] [Server thread/TRACE] [REI] [REICommonPlugin START] Reloading Section: "post-register/DefaultPlugin of DefaultPlugin [roughlyenoughitems]/"
[20:15:50] [Server thread/TRACE] [REI] [REICommonPlugin START] Reloading Section: "post-register/DefaultPlugin of DefaultPlugin [roughlyenoughitems]/" done in 136.3 μs
[20:15:50] [Server thread/TRACE] [REI] [REICommonPlugin START] Reloading Section: "post-register/FabricFluidAPISupportPlugin/"
[20:15:50] [Server thread/TRACE] [REI] [REICommonPlugin START] Reloading Section: "post-register/FabricFluidAPISupportPlugin/" done in 24.50 μs
[20:15:50] [Server thread/TRACE] [REI] [REICommonPlugin START] Reloading Section: "post-register/DefaultRuntimePlugin of DefaultRuntimePlugin [roughlyenoughitems]/"
[20:15:50] [Server thread/TRACE] [REI] [REICommonPlugin START] Reloading Section: "post-register/DefaultRuntimePlugin of DefaultRuntimePlugin [roughlyenoughitems]/" done in 22.20 μs
[20:15:50] [Server thread/TRACE] [REI] [REICommonPlugin START] Reloading Section: "post-register/" done in 536.8 μs
[20:15:50] [Server thread/TRACE] [REI] [REICommonPlugin START] Reloading Section: "post-stage/"
[20:15:50] [Server thread/TRACE] [REI] [REICommonPlugin START] Reloading Section: "post-stage/SlotAccessorRegistryImpl/"
[20:15:50] [Server thread/TRACE] [REI] [REICommonPlugin START] Reloading Section: "post-stage/SlotAccessorRegistryImpl/" done in 35.30 μs
[20:15:50] [Server thread/TRACE] [REI] [REICommonPlugin START] Reloading Section: "post-stage/EntryTypeRegistryImpl/"
[20:15:50] [Server thread/TRACE] [REI] [REICommonPlugin START] Reloading Section: "post-stage/EntryTypeRegistryImpl/" done in 21.60 μs
[20:15:50] [Server thread/TRACE] [REI] [REICommonPlugin START] Reloading Section: "post-stage/EntrySettingsAdapterRegistryImpl/"
[20:15:50] [Server thread/TRACE] [REI] [REICommonPlugin START] Reloading Section: "post-stage/EntrySettingsAdapterRegistryImpl/" done in 19.50 μs
[20:15:50] [Server thread/TRACE] [REI] [REICommonPlugin START] Reloading Section: "post-stage/ItemComparatorRegistryImpl/"
[20:15:50] [Server thread/TRACE] [REI] [REICommonPlugin START] Reloading Section: "post-stage/ItemComparatorRegistryImpl/" done in 20.50 μs
[20:15:50] [Server thread/TRACE] [REI] [REICommonPlugin START] Reloading Section: "post-stage/FluidComparatorRegistryImpl/"
[20:15:50] [Server thread/TRACE] [REI] [REICommonPlugin START] Reloading Section: "post-stage/FluidComparatorRegistryImpl/" done in 25.60 μs
[20:15:50] [Server thread/TRACE] [REI] [REICommonPlugin START] Reloading Section: "post-stage/DisplaySerializerRegistryImpl/"
[20:15:50] [Server thread/TRACE] [REI] [REICommonPlugin START] Reloading Section: "post-stage/DisplaySerializerRegistryImpl/" done in 23.40 μs
[20:15:50] [Server thread/TRACE] [REI] [REICommonPlugin START] Reloading Section: "post-stage/ServerDisplayRegistryImpl/"
[20:15:50] [Server thread/TRACE] [REI] [REICommonPlugin START] Reloading Section: "post-stage/ServerDisplayRegistryImpl/" done in 27.80 μs
[20:15:50] [Server thread/TRACE] [REI] [REICommonPlugin START] Reloading Section: "post-stage/FluidSupportProviderImpl/"
[20:15:50] [Server thread/TRACE] [REI] [REICommonPlugin START] Reloading Section: "post-stage/FluidSupportProviderImpl/" done in 18.90 μs
[20:15:50] [Server thread/TRACE] [REI] [REICommonPlugin START] Reloading Section: "post-stage/" done in 627.5 μs
[20:15:50] [Server thread/DEBUG] [REI] ========================================
[20:15:50] [Server thread/INFO] [REI] REICommonPlugin finished post-reload for START in 1.254 ms, totaling 105.6 ms.
[20:15:50] [Server thread/DEBUG] [REI] ========================================
[20:15:50] [Server thread/DEBUG] [REI] ========================================
[20:15:50] [Server thread/DEBUG] [REI] REICommonPlugin starting pre-reload for END.
[20:15:50] [Server thread/DEBUG] [REI] Reloadables (8):
[20:15:50] [Server thread/DEBUG] [REI]  - SlotAccessorRegistryImpl
[20:15:50] [Server thread/DEBUG] [REI]  - EntryTypeRegistryImpl
[20:15:50] [Server thread/DEBUG] [REI]  - EntrySettingsAdapterRegistryImpl
[20:15:50] [Server thread/DEBUG] [REI]  - ItemComparatorRegistryImpl
[20:15:50] [Server thread/DEBUG] [REI]  - FluidComparatorRegistryImpl
[20:15:50] [Server thread/DEBUG] [REI]  - DisplaySerializerRegistryImpl
[20:15:50] [Server thread/DEBUG] [REI]  - ServerDisplayRegistryImpl
[20:15:50] [Server thread/DEBUG] [REI]  - FluidSupportProviderImpl
[20:15:50] [Server thread/DEBUG] [REI] Plugins (3):
[20:15:50] [Server thread/DEBUG] [REI]  - (-100.00) DefaultPlugin of DefaultPlugin [roughlyenoughitems]
[20:15:50] [Server thread/DEBUG] [REI]  - (0.00) FabricFluidAPISupportPlugin
[20:15:50] [Server thread/DEBUG] [REI]  - (0.00) DefaultRuntimePlugin of DefaultRuntimePlugin [roughlyenoughitems]
[20:15:50] [Server thread/DEBUG] [REI] ========================================
[20:15:50] [Server thread/TRACE] [REI] [REICommonPlugin END] Reloading Section: "pre-register/"
[20:15:50] [Server thread/TRACE] [REI] [REICommonPlugin END] Reloading Section: "pre-register/DefaultPlugin of DefaultPlugin [roughlyenoughitems]/"
[20:15:50] [Server thread/TRACE] [REI] [REICommonPlugin END] Reloading Section: "pre-register/DefaultPlugin of DefaultPlugin [roughlyenoughitems]/" done in 25.40 μs
[20:15:50] [Server thread/TRACE] [REI] [REICommonPlugin END] Reloading Section: "pre-register/FabricFluidAPISupportPlugin/"
[20:15:50] [Server thread/TRACE] [REI] [REICommonPlugin END] Reloading Section: "pre-register/FabricFluidAPISupportPlugin/" done in 20.90 μs
[20:15:50] [Server thread/TRACE] [REI] [REICommonPlugin END] Reloading Section: "pre-register/DefaultRuntimePlugin of DefaultRuntimePlugin [roughlyenoughitems]/"
[20:15:50] [Server thread/TRACE] [REI] [REICommonPlugin END] Reloading Section: "pre-register/DefaultRuntimePlugin of DefaultRuntimePlugin [roughlyenoughitems]/" done in 19.30 μs
[20:15:50] [Server thread/TRACE] [REI] [REICommonPlugin END] Reloading Section: "pre-register/" done in 268.9 μs
[20:15:50] [Server thread/TRACE] [REI] [REICommonPlugin END] Reloading Section: "pre-stage/"
[20:15:50] [Server thread/TRACE] [REI] [REICommonPlugin END] Reloading Section: "pre-stage/SlotAccessorRegistryImpl/"
[20:15:50] [Server thread/TRACE] [REI] [REICommonPlugin END] Reloading Section: "pre-stage/SlotAccessorRegistryImpl/" done in 18.10 μs
[20:15:50] [Server thread/TRACE] [REI] [REICommonPlugin END] Reloading Section: "pre-stage/EntryTypeRegistryImpl/"
[20:15:50] [Server thread/TRACE] [REI] [REICommonPlugin END] Reloading Section: "pre-stage/EntryTypeRegistryImpl/" done in 18.20 μs
[20:15:50] [Server thread/TRACE] [REI] [REICommonPlugin END] Reloading Section: "pre-stage/EntrySettingsAdapterRegistryImpl/"
[20:15:50] [Server thread/TRACE] [REI] [REICommonPlugin END] Reloading Section: "pre-stage/EntrySettingsAdapterRegistryImpl/" done in 25.60 μs
[20:15:50] [Server thread/TRACE] [REI] [REICommonPlugin END] Reloading Section: "pre-stage/ItemComparatorRegistryImpl/"
[20:15:50] [Server thread/TRACE] [REI] [REICommonPlugin END] Reloading Section: "pre-stage/ItemComparatorRegistryImpl/" done in 18.70 μs
[20:15:50] [Server thread/TRACE] [REI] [REICommonPlugin END] Reloading Section: "pre-stage/FluidComparatorRegistryImpl/"
[20:15:50] [Server thread/TRACE] [REI] [REICommonPlugin END] Reloading Section: "pre-stage/FluidComparatorRegistryImpl/" done in 17.20 μs
[20:15:50] [Server thread/TRACE] [REI] [REICommonPlugin END] Reloading Section: "pre-stage/DisplaySerializerRegistryImpl/"
[20:15:50] [Server thread/TRACE] [REI] [REICommonPlugin END] Reloading Section: "pre-stage/DisplaySerializerRegistryImpl/" done in 18.00 μs
[20:15:50] [Server thread/TRACE] [REI] [REICommonPlugin END] Reloading Section: "pre-stage/ServerDisplayRegistryImpl/"
[20:15:50] [Server thread/TRACE] [REI] [REICommonPlugin END] Reloading Section: "pre-stage/ServerDisplayRegistryImpl/" done in 17.50 μs
[20:15:50] [Server thread/TRACE] [REI] [REICommonPlugin END] Reloading Section: "pre-stage/FluidSupportProviderImpl/"
[20:15:50] [Server thread/TRACE] [REI] [REICommonPlugin END] Reloading Section: "pre-stage/FluidSupportProviderImpl/" done in 17.90 μs
[20:15:50] [Server thread/TRACE] [REI] [REICommonPlugin END] Reloading Section: "pre-stage/" done in 535.4 μs
[20:15:50] [Server thread/DEBUG] [REI] ========================================
[20:15:50] [Server thread/DEBUG] [REI] REICommonPlugin finished pre-reload for END in 877.0 μs.
[20:15:50] [Server thread/DEBUG] [REI] ========================================
[20:15:50] [Server thread/INFO] [REI] ----------------------------------------
[20:15:50] [Server thread/INFO] [REI] REICommonPlugin starting main-reload for END.
[20:15:50] [Server thread/DEBUG] [REI] Reloadables (8):
[20:15:50] [Server thread/DEBUG] [REI]  - SlotAccessorRegistryImpl
[20:15:50] [Server thread/DEBUG] [REI]  - EntryTypeRegistryImpl
[20:15:50] [Server thread/DEBUG] [REI]  - EntrySettingsAdapterRegistryImpl
[20:15:50] [Server thread/DEBUG] [REI]  - ItemComparatorRegistryImpl
[20:15:50] [Server thread/DEBUG] [REI]  - FluidComparatorRegistryImpl
[20:15:50] [Server thread/DEBUG] [REI]  - DisplaySerializerRegistryImpl
[20:15:50] [Server thread/DEBUG] [REI]  - ServerDisplayRegistryImpl
[20:15:50] [Server thread/DEBUG] [REI]  - FluidSupportProviderImpl
[20:15:50] [Server thread/INFO] [REI] Plugins (3):
[20:15:50] [Server thread/INFO] [REI]  - (-100.00) DefaultPlugin of DefaultPlugin [roughlyenoughitems]
[20:15:50] [Server thread/INFO] [REI]  - (0.00) FabricFluidAPISupportPlugin
[20:15:50] [Server thread/INFO] [REI]  - (0.00) DefaultRuntimePlugin of DefaultRuntimePlugin [roughlyenoughitems]
[20:15:50] [Server thread/INFO] [REI] ----------------------------------------
[20:15:50] [Server thread/TRACE] [REI] [REICommonPlugin END] Reloading Section: "start-reload/"
[20:15:50] [Server thread/TRACE] [REI] [REICommonPlugin END] Reloading Section: "start-reload/SlotAccessorRegistryImpl/"
[20:15:50] [Server thread/TRACE] [REI] [REICommonPlugin END] Reloading Section: "start-reload/SlotAccessorRegistryImpl/" done in 26.40 μs
[20:15:50] [Server thread/TRACE] [REI] [REICommonPlugin END] Reloading Section: "start-reload/EntryTypeRegistryImpl/"
[20:15:50] [Server thread/TRACE] [REI] [REICommonPlugin END] Reloading Section: "start-reload/EntryTypeRegistryImpl/" done in 19.90 μs
[20:15:50] [Server thread/TRACE] [REI] [REICommonPlugin END] Reloading Section: "start-reload/EntrySettingsAdapterRegistryImpl/"
[20:15:50] [Server thread/TRACE] [REI] [REICommonPlugin END] Reloading Section: "start-reload/EntrySettingsAdapterRegistryImpl/" done in 22.30 μs
[20:15:50] [Server thread/TRACE] [REI] [REICommonPlugin END] Reloading Section: "start-reload/ItemComparatorRegistryImpl/"
[20:15:50] [Server thread/TRACE] [REI] [REICommonPlugin END] Reloading Section: "start-reload/ItemComparatorRegistryImpl/" done in 23.00 μs
[20:15:50] [Server thread/TRACE] [REI] [REICommonPlugin END] Reloading Section: "start-reload/FluidComparatorRegistryImpl/"
[20:15:50] [Server thread/TRACE] [REI] [REICommonPlugin END] Reloading Section: "start-reload/FluidComparatorRegistryImpl/" done in 18.10 μs
[20:15:50] [Server thread/TRACE] [REI] [REICommonPlugin END] Reloading Section: "start-reload/DisplaySerializerRegistryImpl/"
[20:15:50] [Server thread/TRACE] [REI] [REICommonPlugin END] Reloading Section: "start-reload/DisplaySerializerRegistryImpl/" done in 17.30 μs
[20:15:50] [Server thread/TRACE] [REI] [REICommonPlugin END] Reloading Section: "start-reload/ServerDisplayRegistryImpl/"
[20:15:50] [Server thread/TRACE] [REI] [REICommonPlugin END] Reloading Section: "start-reload/ServerDisplayRegistryImpl/" done in 149.7 μs
[20:15:50] [Server thread/TRACE] [REI] [REICommonPlugin END] Reloading Section: "start-reload/FluidSupportProviderImpl/"
[20:15:50] [Server thread/TRACE] [REI] [REICommonPlugin END] Reloading Section: "start-reload/FluidSupportProviderImpl/" done in 19.30 μs
[20:15:50] [Server thread/TRACE] [REI] [REICommonPlugin END] Reloading Section: "start-reload/" done in 1.888 ms
[20:15:50] [Server thread/DEBUG] [REI] ========================================
[20:15:50] [Server thread/DEBUG] [REI] REICommonPlugin started main-reload for END.
[20:15:50] [Server thread/DEBUG] [REI] ========================================
[20:15:50] [Server thread/TRACE] [REI] [REICommonPlugin END] Reloading Section: "reloadable-plugin/SlotAccessorRegistryImpl/"
[20:15:50] [Server thread/TRACE] [REI] [REICommonPlugin END] Reloading Section: "reloadable-plugin/SlotAccessorRegistryImpl/DefaultPlugin of DefaultPlugin [roughlyenoughitems]/"
[20:15:50] [Server thread/TRACE] [REI] [REICommonPlugin END] Reloading Section: "reloadable-plugin/SlotAccessorRegistryImpl/DefaultPlugin of DefaultPlugin [roughlyenoughitems]/" done in 39.40 μs
[20:15:50] [Server thread/TRACE] [REI] [REICommonPlugin END] Reloading Section: "reloadable-plugin/SlotAccessorRegistryImpl/FabricFluidAPISupportPlugin/"
[20:15:50] [Server thread/TRACE] [REI] [REICommonPlugin END] Reloading Section: "reloadable-plugin/SlotAccessorRegistryImpl/FabricFluidAPISupportPlugin/" done in 72.70 μs
[20:15:50] [Server thread/TRACE] [REI] [REICommonPlugin END] Reloading Section: "reloadable-plugin/SlotAccessorRegistryImpl/DefaultRuntimePlugin of DefaultRuntimePlugin [roughlyenoughitems]/"
[20:15:50] [Server thread/DEBUG] [REI] Added slot accessor serializer: me.shedaniel.rei.plugin.common.runtime.DefaultRuntimePlugin$1@43978c10 [roughlyenoughitems:vanilla]
[20:15:50] [Server thread/DEBUG] [REI] Added slot accessor serializer: me.shedaniel.rei.plugin.common.runtime.DefaultRuntimePlugin$2@5f2395ba [roughlyenoughitems:player]
[20:15:50] [Server thread/TRACE] [REI] [REICommonPlugin END] Reloading Section: "reloadable-plugin/SlotAccessorRegistryImpl/DefaultRuntimePlugin of DefaultRuntimePlugin [roughlyenoughitems]/" done in 1.299 ms
[20:15:50] [Server thread/TRACE] [REI] [REICommonPlugin END] Reloading Section: "reloadable-plugin/SlotAccessorRegistryImpl/" done in 1.903 ms
[20:15:50] [Server thread/TRACE] [REI] [REICommonPlugin END] Reloading Section: "reloadable-plugin/EntryTypeRegistryImpl/"
[20:15:50] [Server thread/TRACE] [REI] [REICommonPlugin END] Reloading Section: "reloadable-plugin/EntryTypeRegistryImpl/DefaultPlugin of DefaultPlugin [roughlyenoughitems]/"
[20:15:50] [Server thread/TRACE] [REI] [REICommonPlugin END] Reloading Section: "reloadable-plugin/EntryTypeRegistryImpl/DefaultPlugin of DefaultPlugin [roughlyenoughitems]/" done in 24.30 μs
[20:15:50] [Server thread/TRACE] [REI] [REICommonPlugin END] Reloading Section: "reloadable-plugin/EntryTypeRegistryImpl/FabricFluidAPISupportPlugin/"
[20:15:50] [Server thread/TRACE] [REI] [REICommonPlugin END] Reloading Section: "reloadable-plugin/EntryTypeRegistryImpl/FabricFluidAPISupportPlugin/" done in 21.30 μs
[20:15:50] [Server thread/TRACE] [REI] [REICommonPlugin END] Reloading Section: "reloadable-plugin/EntryTypeRegistryImpl/DefaultRuntimePlugin of DefaultRuntimePlugin [roughlyenoughitems]/"
[20:15:50] [Server thread/TRACE] [REI] [REICommonPlugin END] Reloading Section: "reloadable-plugin/EntryTypeRegistryImpl/DefaultRuntimePlugin of DefaultRuntimePlugin [roughlyenoughitems]/" done in 28.40 μs
[20:15:50] [Server thread/TRACE] [REI] [REICommonPlugin END] Reloading Section: "reloadable-plugin/EntryTypeRegistryImpl/" done in 276.5 μs
[20:15:50] [Server thread/TRACE] [REI] [REICommonPlugin END] Reloading Section: "reloadable-plugin/EntrySettingsAdapterRegistryImpl/"
[20:15:50] [Server thread/TRACE] [REI] [REICommonPlugin END] Reloading Section: "reloadable-plugin/EntrySettingsAdapterRegistryImpl/DefaultPlugin of DefaultPlugin [roughlyenoughitems]/"
[20:15:50] [Server thread/TRACE] [REI] [REICommonPlugin END] Reloading Section: "reloadable-plugin/EntrySettingsAdapterRegistryImpl/DefaultPlugin of DefaultPlugin [roughlyenoughitems]/" done in 27.80 μs
[20:15:50] [Server thread/TRACE] [REI] [REICommonPlugin END] Reloading Section: "reloadable-plugin/EntrySettingsAdapterRegistryImpl/FabricFluidAPISupportPlugin/"
[20:15:50] [Server thread/TRACE] [REI] [REICommonPlugin END] Reloading Section: "reloadable-plugin/EntrySettingsAdapterRegistryImpl/FabricFluidAPISupportPlugin/" done in 25.90 μs
[20:15:50] [Server thread/TRACE] [REI] [REICommonPlugin END] Reloading Section: "reloadable-plugin/EntrySettingsAdapterRegistryImpl/DefaultRuntimePlugin of DefaultRuntimePlugin [roughlyenoughitems]/"
[20:15:50] [Server thread/TRACE] [REI] [REICommonPlugin END] Reloading Section: "reloadable-plugin/EntrySettingsAdapterRegistryImpl/DefaultRuntimePlugin of DefaultRuntimePlugin [roughlyenoughitems]/" done in 22.20 μs
[20:15:50] [Server thread/TRACE] [REI] [REICommonPlugin END] Reloading Section: "reloadable-plugin/EntrySettingsAdapterRegistryImpl/" done in 238.1 μs
[20:15:50] [Server thread/TRACE] [REI] [REICommonPlugin END] Reloading Section: "reloadable-plugin/ItemComparatorRegistryImpl/"
[20:15:50] [Server thread/TRACE] [REI] [REICommonPlugin END] Reloading Section: "reloadable-plugin/ItemComparatorRegistryImpl/DefaultPlugin of DefaultPlugin [roughlyenoughitems]/"
[20:15:50] [Server thread/TRACE] [REI] [REICommonPlugin END] Reloading Section: "reloadable-plugin/ItemComparatorRegistryImpl/DefaultPlugin of DefaultPlugin [roughlyenoughitems]/" done in 20.00 μs
[20:15:50] [Server thread/TRACE] [REI] [REICommonPlugin END] Reloading Section: "reloadable-plugin/ItemComparatorRegistryImpl/FabricFluidAPISupportPlugin/"
[20:15:50] [Server thread/TRACE] [REI] [REICommonPlugin END] Reloading Section: "reloadable-plugin/ItemComparatorRegistryImpl/FabricFluidAPISupportPlugin/" done in 22.50 μs
[20:15:50] [Server thread/TRACE] [REI] [REICommonPlugin END] Reloading Section: "reloadable-plugin/ItemComparatorRegistryImpl/DefaultRuntimePlugin of DefaultRuntimePlugin [roughlyenoughitems]/"
[20:15:50] [Server thread/TRACE] [REI] [REICommonPlugin END] Reloading Section: "reloadable-plugin/ItemComparatorRegistryImpl/DefaultRuntimePlugin of DefaultRuntimePlugin [roughlyenoughitems]/" done in 24.30 μs
[20:15:50] [Server thread/TRACE] [REI] [REICommonPlugin END] Reloading Section: "reloadable-plugin/ItemComparatorRegistryImpl/" done in 237.0 μs
[20:15:50] [Server thread/TRACE] [REI] [REICommonPlugin END] Reloading Section: "reloadable-plugin/FluidComparatorRegistryImpl/"
[20:15:50] [Server thread/TRACE] [REI] [REICommonPlugin END] Reloading Section: "reloadable-plugin/FluidComparatorRegistryImpl/DefaultPlugin of DefaultPlugin [roughlyenoughitems]/"
[20:15:50] [Server thread/TRACE] [REI] [REICommonPlugin END] Reloading Section: "reloadable-plugin/FluidComparatorRegistryImpl/DefaultPlugin of DefaultPlugin [roughlyenoughitems]/" done in 19.80 μs
[20:15:50] [Server thread/TRACE] [REI] [REICommonPlugin END] Reloading Section: "reloadable-plugin/FluidComparatorRegistryImpl/FabricFluidAPISupportPlugin/"
[20:15:50] [Server thread/TRACE] [REI] [REICommonPlugin END] Reloading Section: "reloadable-plugin/FluidComparatorRegistryImpl/FabricFluidAPISupportPlugin/" done in 22.20 μs
[20:15:50] [Server thread/TRACE] [REI] [REICommonPlugin END] Reloading Section: "reloadable-plugin/FluidComparatorRegistryImpl/DefaultRuntimePlugin of DefaultRuntimePlugin [roughlyenoughitems]/"
[20:15:50] [Server thread/TRACE] [REI] [REICommonPlugin END] Reloading Section: "reloadable-plugin/FluidComparatorRegistryImpl/DefaultRuntimePlugin of DefaultRuntimePlugin [roughlyenoughitems]/" done in 86.20 μs
[20:15:50] [Server thread/TRACE] [REI] [REICommonPlugin END] Reloading Section: "reloadable-plugin/FluidComparatorRegistryImpl/" done in 345.2 μs
[20:15:50] [Server thread/TRACE] [REI] [REICommonPlugin END] Reloading Section: "reloadable-plugin/DisplaySerializerRegistryImpl/"
[20:15:50] [Server thread/TRACE] [REI] [REICommonPlugin END] Reloading Section: "reloadable-plugin/DisplaySerializerRegistryImpl/DefaultPlugin of DefaultPlugin [roughlyenoughitems]/"
[20:15:50] [Server thread/TRACE] [REI] [REICommonPlugin END] Reloading Section: "reloadable-plugin/DisplaySerializerRegistryImpl/DefaultPlugin of DefaultPlugin [roughlyenoughitems]/" done in 35.80 μs
[20:15:50] [Server thread/TRACE] [REI] [REICommonPlugin END] Reloading Section: "reloadable-plugin/DisplaySerializerRegistryImpl/FabricFluidAPISupportPlugin/"
[20:15:50] [Server thread/TRACE] [REI] [REICommonPlugin END] Reloading Section: "reloadable-plugin/DisplaySerializerRegistryImpl/FabricFluidAPISupportPlugin/" done in 23.60 μs
[20:15:50] [Server thread/TRACE] [REI] [REICommonPlugin END] Reloading Section: "reloadable-plugin/DisplaySerializerRegistryImpl/DefaultRuntimePlugin of DefaultRuntimePlugin [roughlyenoughitems]/"
[20:15:50] [Server thread/TRACE] [REI] [REICommonPlugin END] Reloading Section: "reloadable-plugin/DisplaySerializerRegistryImpl/DefaultRuntimePlugin of DefaultRuntimePlugin [roughlyenoughitems]/" done in 20.70 μs
[20:15:50] [Server thread/TRACE] [REI] [REICommonPlugin END] Reloading Section: "reloadable-plugin/DisplaySerializerRegistryImpl/" done in 251.4 μs
[20:15:50] [Server thread/TRACE] [REI] [REICommonPlugin END] Reloading Section: "reloadable-plugin/ServerDisplayRegistryImpl/"
[20:15:50] [Server thread/TRACE] [REI] [REICommonPlugin END] Reloading Section: "reloadable-plugin/ServerDisplayRegistryImpl/DefaultPlugin of DefaultPlugin [roughlyenoughitems]/"
[20:15:50] [Server thread/DEBUG] [REI] Added display filter: me.shedaniel.rei.api.common.registry.display.DisplayConsumer$RecipeManagerConsumer$RecipeFillerBuilder$$Lambda/0x000002a9027c2320@5b41bf6a
[20:15:50] [Server thread/DEBUG] [REI] Added display filter: me.shedaniel.rei.api.common.registry.display.DisplayConsumer$RecipeManagerConsumer$RecipeFillerBuilder$$Lambda/0x000002a9027c2320@4859e5cb
[20:15:50] [Server thread/DEBUG] [REI] Added display filter: me.shedaniel.rei.api.common.registry.display.DisplayConsumer$RecipeManagerConsumer$RecipeFillerBuilder$$Lambda/0x000002a9027c2320@6bb6eb8d
[20:15:50] [Server thread/DEBUG] [REI] Added display filter: me.shedaniel.rei.api.common.registry.display.DisplayConsumer$RecipeManagerConsumer$RecipeFillerBuilder$$Lambda/0x000002a9027c2320@eed395
[20:15:50] [Server thread/DEBUG] [REI] Added display filter: me.shedaniel.rei.api.common.registry.display.DisplayConsumer$RecipeManagerConsumer$RecipeFillerBuilder$$Lambda/0x000002a9027c2320@34a79116
[20:15:50] [Server thread/DEBUG] [REI] Added display filter: me.shedaniel.rei.api.common.registry.display.DisplayConsumer$RecipeManagerConsumer$RecipeFillerBuilder$$Lambda/0x000002a9027c2320@3582c915
[20:15:50] [Server thread/DEBUG] [REI] Added display filter: me.shedaniel.rei.api.common.registry.display.DisplayConsumer$RecipeManagerConsumer$RecipeFillerBuilder$$Lambda/0x000002a9027c2320@5a7bc7e6
[20:15:50] [Server thread/DEBUG] [REI] Added display filter: me.shedaniel.rei.api.common.registry.display.DisplayConsumer$RecipeManagerConsumer$RecipeFillerBuilder$$Lambda/0x000002a9027c3b08@3c11c6b9
[20:15:50] [Server thread/DEBUG] [REI] Added display filter: me.shedaniel.rei.api.common.registry.display.DisplayConsumer$RecipeManagerConsumer$RecipeFillerBuilder$$Lambda/0x000002a9027c3b08@73677687
[20:15:50] [Server thread/DEBUG] [REI] Added display filter: me.shedaniel.rei.api.common.registry.display.DisplayConsumer$RecipeManagerConsumer$RecipeFillerBuilder$$Lambda/0x000002a9027c3b08@5262940c
[20:15:50] [Server thread/DEBUG] [REI] Added display filter: me.shedaniel.rei.api.common.registry.display.DisplayConsumer$RecipeManagerConsumer$RecipeFillerBuilder$$Lambda/0x000002a9027c3b08@61953810
[20:15:50] [Server thread/DEBUG] [REI] Added display filter: me.shedaniel.rei.api.common.registry.display.DisplayConsumer$RecipeManagerConsumer$RecipeFillerBuilder$$Lambda/0x000002a9027c3b08@53830e95
[20:15:50] [Server thread/DEBUG] [REI] Added display filter: me.shedaniel.rei.api.common.registry.display.DisplayConsumer$RecipeManagerConsumer$RecipeFillerBuilder$$Lambda/0x000002a9027c3b08@1b18892c
[20:15:50] [Server thread/DEBUG] [REI] Added display filter: me.shedaniel.rei.api.common.registry.display.DisplayConsumer$RecipeManagerConsumer$RecipeFillerBuilder$$Lambda/0x000002a9027c3b08@5d9cacb7
[20:15:50] [Server thread/DEBUG] [REI] Added display filter: me.shedaniel.rei.api.common.registry.display.DisplayConsumer$RecipeManagerConsumer$RecipeFillerBuilder$$Lambda/0x000002a9027c3b08@15815aac
[20:15:50] [Server thread/DEBUG] [REI] Added display filter: me.shedaniel.rei.api.common.registry.display.DisplayConsumer$RecipeManagerConsumer$RecipeFillerBuilder$$Lambda/0x000002a9027c3b08@5ebd192f
[20:15:50] [Server thread/TRACE] [REI] [REICommonPlugin END] Reloading Section: "reloadable-plugin/ServerDisplayRegistryImpl/DefaultPlugin of DefaultPlugin [roughlyenoughitems]/" done in 3.715 ms
[20:15:50] [Server thread/TRACE] [REI] [REICommonPlugin END] Reloading Section: "reloadable-plugin/ServerDisplayRegistryImpl/FabricFluidAPISupportPlugin/"
[20:15:50] [Server thread/TRACE] [REI] [REICommonPlugin END] Reloading Section: "reloadable-plugin/ServerDisplayRegistryImpl/FabricFluidAPISupportPlugin/" done in 28.90 μs
[20:15:50] [Server thread/TRACE] [REI] [REICommonPlugin END] Reloading Section: "reloadable-plugin/ServerDisplayRegistryImpl/DefaultRuntimePlugin of DefaultRuntimePlugin [roughlyenoughitems]/"
[20:15:50] [Server thread/TRACE] [REI] [REICommonPlugin END] Reloading Section: "reloadable-plugin/ServerDisplayRegistryImpl/DefaultRuntimePlugin of DefaultRuntimePlugin [roughlyenoughitems]/" done in 19.60 μs
[20:15:50] [Server thread/TRACE] [REI] [REICommonPlugin END] Reloading Section: "reloadable-plugin/ServerDisplayRegistryImpl/" done in 3.968 ms
[20:15:50] [Server thread/TRACE] [REI] [REICommonPlugin END] Reloading Section: "reloadable-plugin/FluidSupportProviderImpl/"
[20:15:50] [Server thread/TRACE] [REI] [REICommonPlugin END] Reloading Section: "reloadable-plugin/FluidSupportProviderImpl/DefaultPlugin of DefaultPlugin [roughlyenoughitems]/"
[20:15:50] [Server thread/TRACE] [REI] [REICommonPlugin END] Reloading Section: "reloadable-plugin/FluidSupportProviderImpl/DefaultPlugin of DefaultPlugin [roughlyenoughitems]/" done in 18.30 μs
[20:15:50] [Server thread/TRACE] [REI] [REICommonPlugin END] Reloading Section: "reloadable-plugin/FluidSupportProviderImpl/FabricFluidAPISupportPlugin/"
[20:15:50] [Server thread/TRACE] [REI] [REICommonPlugin END] Reloading Section: "reloadable-plugin/FluidSupportProviderImpl/FabricFluidAPISupportPlugin/" done in 24.60 μs
[20:15:50] [Server thread/TRACE] [REI] [REICommonPlugin END] Reloading Section: "reloadable-plugin/FluidSupportProviderImpl/DefaultRuntimePlugin of DefaultRuntimePlugin [roughlyenoughitems]/"
[20:15:50] [Server thread/TRACE] [REI] [REICommonPlugin END] Reloading Section: "reloadable-plugin/FluidSupportProviderImpl/DefaultRuntimePlugin of DefaultRuntimePlugin [roughlyenoughitems]/" done in 19.00 μs
[20:15:50] [Server thread/TRACE] [REI] [REICommonPlugin END] Reloading Section: "reloadable-plugin/FluidSupportProviderImpl/" done in 208.9 μs
[20:15:50] [Server thread/DEBUG] [REI] ========================================
[20:15:50] [Server thread/DEBUG] [REI] REICommonPlugin ending main-reload for END.
[20:15:50] [Server thread/DEBUG] [REI] ========================================
[20:15:50] [Server thread/TRACE] [REI] [REICommonPlugin END] Reloading Section: "end-reload/"
[20:15:50] [Server thread/TRACE] [REI] [REICommonPlugin END] Reloading Section: "end-reload/SlotAccessorRegistryImpl/"
[20:15:50] [Server thread/DEBUG] [REI] Registered 2 slot accessor serializers
[20:15:50] [Server thread/TRACE] [REI] [REICommonPlugin END] Reloading Section: "end-reload/SlotAccessorRegistryImpl/" done in 87.70 μs
[20:15:50] [Server thread/TRACE] [REI] [REICommonPlugin END] Reloading Section: "end-reload/EntryTypeRegistryImpl/"
[20:15:50] [Server thread/TRACE] [REI] [REICommonPlugin END] Reloading Section: "end-reload/EntryTypeRegistryImpl/" done in 16.30 μs
[20:15:50] [Server thread/TRACE] [REI] [REICommonPlugin END] Reloading Section: "end-reload/EntrySettingsAdapterRegistryImpl/"
[20:15:50] [Server thread/TRACE] [REI] [REICommonPlugin END] Reloading Section: "end-reload/EntrySettingsAdapterRegistryImpl/" done in 15.10 μs
[20:15:50] [Server thread/TRACE] [REI] [REICommonPlugin END] Reloading Section: "end-reload/ItemComparatorRegistryImpl/"
[20:15:50] [Server thread/TRACE] [REI] [REICommonPlugin END] Reloading Section: "end-reload/ItemComparatorRegistryImpl/" done in 14.10 μs
[20:15:50] [Server thread/TRACE] [REI] [REICommonPlugin END] Reloading Section: "end-reload/FluidComparatorRegistryImpl/"
[20:15:50] [Server thread/TRACE] [REI] [REICommonPlugin END] Reloading Section: "end-reload/FluidComparatorRegistryImpl/" done in 14.20 μs
[20:15:50] [Server thread/TRACE] [REI] [REICommonPlugin END] Reloading Section: "end-reload/DisplaySerializerRegistryImpl/"
[20:15:50] [Server thread/TRACE] [REI] [REICommonPlugin END] Reloading Section: "end-reload/DisplaySerializerRegistryImpl/" done in 13.90 μs
[20:15:50] [Server thread/TRACE] [REI] [REICommonPlugin END] Reloading Section: "end-reload/ServerDisplayRegistryImpl/"
[20:15:50] [Server thread/DEBUG] [REI] Found preliminary 0 displays
[20:15:50] [Server thread/DEBUG] [REI] Filled 3265 displays from recipe manager in 74.78 ms
[20:15:50] [Server thread/TRACE] [REI] [REICommonPlugin END] Reloading Section: "end-reload/ServerDisplayRegistryImpl/" done in 75.01 ms
[20:15:50] [Server thread/TRACE] [REI] [REICommonPlugin END] Reloading Section: "end-reload/FluidSupportProviderImpl/"
[20:15:50] [Server thread/TRACE] [REI] [REICommonPlugin END] Reloading Section: "end-reload/FluidSupportProviderImpl/" done in 19.50 μs
[20:15:50] [Server thread/TRACE] [REI] [REICommonPlugin END] Reloading Section: "end-reload/" done in 75.60 ms
[20:15:50] [Server thread/DEBUG] [REI] ========================================
[20:15:50] [Server thread/DEBUG] [REI] REICommonPlugin ended main-reload for END in 86.98 ms.
[20:15:50] [Server thread/DEBUG] [REI] ========================================
[20:15:50] [Server thread/DEBUG] [REI] ========================================
[20:15:50] [Server thread/DEBUG] [REI] REICommonPlugin starting post-reload for END.
[20:15:50] [Server thread/DEBUG] [REI] Reloadables (8):
[20:15:50] [Server thread/DEBUG] [REI]  - SlotAccessorRegistryImpl
[20:15:50] [Server thread/DEBUG] [REI]  - EntryTypeRegistryImpl
[20:15:50] [Server thread/DEBUG] [REI]  - EntrySettingsAdapterRegistryImpl
[20:15:50] [Server thread/DEBUG] [REI]  - ItemComparatorRegistryImpl
[20:15:50] [Server thread/DEBUG] [REI]  - FluidComparatorRegistryImpl
[20:15:50] [Server thread/DEBUG] [REI]  - DisplaySerializerRegistryImpl
[20:15:50] [Server thread/DEBUG] [REI]  - ServerDisplayRegistryImpl
[20:15:50] [Server thread/DEBUG] [REI]  - FluidSupportProviderImpl
[20:15:50] [Server thread/DEBUG] [REI] Plugins (3):
[20:15:50] [Server thread/DEBUG] [REI]  - (-100.00) DefaultPlugin of DefaultPlugin [roughlyenoughitems]
[20:15:50] [Server thread/DEBUG] [REI]  - (0.00) FabricFluidAPISupportPlugin
[20:15:50] [Server thread/DEBUG] [REI]  - (0.00) DefaultRuntimePlugin of DefaultRuntimePlugin [roughlyenoughitems]
[20:15:50] [Server thread/DEBUG] [REI] ========================================
[20:15:50] [Server thread/TRACE] [REI] [REICommonPlugin END] Reloading Section: "post-register/"
[20:15:50] [Server thread/TRACE] [REI] [REICommonPlugin END] Reloading Section: "post-register/DefaultPlugin of DefaultPlugin [roughlyenoughitems]/"
[20:15:50] [Server thread/TRACE] [REI] [REICommonPlugin END] Reloading Section: "post-register/DefaultPlugin of DefaultPlugin [roughlyenoughitems]/" done in 24.70 μs
[20:15:50] [Server thread/TRACE] [REI] [REICommonPlugin END] Reloading Section: "post-register/FabricFluidAPISupportPlugin/"
[20:15:50] [Server thread/TRACE] [REI] [REICommonPlugin END] Reloading Section: "post-register/FabricFluidAPISupportPlugin/" done in 17.90 μs
[20:15:50] [Server thread/TRACE] [REI] [REICommonPlugin END] Reloading Section: "post-register/DefaultRuntimePlugin of DefaultRuntimePlugin [roughlyenoughitems]/"
[20:15:50] [Server thread/TRACE] [REI] [REICommonPlugin END] Reloading Section: "post-register/DefaultRuntimePlugin of DefaultRuntimePlugin [roughlyenoughitems]/" done in 17.10 μs
[20:15:50] [Server thread/TRACE] [REI] [REICommonPlugin END] Reloading Section: "post-register/" done in 223.5 μs
[20:15:50] [Server thread/TRACE] [REI] [REICommonPlugin END] Reloading Section: "post-stage/"
[20:15:50] [Server thread/TRACE] [REI] [REICommonPlugin END] Reloading Section: "post-stage/SlotAccessorRegistryImpl/"
[20:15:50] [Server thread/TRACE] [REI] [REICommonPlugin END] Reloading Section: "post-stage/SlotAccessorRegistryImpl/" done in 15.00 μs
[20:15:50] [Server thread/TRACE] [REI] [REICommonPlugin END] Reloading Section: "post-stage/EntryTypeRegistryImpl/"
[20:15:50] [Server thread/TRACE] [REI] [REICommonPlugin END] Reloading Section: "post-stage/EntryTypeRegistryImpl/" done in 14.30 μs
[20:15:50] [Server thread/TRACE] [REI] [REICommonPlugin END] Reloading Section: "post-stage/EntrySettingsAdapterRegistryImpl/"
[20:15:50] [Server thread/TRACE] [REI] [REICommonPlugin END] Reloading Section: "post-stage/EntrySettingsAdapterRegistryImpl/" done in 14.00 μs
[20:15:50] [Server thread/TRACE] [REI] [REICommonPlugin END] Reloading Section: "post-stage/ItemComparatorRegistryImpl/"
[20:15:50] [Server thread/TRACE] [REI] [REICommonPlugin END] Reloading Section: "post-stage/ItemComparatorRegistryImpl/" done in 14.20 μs
[20:15:50] [Server thread/TRACE] [REI] [REICommonPlugin END] Reloading Section: "post-stage/FluidComparatorRegistryImpl/"
[20:15:50] [Server thread/TRACE] [REI] [REICommonPlugin END] Reloading Section: "post-stage/FluidComparatorRegistryImpl/" done in 13.80 μs
[20:15:50] [Server thread/TRACE] [REI] [REICommonPlugin END] Reloading Section: "post-stage/DisplaySerializerRegistryImpl/"
[20:15:50] [Server thread/TRACE] [REI] [REICommonPlugin END] Reloading Section: "post-stage/DisplaySerializerRegistryImpl/" done in 14.20 μs
[20:15:50] [Server thread/TRACE] [REI] [REICommonPlugin END] Reloading Section: "post-stage/ServerDisplayRegistryImpl/"
[20:15:50] [Server thread/TRACE] [REI] [REICommonPlugin END] Reloading Section: "post-stage/ServerDisplayRegistryImpl/" done in 13.70 μs
[20:15:50] [Server thread/TRACE] [REI] [REICommonPlugin END] Reloading Section: "post-stage/FluidSupportProviderImpl/"
[20:15:50] [Server thread/TRACE] [REI] [REICommonPlugin END] Reloading Section: "post-stage/FluidSupportProviderImpl/" done in 13.70 μs
[20:15:50] [Server thread/TRACE] [REI] [REICommonPlugin END] Reloading Section: "post-stage/" done in 376.0 μs
[20:15:50] [Server thread/DEBUG] [REI] ========================================
[20:15:50] [Server thread/INFO] [REI] REICommonPlugin finished post-reload for END in 649.8 μs, totaling 88.50 ms.
[20:15:50] [Server thread/DEBUG] [REI] ========================================
